Component: ARM Compiler 5.06 update 7 (build 960) Tool: armlink [4d3601]

==============================================================================

Section Cross References

    system.o(i.DETECT_task) refers to system.o(i.detect_init) for detect_init
    system.o(i.DETECT_task) refers to tasks.o(i.vTaskDelay) for vTaskDelay
    system.o(i.DETECT_task) refers to system.o(.bss) for .bss
    system.o(i.WHEEL_STATE_Ctrl) refers to can_receive.o(.bss) for control_data
    system.o(i.WHEEL_STATE_Ctrl) refers to system.o(.data) for .data
    system.o(i.communicate_pin_state) refers to stm32f4xx_hal_gpio.o(i.HAL_GPIO_WritePin) for HAL_GPIO_WritePin
    system.o(i.communicate_pin_state) refers to system.o(.bss) for .bss
    system.o(i.communicate_pin_state) refers to system.o(.data) for .data
    system.o(i.communication_frame_rate_update) refers to system.o(.bss) for .bss
    system.o(i.detect_init) refers to system.o(.constdata) for .constdata
    system.o(i.detect_init) refers to system.o(.bss) for .bss
    system.o(i.get_control_mode) refers to system.o(i.com_data_reset) for com_data_reset
    system.o(i.get_control_mode) refers to system.o(.bss) for .bss
    system.o(i.get_control_mode) refers to system.o(.data) for .data
    system.o(i.get_control_mode) refers to can_receive.o(.bss) for control_data
    system.o(i.system_run) refers to system.o(i.get_control_mode) for get_control_mode
    system.o(i.system_run) refers to nautilus_vision.o(i.Tj_Send_Data) for Tj_Send_Data
    system.o(i.system_run) refers to system.o(i.communicate_pin_state) for communicate_pin_state
    system.o(i.system_run) refers to system.o(i.vision_reset) for vision_reset
    system.o(i.system_run) refers to tasks.o(i.vTaskDelay) for vTaskDelay
    system.o(i.system_run) refers to can_receive.o(.bss) for control_data
    system.o(i.system_run) refers to nautilus_vision.o(.bss) for TJ_Vision_Tx
    system.o(i.system_run) refers to nautilus_vision.o(.bss) for TJ_Vision_Rx
    system.o(i.toe_is_error) refers to system.o(.bss) for .bss
    motor.o(i.dm_pitch_start) refers to motor.o(i.pitch_Unable) for pitch_Unable
    motor.o(i.dm_pitch_start) refers to motor.o(i.pitch_Enable) for pitch_Enable
    motor.o(i.dm_pitch_start) refers to gimbal.o(.bss) for gimbal
    motor.o(i.dm_pitch_start) refers to can_receive.o(.bss) for pitch_motor
    motor.o(i.dm_pitch_start) refers to motor.o(.data) for .data
    motor.o(i.gimbal_error_send) refers to can_transmit.o(i.set_motor_current) for set_motor_current
    motor.o(i.gimbal_error_send) refers to cmsis_os.o(i.osDelay) for osDelay
    motor.o(i.gimbal_error_send) refers to can_transmit.o(i.dm_motor_Ctrl) for dm_motor_Ctrl
    motor.o(i.gimbal_error_send) refers to can_transmit.o(.data) for can2_1FF
    motor.o(i.gimbal_error_send) refers to can_transmit.o(.data) for dm_pitch
    motor.o(i.gimbal_normol_send) refers to can_transmit.o(i.set_motor_current) for set_motor_current
    motor.o(i.gimbal_normol_send) refers to cmsis_os.o(i.osDelay) for osDelay
    motor.o(i.gimbal_normol_send) refers to can_transmit.o(i.dm_motor_Ctrl) for dm_motor_Ctrl
    motor.o(i.gimbal_normol_send) refers to motor.o(.data) for .data
    motor.o(i.gimbal_normol_send) refers to can_receive.o(.bss) for yaw_motor
    motor.o(i.gimbal_normol_send) refers to can_transmit.o(.data) for can2_1FF
    motor.o(i.gimbal_normol_send) refers to can_transmit.o(.data) for dm_pitch
    motor.o(i.motor_Send) refers to motor.o(i.gimbal_normol_send) for gimbal_normol_send
    motor.o(i.motor_Send) refers to motor.o(i.shoot_normol_send) for shoot_normol_send
    motor.o(i.motor_Send) refers to cmsis_os.o(i.osDelay) for osDelay
    motor.o(i.motor_Send) refers to motor.o(i.small_to_big) for small_to_big
    motor.o(i.motor_Send) refers to can.o(.bss) for hcan1
    motor.o(i.motor_run) refers to tasks.o(i.vTaskDelay) for vTaskDelay
    motor.o(i.motor_run) refers to motor.o(i.dm_pitch_start) for dm_pitch_start
    motor.o(i.motor_run) refers to motor.o(i.motor_Send) for motor_Send
    motor.o(i.motor_run) refers to cmsis_os.o(i.osDelay) for osDelay
    motor.o(i.motor_run) refers to motor.o(.data) for .data
    motor.o(i.pitch_Enable) refers to can_transmit.o(i.dm_motor_START) for dm_motor_START
    motor.o(i.pitch_Enable) refers to tasks.o(i.vTaskDelay) for vTaskDelay
    motor.o(i.pitch_Enable) refers to can_transmit.o(.data) for dm_pitch
    motor.o(i.pitch_Unable) refers to can_transmit.o(i.dm_motor_STOP) for dm_motor_STOP
    motor.o(i.pitch_Unable) refers to tasks.o(i.vTaskDelay) for vTaskDelay
    motor.o(i.pitch_Unable) refers to can_transmit.o(.data) for dm_pitch
    motor.o(i.shoot_error_send) refers to can_transmit.o(i.set_motor_current) for set_motor_current
    motor.o(i.shoot_error_send) refers to can_transmit.o(.data) for can1_200
    motor.o(i.shoot_normol_send) refers to can_transmit.o(i.set_motor_current) for set_motor_current
    motor.o(i.shoot_normol_send) refers to can_receive.o(.bss) for trig_motor
[...]
    vTaskSwitchContext                       0x0800cd81   Thumb Code    82  tasks.o(i.vTaskSwitchContext)
    vision_reset                             0x0800cddd   Thumb Code     2  system.o(i.vision_reset)
    xPortStartScheduler                      0x0800cde1   Thumb Code   222  port.o(i.xPortStartScheduler)
    xTaskCreate                              0x0800ced5   Thumb Code    90  tasks.o(i.xTaskCreate)
    xTaskCreateStatic                        0x0800cf2f   Thumb Code    86  tasks.o(i.xTaskCreateStatic)
    xTaskIncrementTick                       0x0800cf85   Thumb Code   194  tasks.o(i.xTaskIncrementTick)
    xTaskResumeAll                           0x0800d051   Thumb Code   182  tasks.o(i.xTaskResumeAll)
    AHBPrescTable                            0x0800d228   Data          16  system_stm32f4xx.o(.constdata)
    APBPrescTable                            0x0800d238   Data           8  system_stm32f4xx.o(.constdata)
    IMU_QuaternionEKF_F                      0x0800d240   Data         144  quaternionekf.o(.constdata)
    xb                                       0x0800d2d0   Data          12  ins_task.o(.constdata)
    yb                                       0x0800d2dc   Data          12  ins_task.o(.constdata)
    zb                                       0x0800d2e8   Data          12  ins_task.o(.constdata)
    CRC8_table                               0x0800d300   Data         256  crc8_crc16.o(.constdata)
    wCRC_table                               0x0800d400   Data         512  crc8_crc16.o(.constdata)
    sinTable_f32                             0x0800d600   Data        2052  arm_common_tables.o(.constdata)
    Region$$Table$$Base                      0x0800de68   Number         0  anon$$obj.o(Region$$Table)
    Region$$Table$$Limit                     0x0800de88   Number         0  anon$$obj.o(Region$$Table)
    Wheel_State                              0x20000000   Data           1  system.o(.data)
    oooiii                                   0x20000004   Data           4  system.o(.data)
    ooooo                                    0x20000008   Data           4  system.o(.data)
    ppppp                                    0x2000000c   Data           4  system.o(.data)
    WHEEL_UP_TIME                            0x20000010   Data           4  system.o(.data)
    WHEEL_DOWN_TIME                          0x20000014   Data           4  system.o(.data)
    WHEEL_LAST                               0x20000018   Data           4  system.o(.data)
    pppppppp                                 0x2000001c   Data           4  system.o(.data)
    receive_data                             0x20000020   Data           4  system.o(.data)
    ttt                                      0x20000024   Data           4  motor.o(.data)
    jjjj                                     0x20000028   Data           4  motor.o(.data)
    pppp                                     0x2000002c   Data           4  motor.o(.data)
    gimbal_com                               0x20000030   Data           1  gimbal.o(.data)
    oioi                                     0x20000032   Data           2  gimbal.o(.data)
    get_yaw_diff                             0x20000034   Data           4  gimbal.o(.data)
    get_yaw_diff_ecd                         0x20000038   Data           4  gimbal.o(.data)
    yaw_motor_obj                            0x2000003c   Data           4  gimbal.o(.data)
    vision_count                             0x20000040   Data           4  gimbal.o(.data)
    lock_cnt                                 0x20000044   Data           4  gimbal.o(.data)
    yaw_fliter_set                           0x20000048   Data           4  gimbal.o(.data)
    okokol                                   0x2000004c   Data           4  gimbal.o(.data)
    tttt                                     0x20000050   Data           4  gimbal.o(.data)
    if_num_updata                            0x20000054   Data           1  shoot.o(.data)
    SpeedErr_cnt                             0x20000055   Data           1  shoot.o(.data)
    shoot_com                                0x20000056   Data           1  shoot.o(.data)
    fire_num                                 0x20000058   Data           4  shoot.o(.data)
    ioijij                                   0x2000005c   Data           4  shoot.o(.data)
    get_over_cnt                             0x20000060   Data           4  shoot.o(.data)
    over_speed                               0x20000064   Data           4  shoot.o(.data)
    trig_com                                 0x20000068   Data           1  trig.o(.data)
    react_time                               0x2000006a   Data           2  trig.o(.data)
    trig_ecd_set                             0x2000006c   Data           4  trig.o(.data)
    trig_speed_set                           0x20000070   Data           4  trig.o(.data)
    mmmmmmm                                  0x20000078   Data           4  trig.o(.data)
    pklkppl                                  0x2000007c   Data           4  trig.o(.data)
    lplpl                                    0x20000080   Data           4  trig.o(.data)
    kkkkk                                    0x20000084   Data           4  trig.o(.data)
    get_block_cnt                            0x20000088   Data           4  trig.o(.data)
    gugugu                                   0x2000008c   Data           4  trig.o(.data)
    fffggg                                   0x20000090   Data           4  trig.o(.data)
    ddddmmm                                  0x20000094   Data           4  trig.o(.data)
    bbbbbbb                                  0x20000098   Data           4  trig.o(.data)
    trig                                     0x2000009c   Data          24  trig.o(.data)
    uuuuu                                    0x200000b4   Data           1  nautilus_vision.o(.data)
    USBD_StatusTypeDef_t                     0x200000b5   Data           1  nautilus_vision.o(.data)
    Last_Vision_seq                          0x200000b6   Data           1  nautilus_vision.o(.data)
    bbbb                                     0x200000b8   Data           4  nautilus_vision.o(.data)
    nnnn                                     0x200000bc   Data           4  nautilus_vision.o(.data)
    defaultTaskHandle                        0x200000c0   Data           4  freertos.o(.data)
    system_taskHandle                        0x200000c4   Data           4  freertos.o(.data)
    INSTaskHandle                            0x200000c8   Data           4  freertos.o(.data)
    motor_taskHandle                         0x200000cc   Data           4  freertos.o(.data)
    gimbal_taskHandle                        0x200000d0   Data           4  freertos.o(.data)
    shoot_taskHandle                         0x200000d4   Data           4  freertos.o(.data)
    printHandle                              0x200000d8   Data           4  freertos.o(.data)
    trig_taskHandle                          0x200000dc   Data           4  freertos.o(.data)
    DETECTHandle                             0x200000e0   Data           4  freertos.o(.data)
    FS_Desc                                  0x200000e8   Data          28  usbd_desc.o(.data)
    USBD_LangIDDesc                          0x20000104   Data           4  usbd_desc.o(.data)
    USBD_FS_DeviceDesc                       0x20000108   Data          18  usbd_desc.o(.data)
    USBD_StringSerial                        0x2000011c   Data          26  usbd_desc.o(.data)
    USBD_Interface_fops_FS                   0x20000138   Data          20  usbd_cdc_if.o(.data)
    uwTickFreq                               0x2000014c   Data           1  stm32f4xx_hal.o(.data)
    uwTickPrio                               0x20000150   Data           4  stm32f4xx_hal.o(.data)
    uwTick                                   0x20000154   Data           4  stm32f4xx_hal.o(.data)
    SystemCoreClock                          0x20000158   Data           4  system_stm32f4xx.o(.data)
    pxCurrentTCB                             0x2000015c   Data           4  tasks.o(.data)
    USBD_CDC                                 0x2000021c   Data          56  usbd_cdc.o(.data)
    sizeof_float                             0x20000254   Data           2  kalman_filter.o(.data)
    sizeof_double                            0x20000256   Data           2  kalman_filter.o(.data)
    caliOffset                               0x2000026f   Data           1  bmi088driver.o(.data)
    caliCount                                0x20000270   Data           2  bmi088driver.o(.data)
    BMI088_ACCEL_SEN                         0x20000278   Data           4  bmi088driver.o(.data)
    BMI088_GYRO_SEN                          0x2000027c   Data           4  bmi088driver.o(.data)
    gNormDiff                                0x20000284   Data           4  bmi088driver.o(.data)
    BMI088_SPI                               0x200002b4   Data           4  bmi088middleware.o(.data)
    IMU_QuaternionEKF_P                      0x200002fc   Data         144  quaternionekf.o(.data)
    SysTime                                  0x200003c0   Data           8  bsp_dwt.o(.data)
    CYCCNT64                                 0x200003c8   Data           8  bsp_dwt.o(.data)
    lmlml                                    0x200003d0   Data           4  can_receive.o(.data)
    INS_DWT_Count                            0x200003d4   Data           4  ins_task.o(.data)
    RefTemp                                  0x200003e0   Data           4  ins_task.o(.data)
    can1_200                                 0x20000418   Data           8  can_transmit.o(.data)
    can2_1FF                                 0x20000420   Data           8  can_transmit.o(.data)
    dm_pitch                                 0x20000428   Data           8  can_transmit.o(.data)
    eeee                                     0x20000430   Data           1  can_transmit.o(.data)
    HAL_StatusTypeDef_t                      0x20000431   Data           1  can_transmit.o(.data)
    gggggg                                   0x20000434   Data           4  can_transmit.o(.data)
    rrrr                                     0x20000438   Data           4  vofa.o(.data)
    Vofa_data_2                              0x2000043c   Data          12  vofa.o(.data)
    Vofa_data_4                              0x20000448   Data          20  vofa.o(.data)
    Vofa_data_8                              0x2000045c   Data          36  vofa.o(.data)
    CRC16_INIT                               0x20000480   Data           2  crc8_crc16.o(.data)
    __microlib_freelist                      0x20000484   Data           4  mvars.o(.data)
    __microlib_freelist_initialised          0x20000488   Data           4  mvars.o(.data)
    toe_offline                              0x20000490   Data         192  system.o(.bss)
    gimbal_system                            0x20000550   Data          12  system.o(.bss)
    gimbal                                   0x2000055c   Data          84  gimbal.o(.bss)
    pid_yaw_position                         0x200005b0   Data          60  gimbal.o(.bss)
    pid_pitch_position                       0x200005ec   Data          60  gimbal.o(.bss)
    pid_yaw_speed                            0x20000628   Data          60  gimbal.o(.bss)
    pid_pitch_speed                          0x20000664   Data          60  gimbal.o(.bss)
    yaw_feedforward                          0x200006a0   Data          28  gimbal.o(.bss)
    pitch_feedforward                        0x200006bc   Data          28  gimbal.o(.bss)
    stander_shoot                            0x200006d8   Data          20  shoot.o(.bss)
    pid_shoot_speed                          0x200006ec   Data         120  shoot.o(.bss)
    pid_trig_sin_ecd                         0x20000764   Data          60  trig.o(.bss)
    pid_trig_sin_speed                       0x200007a0   Data          60  trig.o(.bss)
    pid_trig_con                             0x200007dc   Data          60  trig.o(.bss)
    Rx_Vision                                0x20000818   Data          36  nautilus_vision.o(.bss)
    vision_filter_yaw                        0x2000083c   Data          16  nautilus_vision.o(.bss)
    vision_filter_pitch                      0x2000084c   Data          16  nautilus_vision.o(.bss)
    pid_Vision_Pitch_angle                   0x2000085c   Data          60  nautilus_vision.o(.bss)
    pid_Vision_Pitch_speed                   0x20000898   Data          60  nautilus_vision.o(.bss)
    pid_Vision_Yaw_angle                     0x200008d4   Data          60  nautilus_vision.o(.bss)
    pid_Vision_Yaw_speed                     0x20000910   Data          60  nautilus_vision.o(.bss)
    pid_outpost_angle                        0x2000094c   Data          60  nautilus_vision.o(.bss)
    pid_outpost_speed                        0x20000988   Data          60  nautilus_vision.o(.bss)
    buff1                                    0x200009c4   Data          24  nautilus_vision.o(.bss)
    Tj_Tx_data                               0x200009dc   Data          43  nautilus_vision.o(.bss)
    TJ_Vision_Rx                             0x20000a08   Data          40  nautilus_vision.o(.bss)
    TJ_Vision_Tx                             0x20000a30   Data          44  nautilus_vision.o(.bss)
    hcan1                                    0x20000cb0   Data          40  can.o(.bss)
    hcan2                                    0x20000cd8   Data          40  can.o(.bss)
    hrtc                                     0x20000d00   Data          32  rtc.o(.bss)
    hspi1                                    0x20000d20   Data          88  spi.o(.bss)
    hdma_spi1_rx                             0x20000d78   Data          96  spi.o(.bss)
    hdma_spi1_tx                             0x20000dd8   Data          96  spi.o(.bss)
    htim1                                    0x20000e38   Data          72  tim.o(.bss)
    htim10                                   0x20000e80   Data          72  tim.o(.bss)
    huart1                                   0x20000ec8   Data          72  usart.o(.bss)
    huart3                                   0x20000f10   Data          72  usart.o(.bss)
    huart6                                   0x20000f58   Data          72  usart.o(.bss)
    hdma_usart1_rx                           0x20000fa0   Data          96  usart.o(.bss)
    hdma_usart1_tx                           0x20001000   Data          96  usart.o(.bss)
    hdma_usart3_rx                           0x20001060   Data          96  usart.o(.bss)
    hdma_usart6_tx                           0x200010c0   Data          96  usart.o(.bss)
    hdma_usart6_rx                           0x20001120   Data          96  usart.o(.bss)
    htim2                                    0x20001180   Data          72  stm32f4xx_hal_timebase_tim.o(.bss)
    hUsbDeviceFS                             0x200011c8   Data         732  usb_device.o(.bss)
    USBD_StrDesc                             0x200014a4   Data         512  usbd_desc.o(.bss)
    UserRxBufferFS                           0x200016a4   Data        2048  usbd_cdc_if.o(.bss)
    UserTxBufferFS                           0x20001ea4   Data        2048  usbd_cdc_if.o(.bss)
    hpcd_USB_OTG_FS                          0x200028c4   Data        1252  usbd_conf.o(.bss)
    gyroDiff                                 0x20008e98   Data          12  bmi088driver.o(.bss)
    BMI088                                   0x20008ea4   Data          52  bmi088driver.o(.bss)
    QEKF_INS                                 0x20008ed8   Data         480  quaternionekf.o(.bss)
    IMU_QuaternionEKF_K                      0x200090b8   Data          72  quaternionekf.o(.bss)
    IMU_QuaternionEKF_H                      0x20009100   Data          72  quaternionekf.o(.bss)
    can_filter_st                            0x20009148   Data          40  bsp_can.o(.bss)
    test_yaw                                 0x20009170   Data          48  kalman.o(.bss)
    test_pitch                               0x200091a0   Data          48  kalman.o(.bss)
    SuperCAP                                 0x200091d0   Data          32  can_receive.o(.bss)
    yaw_motor                                0x200091f0   Data          52  can_receive.o(.bss)
    shoot_motor                              0x20009224   Data         104  can_receive.o(.bss)
    pitch_motor                              0x2000928c   Data          40  can_receive.o(.bss)
    trig_motor                               0x200092b4   Data          52  can_receive.o(.bss)
    control_data                             0x200092e8   Data          28  can_receive.o(.bss)
    TempCtrl                                 0x20009304   Data         170  ins_task.o(.bss)
    INS                                      0x200093b0   Data         132  ins_task.o(.bss)
    IMU_Param                                0x20009434   Data          28  ins_task.o(.bss)
    __heap_base                              0x20009450   Data           0  startup_stm32f407xx.o(HEAP)
    __heap_limit                             0x2000b450   Data           0  startup_stm32f407xx.o(HEAP)
    __initial_sp                             0x2000d450   Data           0  startup_stm32f407xx.o(STACK)



==============================================================================

Memory Map of the image

  Image Entry point : 0x08000189

  Load Region LR_IROM1 (Base: 0x08000000, Size: 0x0000e318, Max: 0x00100000, ABSOLUTE, COMPRESSED[0x0000dfc0])

    Execution Region ER_IROM1 (Exec base: 0x08000000, Load base: 0x08000000, Size: 0x0000de88, Max: 0x00100000, ABSOLUTE)

    Exec Addr    Load Addr    Size         Type   Attr      Idx    E Section Name        Object

    0x08000000   0x08000000   0x00000188   Data   RO         1451    RESET               startup_stm32f407xx.o
    0x08000188   0x08000188   0x00000000   Code   RO        10769  * .ARM.Collect$$$$00000000  mc_w.l(entry.o)
    0x08000188   0x08000188   0x00000004   Code   RO        10886    .ARM.Collect$$$$00000001  mc_w.l(entry2.o)
    0x0800018c   0x0800018c   0x00000004   Code   RO        10889    .ARM.Collect$$$$00000004  mc_w.l(entry5.o)
    0x08000190   0x08000190   0x00000000   Code   RO        10891    .ARM.Collect$$$$00000008  mc_w.l(entry7b.o)
    0x08000190   0x08000190   0x00000000   Code   RO        10893    .ARM.Collect$$$$0000000A  mc_w.l(entry8b.o)
    0x08000190   0x08000190   0x00000008   Code   RO        10894    .ARM.Collect$$$$0000000B  mc_w.l(entry9a.o)
    0x08000198   0x08000198   0x00000004   Code   RO        10901    .ARM.Collect$$$$0000000E  mc_w.l(entry12b.o)
    0x0800019c   0x0800019c   0x00000000   Code   RO        10896    .ARM.Collect$$$$0000000F  mc_w.l(entry10a.o)
    0x0800019c   0x0800019c   0x00000000   Code   RO        10898    .ARM.Collect$$$$00000011  mc_w.l(entry11a.o)
    0x0800019c   0x0800019c   0x00000004   Code   RO        10887    .ARM.Collect$$$$00002712  mc_w.l(entry2.o)
    0x080001a0   0x080001a0   0x000000be   Code   RO         8037    .emb_text           port.o
    0x0800025e   0x0800025e   0x00000002   PAD
    0x08000260   0x08000260   0x00000024   Code   RO         1452    .text               startup_stm32f407xx.o
    0x08000284   0x08000284   0x00000078   Code   RO        10368    .text               arm_cortexM4lf_math.lib(arm_cos_f32.o)
    0x080002fc   0x080002fc   0x00000094   Code   RO        10418    .text               arm_cortexM4lf_math.lib(arm_sin_f32.o)
    0x08000390   0x08000390   0x00000108   Code   RO        10442    .text               arm_cortexM4lf_math.lib(arm_mat_add_f32.o)
    0x08000498   0x08000498   0x00000008   Code   RO        10466    .text               arm_cortexM4lf_math.lib(arm_mat_init_f32.o)
    0x080004a0   0x080004a0   0x00000530   Code   RO        10490    .text               arm_cortexM4lf_math.lib(arm_mat_inverse_f32.o)
    0x080009d0   0x080009d0   0x0000013c   Code   RO        10514    .text               arm_cortexM4lf_math.lib(arm_mat_mult_f32.o)
    0x08000b0c   0x08000b0c   0x00000108   Code   RO        10538    .text               arm_cortexM4lf_math.lib(arm_mat_sub_f32.o)
    0x08000c14   0x08000c14   0x00000114   Code   RO        10562    .text               arm_cortexM4lf_math.lib(arm_mat_trans_f32.o)
    0x08000d28   0x08000d28   0x00000062   Code   RO        10772    .text               mc_w.l(uldiv.o)
    0x08000d8a   0x08000d8a   0x00000024   Code   RO        10777    .text               mc_w.l(memcpya.o)
    0x08000dae   0x08000dae   0x00000024   Code   RO        10781    .text               mc_w.l(memseta.o)
    0x08000dd2   0x08000dd2   0x0000014e   Code   RO        10817    .text               mf_w.l(dadd.o)
    0x08000f20   0x08000f20   0x000000e4   Code   RO        10819    .text               mf_w.l(dmul.o)
    0x08001004   0x08001004   0x00000022   Code   RO        10825    .text               mf_w.l(dflti.o)
    0x08001026   0x08001026   0x00000026   Code   RO        10831    .text               mf_w.l(f2d.o)
    0x0800104c   0x0800104c   0x00000030   Code   RO        10833    .text               mf_w.l(cdcmple.o)
    0x0800107c   0x0800107c   0x00000038   Code   RO        10837    .text               mf_w.l(d2f.o)
    0x080010b4   0x080010b4   0x0000001e   Code   RO        10902    .text               mc_w.l(llshl.o)
    0x080010d2   0x080010d2   0x00000020   Code   RO        10904    .text               mc_w.l(llushr.o)
    0x080010f2   0x080010f2   0x00000024   Code   RO        10906    .text               mc_w.l(llsshr.o)
    0x08001116   0x08001116   0x00000000   Code   RO        10917    .text               mc_w.l(iusefp.o)
    0x08001116   0x08001116   0x0000006e   Code   RO        10918    .text               mf_w.l(fepilogue.o)
    0x08001184   0x08001184   0x000000ba   Code   RO        10920    .text               mf_w.l(depilogue.o)
    0x0800123e   0x0800123e   0x00000002   PAD
    0x08001240   0x08001240   0x00000024   Code   RO        10926    .text               mc_w.l(init.o)
    0x08001264   0x08001264   0x00000056   Code   RO        10936    .text               mc_w.l(__dczerorl2.o)
    0x080012ba   0x080012ba   0x00000002   PAD
    0x080012bc   0x080012bc   0x0000003c   Code   RO         9706    i.Absolute_angle_Solve  can_transmit.o
    0x080012f8   0x080012f8   0x00000010   Code   RO         8853    i.BMI088_ACCEL_NS_H  bmi088middleware.o
    0x08001308   0x08001308   0x00000010   Code   RO         8854    i.BMI088_ACCEL_NS_L  bmi088middleware.o
    0x08001318   0x08001318   0x00000010   Code   RO         8855    i.BMI088_GYRO_NS_H  bmi088middleware.o
    0x08001328   0x08001328   0x00000010   Code   RO         8856    i.BMI088_GYRO_NS_L  bmi088middleware.o
    0x08001338   0x08001338   0x000001ac   Code   RO         8772    i.BMI088_Read       bmi088driver.o
    0x080014e4   0x080014e4   0x00000080   Code   RO         8773    i.BMI088_init       bmi088driver.o
    0x08001564   0x08001564   0x00000024   Code   RO         8774    i.BMI088_read_muli_reg  bmi088driver.o
    0x08001588   0x08001588   0x00000016   Code   RO         8775    i.BMI088_read_single_reg  bmi088driver.o
    0x0800159e   0x0800159e   0x00000002   PAD
    0x080015a0   0x080015a0   0x00000024   Code   RO         8857    i.BMI088_read_write_byte  bmi088middleware.o
    0x080015c4   0x080015c4   0x00000012   Code   RO         8776    i.BMI088_write_single_reg  bmi088driver.o
    0x080015d6   0x080015d6   0x000000ea   Code   RO         9613    i.BodyFrameToEarthFrame  ins_task.o
    0x080016c0   0x080016c0   0x00000002   Code   RO         2140    i.BusFault_Handler  stm32f4xx_it.o
    0x080016c2   0x080016c2   0x00000002   PAD
    0x080016c4   0x080016c4   0x0000000c   Code   RO         2141    i.CAN1_RX0_IRQHandler  stm32f4xx_it.o
    0x080016d0   0x080016d0   0x0000000c   Code   RO         2142    i.CAN1_TX_IRQHandler  stm32f4xx_it.o
    0x080016dc   0x080016dc   0x0000000c   Code   RO         2143    i.CAN2_RX1_IRQHandler  stm32f4xx_it.o
    0x080016e8   0x080016e8   0x0000000c   Code   RO         2144    i.CAN2_TX_IRQHandler  stm32f4xx_it.o
    0x080016f4   0x080016f4   0x00000004   Code   RO         2497    i.CDC_Control_FS    usbd_cdc_if.o
    0x080016f8   0x080016f8   0x00000004   Code   RO         2498    i.CDC_DeInit_FS     usbd_cdc_if.o
    0x080016fc   0x080016fc   0x00000024   Code   RO         2499    i.CDC_Init_FS       usbd_cdc_if.o
    0x08001720   0x08001720   0x0000002c   Code   RO         2500    i.CDC_Receive_FS    usbd_cdc_if.o
    0x0800174c   0x0800174c   0x00000004   Code   RO         2501    i.CDC_TransmitCplt_FS  usbd_cdc_if.o
    0x08001750   0x08001750   0x0000002c   Code   RO         2502    i.CDC_Transmit_FS   usbd_cdc_if.o
    0x0800177c   0x0800177c   0x00000404   Code   RO         8777    i.Calibrate_MPU_Offset  bmi088driver.o
    0x08001b80   0x08001b80   0x00000050   Code   RO         1756    i.Communication_PIN_int  gpio.o
    0x08001bd0   0x08001bd0   0x00000048   Code   RO            4    i.DETECT_task       system.o
    0x08001c18   0x08001c18   0x0000000c   Code   RO         2145    i.DMA1_Stream1_IRQHandler  stm32f4xx_it.o
    0x08001c24   0x08001c24   0x0000000c   Code   RO         2146    i.DMA2_Stream1_IRQHandler  stm32f4xx_it.o
    0x08001c30   0x08001c30   0x0000000c   Code   RO         2147    i.DMA2_Stream5_IRQHandler  stm32f4xx_it.o
    0x08001c3c   0x08001c3c   0x0000000c   Code   RO         2148    i.DMA2_Stream6_IRQHandler  stm32f4xx_it.o
    0x08001c48   0x08001c48   0x0000000c   Code   RO         2149    i.DMA2_Stream7_IRQHandler  stm32f4xx_it.o
    0x08001c54   0x08001c54   0x00000028   Code   RO         3814    i.DMA_CalcBaseAndBitshift  stm32f4xx_hal_dma.o
    0x08001c7c   0x08001c7c   0x00000054   Code   RO         3815    i.DMA_CheckFifoParam  stm32f4xx_hal_dma.o
    0x08001cd0   0x08001cd0   0x00000028   Code   RO         3816    i.DMA_SetConfig     stm32f4xx_hal_dma.o
    0x08001cf8   0x08001cf8   0x00000028   Code   RO         9365    i.DWT_CNT_Update    bsp_dwt.o
    0x08001d20   0x08001d20   0x00000034   Code   RO         9366    i.DWT_Delay         bsp_dwt.o
    0x08001d54   0x08001d54   0x00000044   Code   RO         9367    i.DWT_GetDeltaT     bsp_dwt.o
    0x08001d98   0x08001d98   0x00000044   Code   RO         9370    i.DWT_GetTimeline_s  bsp_dwt.o
    0x08001ddc   0x08001ddc   0x00000048   Code   RO         9372    i.DWT_Init          bsp_dwt.o
    0x08001e24   0x08001e24   0x00000094   Code   RO         9373    i.DWT_SysTimeUpdate  bsp_dwt.o
    0x08001eb8   0x08001eb8   0x00000002   Code   RO         2150    i.DebugMon_Handler  stm32f4xx_it.o
    0x08001eba   0x08001eba   0x00000006   Code   RO         2151    i.EXTI0_IRQHandler  stm32f4xx_it.o
    0x08001ec0   0x08001ec0   0x00000006   Code   RO         2152    i.EXTI3_IRQHandler  stm32f4xx_it.o
    0x08001ec6   0x08001ec6   0x00000006   Code   RO         2153    i.EXTI4_IRQHandler  stm32f4xx_it.o
    0x08001ecc   0x08001ecc   0x00000006   Code   RO         2154    i.EXTI9_5_IRQHandler  stm32f4xx_it.o
    0x08001ed2   0x08001ed2   0x000000ea   Code   RO         9614    i.EarthFrameToBodyFrame  ins_task.o
    0x08001fbc   0x08001fbc   0x00000004   Code   RO         1459    i.Error_Handler     main.o
    0x08001fc0   0x08001fc0   0x00000024   Code   RO         4494    i.HAL_CAN_ActivateNotification  stm32f4xx_hal_can.o
    0x08001fe4   0x08001fe4   0x000000d0   Code   RO         4495    i.HAL_CAN_AddTxMessage  stm32f4xx_hal_can.o
    0x080020b4   0x080020b4   0x0000010c   Code   RO         4496    i.HAL_CAN_ConfigFilter  stm32f4xx_hal_can.o
    0x080021c0   0x080021c0   0x00000002   Code   RO         4499    i.HAL_CAN_ErrorCallback  stm32f4xx_hal_can.o
    0x080021c2   0x080021c2   0x000000f4   Code   RO         4502    i.HAL_CAN_GetRxMessage  stm32f4xx_hal_can.o
    0x080022b6   0x080022b6   0x000001fc   Code   RO         4506    i.HAL_CAN_IRQHandler  stm32f4xx_hal_can.o
    0x080024b2   0x080024b2   0x0000011a   Code   RO         4507    i.HAL_CAN_Init      stm32f4xx_hal_can.o
    0x080025cc   0x080025cc   0x0000011c   Code   RO         1864    i.HAL_CAN_MspInit   can.o
    0x080026e8   0x080026e8   0x00000002   Code   RO         4514    i.HAL_CAN_RxFifo0FullCallback  stm32f4xx_hal_can.o
    0x080026ea   0x080026ea   0x00000002   PAD
    0x080026ec   0x080026ec   0x0000008c   Code   RO         9525    i.HAL_CAN_RxFifo0MsgPendingCallback  can_receive.o
    0x08002778   0x08002778   0x00000002   Code   RO         4516    i.HAL_CAN_RxFifo1FullCallback  stm32f4xx_hal_can.o
    0x0800277a   0x0800277a   0x00000002   PAD
    0x0800277c   0x0800277c   0x00000050   Code   RO         9526    i.HAL_CAN_RxFifo1MsgPendingCallback  can_receive.o
    0x080027cc   0x080027cc   0x00000002   Code   RO         4518    i.HAL_CAN_SleepCallback  stm32f4xx_hal_can.o
    0x080027ce   0x080027ce   0x00000002   PAD
    0x080027d0   0x080027d0   0x00000058   Code   RO         4519    i.HAL_CAN_Start     stm32f4xx_hal_can.o
    0x08002828   0x08002828   0x00000002   Code   RO         4521    i.HAL_CAN_TxMailbox0AbortCallback  stm32f4xx_hal_can.o
    0x0800282a   0x0800282a   0x00000002   Code   RO         4522    i.HAL_CAN_TxMailbox0CompleteCallback  stm32f4xx_hal_can.o
    0x0800282c   0x0800282c   0x00000002   Code   RO         4523    i.HAL_CAN_TxMailbox1AbortCallback  stm32f4xx_hal_can.o
    0x0800282e   0x0800282e   0x00000002   Code   RO         4524    i.HAL_CAN_TxMailbox1CompleteCallback  stm32f4xx_hal_can.o
    0x08002830   0x08002830   0x00000002   Code   RO         4525    i.HAL_CAN_TxMailbox2AbortCallback  stm32f4xx_hal_can.o
    0x08002832   0x08002832   0x00000002   Code   RO         4526    i.HAL_CAN_TxMailbox2CompleteCallback  stm32f4xx_hal_can.o
    0x08002834   0x08002834   0x00000002   Code   RO         4528    i.HAL_CAN_WakeUpFromRxMsgCallback  stm32f4xx_hal_can.o
    0x08002836   0x08002836   0x00000092   Code   RO         3817    i.HAL_DMA_Abort     stm32f4xx_hal_dma.o
    0x080028c8   0x080028c8   0x00000024   Code   RO         3818    i.HAL_DMA_Abort_IT  stm32f4xx_hal_dma.o
    0x080028ec   0x080028ec   0x000001a0   Code   RO         3822    i.HAL_DMA_IRQHandler  stm32f4xx_hal_dma.o
    0x08002a8c   0x08002a8c   0x000000d4   Code   RO         3823    i.HAL_DMA_Init      stm32f4xx_hal_dma.o
    0x08002b60   0x08002b60   0x0000006e   Code   RO         3827    i.HAL_DMA_Start_IT  stm32f4xx_hal_dma.o
    0x08002bce   0x08002bce   0x00000002   PAD
    0x08002bd0   0x08002bd0   0x00000024   Code   RO         4242    i.HAL_Delay         stm32f4xx_hal.o
    0x08002bf4   0x08002bf4   0x00000002   Code   RO         3708    i.HAL_GPIO_EXTI_Callback  stm32f4xx_hal_gpio.o
    0x08002bf6   0x08002bf6   0x00000002   PAD
    0x08002bf8   0x08002bf8   0x00000018   Code   RO         3709    i.HAL_GPIO_EXTI_IRQHandler  stm32f4xx_hal_gpio.o
    0x08002c10   0x08002c10   0x000001f0   Code   RO         3710    i.HAL_GPIO_Init     stm32f4xx_hal_gpio.o
    0x08002e00   0x08002e00   0x0000000a   Code   RO         3714    i.HAL_GPIO_WritePin  stm32f4xx_hal_gpio.o
    0x08002e0a   0x08002e0a   0x00000002   PAD
    0x08002e0c   0x08002e0c   0x0000000c   Code   RO         4248    i.HAL_GetTick       stm32f4xx_hal.o
    0x08002e18   0x08002e18   0x00000010   Code   RO         4254    i.HAL_IncTick       stm32f4xx_hal.o
    0x08002e28   0x08002e28   0x00000034   Code   RO         4255    i.HAL_Init          stm32f4xx_hal.o
    0x08002e5c   0x08002e5c   0x00000098   Code   RO         2324    i.HAL_InitTick      stm32f4xx_hal_timebase_tim.o
    0x08002ef4   0x08002ef4   0x00000038   Code   RO         2300    i.HAL_MspInit       stm32f4xx_hal_msp.o
    0x08002f2c   0x08002f2c   0x0000001a   Code   RO         4100    i.HAL_NVIC_EnableIRQ  stm32f4xx_hal_cortex.o
    0x08002f46   0x08002f46   0x00000002   PAD
    0x08002f48   0x08002f48   0x00000040   Code   RO         4106    i.HAL_NVIC_SetPriority  stm32f4xx_hal_cortex.o
    0x08002f88   0x08002f88   0x00000024   Code   RO         4107    i.HAL_NVIC_SetPriorityGrouping  stm32f4xx_hal_cortex.o
    0x08002fac   0x08002fac   0x00000002   Code   RO         3009    i.HAL_PCDEx_LPM_Callback  stm32f4xx_hal_pcd_ex.o
    0x08002fae   0x08002fae   0x00000008   Code   RO         3010    i.HAL_PCDEx_SetRxFiFo  stm32f4xx_hal_pcd_ex.o
    0x08002fb6   0x08002fb6   0x00000044   Code   RO         3011    i.HAL_PCDEx_SetTxFiFo  stm32f4xx_hal_pcd_ex.o
    0x08002ffa   0x08002ffa   0x00000008   Code   RO         2563    i.HAL_PCD_ConnectCallback  usbd_conf.o
    0x08003002   0x08003002   0x00000012   Code   RO         2564    i.HAL_PCD_DataInStageCallback  usbd_conf.o
    0x08003014   0x08003014   0x00000014   Code   RO         2565    i.HAL_PCD_DataOutStageCallback  usbd_conf.o
    0x08003028   0x08003028   0x00000008   Code   RO         2566    i.HAL_PCD_DisconnectCallback  usbd_conf.o
    0x08003030   0x08003030   0x0000001e   Code   RO         2779    i.HAL_PCD_EP_Abort  stm32f4xx_hal_pcd.o
    0x0800304e   0x0800304e   0x0000004a   Code   RO         2780    i.HAL_PCD_EP_Close  stm32f4xx_hal_pcd.o
    0x08003098   0x08003098   0x0000005a   Code   RO         2781    i.HAL_PCD_EP_ClrStall  stm32f4xx_hal_pcd.o
    0x080030f2   0x080030f2   0x00000012   Code   RO         2783    i.HAL_PCD_EP_GetRxCount  stm32f4xx_hal_pcd.o
    0x08003104   0x08003104   0x0000005e   Code   RO         2784    i.HAL_PCD_EP_Open   stm32f4xx_hal_pcd.o
    0x08003162   0x08003162   0x00000038   Code   RO         2785    i.HAL_PCD_EP_Receive  stm32f4xx_hal_pcd.o
    0x0800319a   0x0800319a   0x00000072   Code   RO         2786    i.HAL_PCD_EP_SetStall  stm32f4xx_hal_pcd.o
    0x0800320c   0x0800320c   0x00000032   Code   RO         2787    i.HAL_PCD_EP_Transmit  stm32f4xx_hal_pcd.o
    0x0800323e   0x0800323e   0x00000002   PAD
    0x08003240   0x08003240   0x0000055c   Code   RO         2789    i.HAL_PCD_IRQHandler  stm32f4xx_hal_pcd.o
    0x0800379c   0x0800379c   0x00000008   Code   RO         2567    i.HAL_PCD_ISOINIncompleteCallback  usbd_conf.o
    0x080037a4   0x080037a4   0x00000008   Code   RO         2568    i.HAL_PCD_ISOOUTIncompleteCallback  usbd_conf.o
    0x080037ac   0x080037ac   0x000000cc   Code   RO         2792    i.HAL_PCD_Init      stm32f4xx_hal_pcd.o
    0x08003878   0x08003878   0x00000084   Code   RO         2570    i.HAL_PCD_MspInit   usbd_conf.o
    0x080038fc   0x080038fc   0x0000002c   Code   RO         2571    i.HAL_PCD_ResetCallback  usbd_conf.o
    0x08003928   0x08003928   0x00000008   Code   RO         2572    i.HAL_PCD_ResumeCallback  usbd_conf.o
    0x08003930   0x08003930   0x00000008   Code   RO         2573    i.HAL_PCD_SOFCallback  usbd_conf.o
    0x08003938   0x08003938   0x00000026   Code   RO         2798    i.HAL_PCD_SetAddress  stm32f4xx_hal_pcd.o
    0x0800395e   0x0800395e   0x0000000e   Code   RO         2574    i.HAL_PCD_SetupStageCallback  usbd_conf.o
    0x0800396c   0x0800396c   0x00000042   Code   RO         2801    i.HAL_PCD_Start     stm32f4xx_hal_pcd.o
    0x080039ae   0x080039ae   0x00000002   PAD
    0x080039b0   0x080039b0   0x00000030   Code   RO         2575    i.HAL_PCD_SuspendCallback  usbd_conf.o
    0x080039e0   0x080039e0   0x0000013c   Code   RO         3461    i.HAL_RCCEx_PeriphCLKConfig  stm32f4xx_hal_rcc_ex.o
    0x08003b1c   0x08003b1c   0x00000134   Code   RO         3356    i.HAL_RCC_ClockConfig  stm32f4xx_hal_rcc.o
    0x08003c50   0x08003c50   0x00000040   Code   RO         3360    i.HAL_RCC_GetClockConfig  stm32f4xx_hal_rcc.o
    0x08003c90   0x08003c90   0x0000000c   Code   RO         3361    i.HAL_RCC_GetHCLKFreq  stm32f4xx_hal_rcc.o
    0x08003c9c   0x08003c9c   0x00000020   Code   RO         3363    i.HAL_RCC_GetPCLK1Freq  stm32f4xx_hal_rcc.o
    0x08003cbc   0x08003cbc   0x00000020   Code   RO         3364    i.HAL_RCC_GetPCLK2Freq  stm32f4xx_hal_rcc.o
    0x08003cdc   0x08003cdc   0x00000064   Code   RO         3365    i.HAL_RCC_GetSysClockFreq  stm32f4xx_hal_rcc.o
    0x08003d40   0x08003d40   0x0000036c   Code   RO         3368    i.HAL_RCC_OscConfig  stm32f4xx_hal_rcc.o
    0x080040ac   0x080040ac   0x0000009c   Code   RO         4740    i.HAL_RTC_Init      stm32f4xx_hal_rtc.o
    0x08004148   0x08004148   0x0000003c   Code   RO         1937    i.HAL_RTC_MspInit   rtc.o
    0x08004184   0x08004184   0x00000038   Code   RO         4748    i.HAL_RTC_WaitForSynchro  stm32f4xx_hal_rtc.o
    0x080041bc   0x080041bc   0x000000bc   Code   RO         5138    i.HAL_SPI_Init      stm32f4xx_hal_spi.o
    0x08004278   0x08004278   0x000000fc   Code   RO         1979    i.HAL_SPI_MspInit   spi.o
    0x08004374   0x08004374   0x000001ee   Code   RO         5147    i.HAL_SPI_TransmitReceive  stm32f4xx_hal_spi.o
    0x08004562   0x08004562   0x00000002   Code   RO         6155    i.HAL_TIMEx_BreakCallback  stm32f4xx_hal_tim_ex.o
    0x08004564   0x08004564   0x00000002   Code   RO         6156    i.HAL_TIMEx_CommutCallback  stm32f4xx_hal_tim_ex.o
    0x08004566   0x08004566   0x00000054   Code   RO         6158    i.HAL_TIMEx_ConfigBreakDeadTime  stm32f4xx_hal_tim_ex.o
    0x080045ba   0x080045ba   0x00000002   PAD
    0x080045bc   0x080045bc   0x00000090   Code   RO         6174    i.HAL_TIMEx_MasterConfigSynchronization  stm32f4xx_hal_tim_ex.o
    0x0800464c   0x0800464c   0x0000005a   Code   RO         5451    i.HAL_TIM_Base_Init  stm32f4xx_hal_tim.o
    0x080046a6   0x080046a6   0x00000002   PAD
    0x080046a8   0x080046a8   0x00000028   Code   RO         2021    i.HAL_TIM_Base_MspInit  tim.o
    0x080046d0   0x080046d0   0x00000080   Code   RO         5456    i.HAL_TIM_Base_Start_IT  stm32f4xx_hal_tim.o
    0x08004750   0x08004750   0x00000002   Code   RO         5485    i.HAL_TIM_IC_CaptureCallback  stm32f4xx_hal_tim.o
    0x08004752   0x08004752   0x00000130   Code   RO         5499    i.HAL_TIM_IRQHandler  stm32f4xx_hal_tim.o
    0x08004882   0x08004882   0x00000002   PAD
    0x08004884   0x08004884   0x00000088   Code   RO         2022    i.HAL_TIM_MspPostInit  tim.o
    0x0800490c   0x0800490c   0x00000002   Code   RO         5502    i.HAL_TIM_OC_DelayElapsedCallback  stm32f4xx_hal_tim.o
    0x0800490e   0x0800490e   0x000000cc   Code   RO         5523    i.HAL_TIM_PWM_ConfigChannel  stm32f4xx_hal_tim.o
    0x080049da   0x080049da   0x0000005a   Code   RO         5526    i.HAL_TIM_PWM_Init  stm32f4xx_hal_tim.o
    0x08004a34   0x08004a34   0x00000028   Code   RO         2024    i.HAL_TIM_PWM_MspInit  tim.o
    0x08004a5c   0x08004a5c   0x00000002   Code   RO         5529    i.HAL_TIM_PWM_PulseFinishedCallback  stm32f4xx_hal_tim.o
    0x08004a5e   0x08004a5e   0x00000002   PAD
    0x08004a60   0x08004a60   0x000000c8   Code   RO         5531    i.HAL_TIM_PWM_Start  stm32f4xx_hal_tim.o
    0x08004b28   0x08004b28   0x0000000e   Code   RO         1460    i.HAL_TIM_PeriodElapsedCallback  main.o
    0x08004b36   0x08004b36   0x00000002   Code   RO         5542    i.HAL_TIM_TriggerCallback  stm32f4xx_hal_tim.o
    0x08004b38   0x08004b38   0x00000002   Code   RO         6434    i.HAL_UARTEx_RxEventCallback  stm32f4xx_hal_uart.o
    0x08004b3a   0x08004b3a   0x00000002   Code   RO         6448    i.HAL_UART_ErrorCallback  stm32f4xx_hal_uart.o
    0x08004b3c   0x08004b3c   0x00000270   Code   RO         6451    i.HAL_UART_IRQHandler  stm32f4xx_hal_uart.o
    0x08004dac   0x08004dac   0x00000064   Code   RO         6452    i.HAL_UART_Init     stm32f4xx_hal_uart.o
    0x08004e10   0x08004e10   0x00000254   Code   RO         2087    i.HAL_UART_MspInit  usart.o
    0x08005064   0x08005064   0x00000002   Code   RO         6458    i.HAL_UART_RxCpltCallback  stm32f4xx_hal_uart.o
    0x08005066   0x08005066   0x00000002   PAD
    0x08005068   0x08005068   0x00000078   Code   RO         6461    i.HAL_UART_Transmit_DMA  stm32f4xx_hal_uart.o
    0x080050e0   0x080050e0   0x00000002   Code   RO         6463    i.HAL_UART_TxCpltCallback  stm32f4xx_hal_uart.o
    0x080050e2   0x080050e2   0x00000002   Code   RO         6464    i.HAL_UART_TxHalfCpltCallback  stm32f4xx_hal_uart.o
    0x080050e4   0x080050e4   0x000000fc   Code   RO         8515    i.H_K_R_Adjustment  kalman_filter.o
    0x080051e0   0x080051e0   0x00000002   Code   RO         2155    i.HardFault_Handler  stm32f4xx_it.o
    0x080051e2   0x080051e2   0x00000002   PAD
    0x080051e4   0x080051e4   0x00000244   Code   RO         9616    i.IMU_Param_Correction  ins_task.o
    0x08005428   0x08005428   0x00000158   Code   RO         9052    i.IMU_QuaternionEKF_F_Linearization_P_Fading  quaternionekf.o
    0x08005580   0x08005580   0x000000dc   Code   RO         9053    i.IMU_QuaternionEKF_Init  quaternionekf.o
    0x0800565c   0x0800565c   0x00000034   Code   RO         9054    i.IMU_QuaternionEKF_Observe  quaternionekf.o
    0x08005690   0x08005690   0x000000c4   Code   RO         9055    i.IMU_QuaternionEKF_SetH  quaternionekf.o
    0x08005754   0x08005754   0x00000414   Code   RO         9056    i.IMU_QuaternionEKF_Update  quaternionekf.o
    0x08005b68   0x08005b68   0x000003b8   Code   RO         9057    i.IMU_QuaternionEKF_xhatUpdate  quaternionekf.o
    0x08005f20   0x08005f20   0x00000060   Code   RO         9617    i.IMU_Temperature_Ctrl  ins_task.o
    0x08005f80   0x08005f80   0x000000b8   Code   RO         9618    i.INS_Init          ins_task.o
    0x08006038   0x08006038   0x000001b4   Code   RO         9619    i.INS_Task          ins_task.o
    0x080061ec   0x080061ec   0x00000038   Code   RO         2411    i.IntToUnicode      usbd_desc.o
    0x08006224   0x08006224   0x00000030   Code   RO         9337    i.KalmanCreate      kalman.o
    0x08006254   0x08006254   0x000003e8   Code   RO         8516    i.Kalman_Filter_Init  kalman_filter.o
    0x0800663c   0x0800663c   0x00000048   Code   RO         8517    i.Kalman_Filter_Measure  kalman_filter.o
    0x08006684   0x08006684   0x0000006a   Code   RO         8518    i.Kalman_Filter_P_Update  kalman_filter.o
    0x080066ee   0x080066ee   0x0000006c   Code   RO         8519    i.Kalman_Filter_PminusUpdate  kalman_filter.o
    0x0800675a   0x0800675a   0x000000cc   Code   RO         8520    i.Kalman_Filter_SetK  kalman_filter.o
    0x08006826   0x08006826   0x00000002   PAD
    0x08006828   0x08006828   0x000000e8   Code   RO         8521    i.Kalman_Filter_Update  kalman_filter.o
    0x08006910   0x08006910   0x00000074   Code   RO         8522    i.Kalman_Filter_xhatMinusUpdate  kalman_filter.o
    0x08006984   0x08006984   0x00000084   Code   RO         8523    i.Kalman_Filter_xhatUpdate  kalman_filter.o
    0x08006a08   0x08006a08   0x00000044   Code   RO         1865    i.MX_CAN1_Init      can.o
    0x08006a4c   0x08006a4c   0x00000044   Code   RO         1866    i.MX_CAN2_Init      can.o
    0x08006a90   0x08006a90   0x0000009c   Code   RO         1912    i.MX_DMA_Init       dma.o
    0x08006b2c   0x08006b2c   0x000000d8   Code   RO         1792    i.MX_FREERTOS_Init  freertos.o
    0x08006c04   0x08006c04   0x00000190   Code   RO         1757    i.MX_GPIO_Init      gpio.o
    0x08006d94   0x08006d94   0x00000038   Code   RO         1938    i.MX_RTC_Init       rtc.o
    0x08006dcc   0x08006dcc   0x00000048   Code   RO         1980    i.MX_SPI1_Init      spi.o
    0x08006e14   0x08006e14   0x00000064   Code   RO         2025    i.MX_TIM10_Init     tim.o
    0x08006e78   0x08006e78   0x000000b4   Code   RO         2026    i.MX_TIM1_Init      tim.o
    0x08006f2c   0x08006f2c   0x00000038   Code   RO         2088    i.MX_USART1_UART_Init  usart.o
    0x08006f64   0x08006f64   0x00000040   Code   RO         2089    i.MX_USART3_UART_Init  usart.o
    0x08006fa4   0x08006fa4   0x00000038   Code   RO         2090    i.MX_USART6_UART_Init  usart.o
    0x08006fdc   0x08006fdc   0x00000054   Code   RO         2363    i.MX_USB_DEVICE_Init  usb_device.o
    0x08007030   0x08007030   0x00000002   Code   RO         2156    i.MemManage_Handler  stm32f4xx_it.o
    0x08007032   0x08007032   0x00000002   Code   RO         2157    i.NMI_Handler       stm32f4xx_it.o
    0x08007034   0x08007034   0x000001f4   Code   RO         8598    i.OLS_Derivative    user_lib.o
    0x08007228   0x08007228   0x00000042   Code   RO         8599    i.OLS_Init          user_lib.o
    0x0800726a   0x0800726a   0x00000002   PAD
    0x0800726c   0x0800726c   0x0000000c   Code   RO         2158    i.OTG_FS_IRQHandler  stm32f4xx_it.o
    0x08007278   0x08007278   0x000000cc   Code   RO         2805    i.PCD_EP_OutXfrComplete_int  stm32f4xx_hal_pcd.o
    0x08007344   0x08007344   0x000000a2   Code   RO         2806    i.PCD_WriteEmptyTxFifo  stm32f4xx_hal_pcd.o
    0x080073e6   0x080073e6   0x00000002   PAD
    0x080073e8   0x080073e8   0x0000044c   Code   RO         8953    i.PID_Calculate     controller.o
    0x08007834   0x08007834   0x0000006e   Code   RO         8954    i.PID_Init          controller.o
    0x080078a2   0x080078a2   0x00000002   PAD
    0x080078a4   0x080078a4   0x00000048   Code   RO         4751    i.RTC_EnterInitMode  stm32f4xx_hal_rtc.o
    0x080078ec   0x080078ec   0x0000002a   Code   RO         4752    i.RTC_ExitInitMode  stm32f4xx_hal_rtc.o
    0x08007916   0x08007916   0x00000002   PAD
    0x08007918   0x08007918   0x0000006c   Code   RO         5176    i.SPI_EndRxTxTransaction  stm32f4xx_hal_spi.o
    0x08007984   0x08007984   0x000000b8   Code   RO         5181    i.SPI_WaitFlagStateUntilTimeout  stm32f4xx_hal_spi.o
    0x08007a3c   0x08007a3c   0x0000000a   Code   RO         8276    i.SWAPBYTE          usbd_ctlreq.o
    0x08007a46   0x08007a46   0x00000002   PAD
    0x08007a48   0x08007a48   0x00000068   Code   RO          788    i.SpeedAdapt        shoot.o
    0x08007ab0   0x08007ab0   0x00000008   Code   RO         1793    i.StartDefaultTask  freertos.o
    0x08007ab8   0x08007ab8   0x00000010   Code   RO         9622    i.StartINSTask      ins_task.o
    0x08007ac8   0x08007ac8   0x00000050   Code   RO         1758    i.Start_PIN_int     gpio.o
    0x08007b18   0x08007b18   0x0000002c   Code   RO         8038    i.SysTick_Handler   port.o
    0x08007b44   0x08007b44   0x00000094   Code   RO         1461    i.SystemClock_Config  main.o
    0x08007bd8   0x08007bd8   0x00000010   Code   RO         6786    i.SystemInit        system_stm32f4xx.o
    0x08007be8   0x08007be8   0x0000000c   Code   RO         2159    i.TIM2_IRQHandler   stm32f4xx_it.o
    0x08007bf4   0x08007bf4   0x000000d8   Code   RO         5544    i.TIM_Base_SetConfig  stm32f4xx_hal_tim.o
    0x08007ccc   0x08007ccc   0x0000001a   Code   RO         5545    i.TIM_CCxChannelCmd  stm32f4xx_hal_tim.o
    0x08007ce6   0x08007ce6   0x00000002   PAD
    0x08007ce8   0x08007ce8   0x00000060   Code   RO         5557    i.TIM_OC1_SetConfig  stm32f4xx_hal_tim.o
    0x08007d48   0x08007d48   0x0000006c   Code   RO         5558    i.TIM_OC2_SetConfig  stm32f4xx_hal_tim.o
    0x08007db4   0x08007db4   0x00000068   Code   RO         5559    i.TIM_OC3_SetConfig  stm32f4xx_hal_tim.o
    0x08007e1c   0x08007e1c   0x00000050   Code   RO         5560    i.TIM_OC4_SetConfig  stm32f4xx_hal_tim.o
    0x08007e6c   0x08007e6c   0x0000002a   Code   RO         9442    i.TIM_Set_PWM       bsp_pwm.o
    0x08007e96   0x08007e96   0x00000002   PAD
    0x08007e98   0x08007e98   0x00000098   Code   RO         1318    i.TJ_Tx_Handle      nautilus_vision.o
    0x08007f30   0x08007f30   0x00000090   Code   RO          789    i.Temp_Fix_30S      shoot.o
    0x08007fc0   0x08007fc0   0x000000f4   Code   RO         1319    i.Tj_Receive_Data   nautilus_vision.o
    0x080080b4   0x080080b4   0x00000060   Code   RO         1320    i.Tj_Send_Data      nautilus_vision.o
    0x08008114   0x08008114   0x00000010   Code   RO         6465    i.UART_DMAAbortOnError  stm32f4xx_hal_uart.o
    0x08008124   0x08008124   0x0000004a   Code   RO         6466    i.UART_DMAError     stm32f4xx_hal_uart.o
    0x0800816e   0x0800816e   0x00000042   Code   RO         6471    i.UART_DMATransmitCplt  stm32f4xx_hal_uart.o
    0x080081b0   0x080081b0   0x0000000a   Code   RO         6473    i.UART_DMATxHalfCplt  stm32f4xx_hal_uart.o
    0x080081ba   0x080081ba   0x0000004e   Code   RO         6475    i.UART_EndRxTransfer  stm32f4xx_hal_uart.o
    0x08008208   0x08008208   0x0000001c   Code   RO         6476    i.UART_EndTxTransfer  stm32f4xx_hal_uart.o
    0x08008224   0x08008224   0x000000c2   Code   RO         6477    i.UART_Receive_IT   stm32f4xx_hal_uart.o
    0x080082e6   0x080082e6   0x00000002   PAD
    0x080082e8   0x080082e8   0x0000010c   Code   RO         6478    i.UART_SetConfig    stm32f4xx_hal_uart.o
    0x080083f4   0x080083f4   0x0000000c   Code   RO         2160    i.USART1_IRQHandler  stm32f4xx_it.o
    0x08008400   0x08008400   0x0000000c   Code   RO         2161    i.USART6_IRQHandler  stm32f4xx_it.o
    0x0800840c   0x0800840c   0x00000076   Code   RO         8409    i.USBD_CDC_DataIn   usbd_cdc.o
    0x08008482   0x08008482   0x0000003c   Code   RO         8410    i.USBD_CDC_DataOut  usbd_cdc.o
    0x080084be   0x080084be   0x00000002   PAD
    0x080084c0   0x080084c0   0x00000090   Code   RO         8411    i.USBD_CDC_DeInit   usbd_cdc.o
    0x08008550   0x08008550   0x00000036   Code   RO         8412    i.USBD_CDC_EP0_RxReady  usbd_cdc.o
    0x08008586   0x08008586   0x00000002   PAD
    0x08008588   0x08008588   0x0000000c   Code   RO         8413    i.USBD_CDC_GetDeviceQualifierDescriptor  usbd_cdc.o
    0x08008594   0x08008594   0x0000003c   Code   RO         8414    i.USBD_CDC_GetFSCfgDesc  usbd_cdc.o
    0x080085d0   0x080085d0   0x00000040   Code   RO         8415    i.USBD_CDC_GetHSCfgDesc  usbd_cdc.o
    0x08008610   0x08008610   0x0000003c   Code   RO         8416    i.USBD_CDC_GetOtherSpeedCfgDesc  usbd_cdc.o
    0x0800864c   0x0800864c   0x00000118   Code   RO         8417    i.USBD_CDC_Init     usbd_cdc.o
    0x08008764   0x08008764   0x00000038   Code   RO         8418    i.USBD_CDC_ReceivePacket  usbd_cdc.o
    0x0800879c   0x0800879c   0x00000016   Code   RO         8419    i.USBD_CDC_RegisterInterface  usbd_cdc.o
    0x080087b2   0x080087b2   0x0000001a   Code   RO         8420    i.USBD_CDC_SetRxBuffer  usbd_cdc.o
    0x080087cc   0x080087cc   0x0000001e   Code   RO         8421    i.USBD_CDC_SetTxBuffer  usbd_cdc.o
    0x080087ea   0x080087ea   0x000000d4   Code   RO         8422    i.USBD_CDC_Setup    usbd_cdc.o
    0x080088be   0x080088be   0x00000002   PAD
    0x080088c0   0x080088c0   0x00000050   Code   RO         8423    i.USBD_CDC_TransmitPacket  usbd_cdc.o
    0x08008910   0x08008910   0x00000014   Code   RO         8117    i.USBD_ClrClassConfig  usbd_core.o
    0x08008924   0x08008924   0x00000004   Code   RO         8118    i.USBD_CoreFindEP   usbd_core.o
    0x08008928   0x08008928   0x00000004   Code   RO         8119    i.USBD_CoreFindIF   usbd_core.o
    0x0800892c   0x0800892c   0x00000010   Code   RO         8349    i.USBD_CtlContinueRx  usbd_ioreq.o
    0x0800893c   0x0800893c   0x00000010   Code   RO         8350    i.USBD_CtlContinueSendData  usbd_ioreq.o
    0x0800894c   0x0800894c   0x00000016   Code   RO         8277    i.USBD_CtlError     usbd_ctlreq.o
    0x08008962   0x08008962   0x0000001e   Code   RO         8351    i.USBD_CtlPrepareRx  usbd_ioreq.o
    0x08008980   0x08008980   0x00000016   Code   RO         8352    i.USBD_CtlReceiveStatus  usbd_ioreq.o
    0x08008996   0x08008996   0x0000001a   Code   RO         8353    i.USBD_CtlSendData  usbd_ioreq.o
    0x080089b0   0x080089b0   0x00000016   Code   RO         8354    i.USBD_CtlSendStatus  usbd_ioreq.o
    0x080089c6   0x080089c6   0x00000002   PAD
    0x080089c8   0x080089c8   0x00000020   Code   RO         2412    i.USBD_FS_ConfigStrDescriptor  usbd_desc.o
    0x080089e8   0x080089e8   0x0000000c   Code   RO         2413    i.USBD_FS_DeviceDescriptor  usbd_desc.o
    0x080089f4   0x080089f4   0x00000024   Code   RO         2414    i.USBD_FS_InterfaceStrDescriptor  usbd_desc.o
    0x08008a18   0x08008a18   0x0000000c   Code   RO         2415    i.USBD_FS_LangIDStrDescriptor  usbd_desc.o
    0x08008a24   0x08008a24   0x00000028   Code   RO         2416    i.USBD_FS_ManufacturerStrDescriptor  usbd_desc.o
    0x08008a4c   0x08008a4c   0x0000002c   Code   RO         2417    i.USBD_FS_ProductStrDescriptor  usbd_desc.o
    0x08008a78   0x08008a78   0x00000038   Code   RO         2418    i.USBD_FS_SerialStrDescriptor  usbd_desc.o
    0x08008ab0   0x08008ab0   0x000000e6   Code   RO         8278    i.USBD_GetDescriptor  usbd_ctlreq.o
    0x08008b96   0x08008b96   0x0000003a   Code   RO         8121    i.USBD_GetEpDesc    usbd_core.o
    0x08008bd0   0x08008bd0   0x0000000e   Code   RO         8122    i.USBD_GetNextDesc  usbd_core.o
    0x08008bde   0x08008bde   0x00000048   Code   RO         8279    i.USBD_GetString    usbd_ctlreq.o
    0x08008c26   0x08008c26   0x00000018   Code   RO         2576    i.USBD_Get_USB_Status  usbd_conf.o
    0x08008c3e   0x08008c3e   0x00000026   Code   RO         8123    i.USBD_Init         usbd_core.o
    0x08008c64   0x08008c64   0x00000012   Code   RO         2577    i.USBD_LL_ClearStallEP  usbd_conf.o
    0x08008c76   0x08008c76   0x00000012   Code   RO         2578    i.USBD_LL_CloseEP   usbd_conf.o
    0x08008c88   0x08008c88   0x000000b6   Code   RO         8124    i.USBD_LL_DataInStage  usbd_core.o
    0x08008d3e   0x08008d3e   0x0000008e   Code   RO         8125    i.USBD_LL_DataOutStage  usbd_core.o
    0x08008dcc   0x08008dcc   0x00000004   Code   RO         8126    i.USBD_LL_DevConnected  usbd_core.o
    0x08008dd0   0x08008dd0   0x0000001e   Code   RO         8127    i.USBD_LL_DevDisconnected  usbd_core.o
    0x08008dee   0x08008dee   0x00000008   Code   RO         2582    i.USBD_LL_GetRxDataSize  usbd_conf.o
    0x08008df6   0x08008df6   0x00000002   PAD
    0x08008df8   0x08008df8   0x00000060   Code   RO         2583    i.USBD_LL_Init      usbd_conf.o
    0x08008e58   0x08008e58   0x0000001e   Code   RO         2584    i.USBD_LL_IsStallEP  usbd_conf.o
    0x08008e76   0x08008e76   0x00000028   Code   RO         8128    i.USBD_LL_IsoINIncomplete  usbd_core.o
    0x08008e9e   0x08008e9e   0x00000028   Code   RO         8129    i.USBD_LL_IsoOUTIncomplete  usbd_core.o
    0x08008ec6   0x08008ec6   0x00000018   Code   RO         2585    i.USBD_LL_OpenEP    usbd_conf.o
    0x08008ede   0x08008ede   0x00000012   Code   RO         2586    i.USBD_LL_PrepareReceive  usbd_conf.o
    0x08008ef0   0x08008ef0   0x0000005c   Code   RO         8130    i.USBD_LL_Reset     usbd_core.o
    0x08008f4c   0x08008f4c   0x00000014   Code   RO         8131    i.USBD_LL_Resume    usbd_core.o
    0x08008f60   0x08008f60   0x0000001a   Code   RO         8132    i.USBD_LL_SOF       usbd_core.o
    0x08008f7a   0x08008f7a   0x00000006   Code   RO         8133    i.USBD_LL_SetSpeed  usbd_core.o
    0x08008f80   0x08008f80   0x00000012   Code   RO         2587    i.USBD_LL_SetUSBAddress  usbd_conf.o
    0x08008f92   0x08008f92   0x00000060   Code   RO         8134    i.USBD_LL_SetupStage  usbd_core.o
    0x08008ff2   0x08008ff2   0x00000012   Code   RO         2588    i.USBD_LL_StallEP   usbd_conf.o
    0x08009004   0x08009004   0x00000012   Code   RO         2589    i.USBD_LL_Start     usbd_conf.o
    0x08009016   0x08009016   0x0000001a   Code   RO         8135    i.USBD_LL_Suspend   usbd_core.o
    0x08009030   0x08009030   0x00000012   Code   RO         2591    i.USBD_LL_Transmit  usbd_conf.o
    0x08009042   0x08009042   0x0000002c   Code   RO         8280    i.USBD_ParseSetupRequest  usbd_ctlreq.o
    0x0800906e   0x0800906e   0x0000003a   Code   RO         8136    i.USBD_RegisterClass  usbd_core.o
    0x080090a8   0x080090a8   0x00000014   Code   RO         8138    i.USBD_SetClassConfig  usbd_core.o
    0x080090bc   0x080090bc   0x000000b8   Code   RO         8281    i.USBD_SetConfig    usbd_ctlreq.o
    0x08009174   0x08009174   0x00000004   Code   RO         8139    i.USBD_Start        usbd_core.o
    0x08009178   0x08009178   0x0000012c   Code   RO         8282    i.USBD_StdDevReq    usbd_ctlreq.o
    0x080092a4   0x080092a4   0x00000160   Code   RO         8283    i.USBD_StdEPReq     usbd_ctlreq.o
    0x08009404   0x08009404   0x00000072   Code   RO         8284    i.USBD_StdItfReq    usbd_ctlreq.o
    0x08009476   0x08009476   0x00000002   Code   RO         2592    i.USBD_static_free  usbd_conf.o
    0x08009478   0x08009478   0x00000008   Code   RO         2593    i.USBD_static_malloc  usbd_conf.o
    0x08009480   0x08009480   0x00000080   Code   RO         3051    i.USB_ActivateEndpoint  stm32f4xx_ll_usb.o
    0x08009500   0x08009500   0x0000001c   Code   RO         3053    i.USB_ActivateSetup  stm32f4xx_ll_usb.o
    0x0800951c   0x0800951c   0x00000084   Code   RO         3055    i.USB_CoreInit      stm32f4xx_ll_usb.o
    0x080095a0   0x080095a0   0x0000003c   Code   RO         3056    i.USB_CoreReset     stm32f4xx_ll_usb.o
    0x080095dc   0x080095dc   0x000000cc   Code   RO         3059    i.USB_DeactivateEndpoint  stm32f4xx_ll_usb.o
    0x080096a8   0x080096a8   0x0000001c   Code   RO         3060    i.USB_DevConnect    stm32f4xx_ll_usb.o
    0x080096c4   0x080096c4   0x0000001c   Code   RO         3061    i.USB_DevDisconnect  stm32f4xx_ll_usb.o
    0x080096e0   0x080096e0   0x0000017c   Code   RO         3062    i.USB_DevInit       stm32f4xx_ll_usb.o
    0x0800985c   0x0800985c   0x0000000c   Code   RO         3063    i.USB_DisableGlobalInt  stm32f4xx_ll_usb.o
    0x08009868   0x08009868   0x00000058   Code   RO         3066    i.USB_EP0_OutStart  stm32f4xx_ll_usb.o
    0x080098c0   0x080098c0   0x00000058   Code   RO         3067    i.USB_EPClearStall  stm32f4xx_ll_usb.o
    0x08009918   0x08009918   0x00000058   Code   RO         3068    i.USB_EPSetStall    stm32f4xx_ll_usb.o
    0x08009970   0x08009970   0x00000230   Code   RO         3069    i.USB_EPStartXfer   stm32f4xx_ll_usb.o
    0x08009ba0   0x08009ba0   0x0000009e   Code   RO         3070    i.USB_EPStopXfer    stm32f4xx_ll_usb.o
    0x08009c3e   0x08009c3e   0x0000000c   Code   RO         3071    i.USB_EnableGlobalInt  stm32f4xx_ll_usb.o
    0x08009c4a   0x08009c4a   0x00000038   Code   RO         3072    i.USB_FlushRxFifo   stm32f4xx_ll_usb.o
    0x08009c82   0x08009c82   0x0000003c   Code   RO         3073    i.USB_FlushTxFifo   stm32f4xx_ll_usb.o
    0x08009cbe   0x08009cbe   0x0000001a   Code   RO         3075    i.USB_GetDevSpeed   stm32f4xx_ll_usb.o
    0x08009cd8   0x08009cd8   0x00000008   Code   RO         3077    i.USB_GetMode       stm32f4xx_ll_usb.o
    0x08009ce0   0x08009ce0   0x0000000e   Code   RO         3085    i.USB_ReadDevAllInEpInterrupt  stm32f4xx_ll_usb.o
    0x08009cee   0x08009cee   0x0000000e   Code   RO         3086    i.USB_ReadDevAllOutEpInterrupt  stm32f4xx_ll_usb.o
    0x08009cfc   0x08009cfc   0x00000024   Code   RO         3087    i.USB_ReadDevInEPInterrupt  stm32f4xx_ll_usb.o
    0x08009d20   0x08009d20   0x00000010   Code   RO         3088    i.USB_ReadDevOutEPInterrupt  stm32f4xx_ll_usb.o
    0x08009d30   0x08009d30   0x00000008   Code   RO         3089    i.USB_ReadInterrupts  stm32f4xx_ll_usb.o
    0x08009d38   0x08009d38   0x0000003e   Code   RO         3090    i.USB_ReadPacket    stm32f4xx_ll_usb.o
    0x08009d76   0x08009d76   0x0000005c   Code   RO         3092    i.USB_SetCurrentMode  stm32f4xx_ll_usb.o
    0x08009dd2   0x08009dd2   0x00000022   Code   RO         3093    i.USB_SetDevAddress  stm32f4xx_ll_usb.o
    0x08009df4   0x08009df4   0x000000e8   Code   RO         3095    i.USB_SetTurnaroundTime  stm32f4xx_ll_usb.o
    0x08009edc   0x08009edc   0x00000028   Code   RO         3098    i.USB_WritePacket   stm32f4xx_ll_usb.o
    0x08009f04   0x08009f04   0x00000002   Code   RO         2162    i.UsageFault_Handler  stm32f4xx_it.o
    0x08009f06   0x08009f06   0x00000002   PAD
    0x08009f08   0x08009f08   0x00000158   Code   RO         1321    i.Vision_Gimbal_Init  nautilus_vision.o
    0x0800a060   0x0800a060   0x00000024   Code   RO         9906    i.Vofa_Send_Data4   vofa.o
    0x0800a084   0x0800a084   0x00000026   Code   RO        10856    i.__ARM_fpclassifyf  m_wm.l(fpclassifyf.o)
    0x0800a0aa   0x0800a0aa   0x00000020   Code   RO         4113    i.__NVIC_SetPriority  stm32f4xx_hal_cortex.o
    0x0800a0ca   0x0800a0ca   0x00000002   PAD
    0x0800a0cc   0x0800a0cc   0x00000118   Code   RO        10665    i.__hardfp_acosf    m_wm.l(acosf.o)
    0x0800a1e4   0x0800a1e4   0x0000012c   Code   RO        10677    i.__hardfp_asinf    m_wm.l(asinf.o)
    0x0800a310   0x0800a310   0x000002ac   Code   RO        10689    i.__hardfp_atan2f   m_wm.l(atan2f.o)
    0x0800a5bc   0x0800a5bc   0x00000014   Code   RO        10713    i.__hardfp_fabs     m_wm.l(fabs.o)
    0x0800a5d0   0x0800a5d0   0x0000003a   Code   RO        10751    i.__hardfp_sqrtf    m_wm.l(sqrtf_full.o)
    0x0800a60a   0x0800a60a   0x00000006   Code   RO        10859    i.__mathlib_flt_infnan  m_wm.l(funder.o)
    0x0800a610   0x0800a610   0x00000006   Code   RO        10860    i.__mathlib_flt_infnan2  m_wm.l(funder.o)
    0x0800a616   0x0800a616   0x00000002   PAD
    0x0800a618   0x0800a618   0x00000010   Code   RO        10861    i.__mathlib_flt_invalid  m_wm.l(funder.o)
    0x0800a628   0x0800a628   0x00000010   Code   RO        10864    i.__mathlib_flt_underflow  m_wm.l(funder.o)
    0x0800a638   0x0800a638   0x0000000e   Code   RO        10930    i.__scatterload_copy  mc_w.l(handlers.o)
    0x0800a646   0x0800a646   0x00000002   Code   RO        10931    i.__scatterload_null  mc_w.l(handlers.o)
    0x0800a648   0x0800a648   0x0000000e   Code   RO        10932    i.__scatterload_zeroinit  mc_w.l(handlers.o)
    0x0800a656   0x0800a656   0x00000002   PAD
    0x0800a658   0x0800a658   0x0000000c   Code   RO        10912    i.__set_errno       mc_w.l(errno.o)
    0x0800a664   0x0800a664   0x0000002a   Code   RO         9466    i.abs_limit         bsp_pid.o
    0x0800a68e   0x0800a68e   0x00000002   PAD
    0x0800a690   0x0800a690   0x00000028   Code   RO        10032    i.append_CRC16_check_sum  crc8_crc16.o
    0x0800a6b8   0x0800a6b8   0x00000030   Code   RO         1003    i.block_react       trig.o
    0x0800a6e8   0x0800a6e8   0x00000128   Code   RO         8778    i.bmi088_accel_init  bmi088driver.o
    0x0800a810   0x0800a810   0x000000fc   Code   RO         8779    i.bmi088_gyro_init  bmi088driver.o
    0x0800a90c   0x0800a90c   0x00000060   Code   RO         9122    i.can_filter_init   bsp_can.o
    0x0800a96c   0x0800a96c   0x00000040   Code   RO          437    i.choose_gimbal_mode  gimbal.o
    0x0800a9ac   0x0800a9ac   0x0000001a   Code   RO            6    i.com_data_reset    system.o
    0x0800a9c6   0x0800a9c6   0x00000002   PAD
    0x0800a9c8   0x0800a9c8   0x00000038   Code   RO            7    i.communicate_pin_state  system.o
    0x0800aa00   0x0800aa00   0x00000014   Code   RO            8    i.communication_frame_rate_update  system.o
    0x0800aa14   0x0800aa14   0x00000034   Code   RO         1004    i.con_block_react   trig.o
    0x0800aa48   0x0800aa48   0x00000040   Code   RO            9    i.detect_init       system.o
    0x0800aa88   0x0800aa88   0x000000dc   Code   RO         9707    i.dm_motor_Ctrl     can_transmit.o
    0x0800ab64   0x0800ab64   0x00000042   Code   RO         9708    i.dm_motor_START    can_transmit.o
    0x0800aba6   0x0800aba6   0x00000042   Code   RO         9709    i.dm_motor_STOP     can_transmit.o
    0x0800abe8   0x0800abe8   0x0000003c   Code   RO          316    i.dm_pitch_start    motor.o
    0x0800ac24   0x0800ac24   0x000000b2   Code   RO         8957    i.f_Changing_Integration_Rate  controller.o
    0x0800acd6   0x0800acd6   0x00000002   PAD
    0x0800acd8   0x0800acd8   0x000000ba   Code   RO         8958    i.f_Derivative_On_Measurement  controller.o
    0x0800ad92   0x0800ad92   0x0000009a   Code   RO         8959    i.f_Integral_Limit  controller.o
    0x0800ae2c   0x0800ae2c   0x00000062   Code   RO         9470    i.feedforward_control_calc  bsp_pid.o
    0x0800ae8e   0x0800ae8e   0x0000002c   Code   RO         9471    i.feedforward_control_init  bsp_pid.o
    0x0800aeba   0x0800aeba   0x00000012   Code   RO         8605    i.first_order_filter_init  user_lib.o
    0x0800aecc   0x0800aecc   0x00000020   Code   RO         8606    i.float_constrain   user_lib.o
    0x0800aeec   0x0800aeec   0x00000022   Code   RO         8608    i.float_rounding    user_lib.o
    0x0800af0e   0x0800af0e   0x00000028   Code   RO         9711    i.float_to_uint     can_transmit.o
    0x0800af36   0x0800af36   0x00000002   PAD
    0x0800af38   0x0800af38   0x0000002c   Code   RO        10034    i.get_CRC16_check_sum  crc8_crc16.o
    0x0800af64   0x0800af64   0x000000a8   Code   RO          438    i.get_base_link_angle  gimbal.o
    0x0800b00c   0x0800b00c   0x0000003c   Code   RO           10    i.get_control_mode  system.o
    0x0800b048   0x0800b048   0x00000074   Code   RO         9527    i.get_dm4310_motor_measure  can_receive.o
    0x0800b0bc   0x0800b0bc   0x00000028   Code   RO          439    i.get_gimbal_com    gimbal.o
    0x0800b0e4   0x0800b0e4   0x00000068   Code   RO         9528    i.get_gimbal_data   can_receive.o
    0x0800b14c   0x0800b14c   0x00000066   Code   RO         9529    i.get_motor_measure  can_receive.o
    0x0800b1b2   0x0800b1b2   0x0000004a   Code   RO         9530    i.get_shoot_data    can_receive.o
    0x0800b1fc   0x0800b1fc   0x0000015c   Code   RO          440    i.get_small_lock_state  gimbal.o
    0x0800b358   0x0800b358   0x00000024   Code   RO         1005    i.get_trig_com      trig.o
    0x0800b37c   0x0800b37c   0x00000038   Code   RO          441    i.gimbal_back_set   gimbal.o
    0x0800b3b4   0x0800b3b4   0x0000009c   Code   RO          442    i.gimbal_cruise_set  gimbal.o
    0x0800b450   0x0800b450   0x0000005c   Code   RO          443    i.gimbal_init       gimbal.o
    0x0800b4ac   0x0800b4ac   0x00000016   Code   RO          444    i.gimbal_left_limit  gimbal.o
    0x0800b4c2   0x0800b4c2   0x00000002   PAD
    0x0800b4c4   0x0800b4c4   0x00000060   Code   RO          318    i.gimbal_normol_send  motor.o
    0x0800b524   0x0800b524   0x00000058   Code   RO          445    i.gimbal_off_set    gimbal.o
    0x0800b57c   0x0800b57c   0x00000044   Code   RO          446    i.gimbal_pc_set     gimbal.o
    0x0800b5c0   0x0800b5c0   0x000000d4   Code   RO          447    i.gimbal_pid_init   gimbal.o
    0x0800b694   0x0800b694   0x0000006c   Code   RO          448    i.gimbal_pitch_cruise  gimbal.o
    0x0800b700   0x0800b700   0x00000118   Code   RO          449    i.gimbal_rc_set     gimbal.o
    0x0800b818   0x0800b818   0x00000012   Code   RO          450    i.gimbal_right_limit  gimbal.o
    0x0800b82a   0x0800b82a   0x00000002   PAD
    0x0800b82c   0x0800b82c   0x00000064   Code   RO          451    i.gimbal_run        gimbal.o
    0x0800b890   0x0800b890   0x000000cc   Code   RO          452    i.gimbal_vision_back_set  gimbal.o
    0x0800b95c   0x0800b95c   0x000000e4   Code   RO          453    i.gimbal_vision_car  gimbal.o
    0x0800ba40   0x0800ba40   0x00000010   Code   RO          456    i.gimbal_vision_set  gimbal.o
    0x0800ba50   0x0800ba50   0x00000018   Code   RO          457    i.gimbal_vision_state  gimbal.o
    0x0800ba68   0x0800ba68   0x000000c8   Code   RO          458    i.gimbal_yaw_cruise  gimbal.o
    0x0800bb30   0x0800bb30   0x00000024   Code   RO          790    i.if_shoot_com      shoot.o
    0x0800bb54   0x0800bb54   0x0000002c   Code   RO         9058    i.invSqrt           quaternionekf.o
    0x0800bb80   0x0800bb80   0x0000006c   Code   RO         1007    i.judge_if_block    trig.o
    0x0800bbec   0x0800bbec   0x00000020   Code   RO         1008    i.judge_if_sin_over  trig.o
    0x0800bc0c   0x0800bc0c   0x0000002a   Code   RO          459    i.limit_addspeed    gimbal.o
    0x0800bc36   0x0800bc36   0x00000002   PAD
    0x0800bc38   0x0800bc38   0x00000064   Code   RO         1463    i.main              main.o
    0x0800bc9c   0x0800bc9c   0x0000000c   Code   RO         7603    i.makeFreeRtosPriority  cmsis_os.o
    0x0800bca8   0x0800bca8   0x0000006c   Code   RO        10790    i.malloc            mc_w.l(malloc.o)
    0x0800bd14   0x0800bd14   0x00000024   Code   RO          319    i.motor_Send        motor.o
    0x0800bd38   0x0800bd38   0x00000024   Code   RO          320    i.motor_run         motor.o
    0x0800bd5c   0x0800bd5c   0x0000000e   Code   RO         7605    i.osDelay           cmsis_os.o
    0x0800bd6a   0x0800bd6a   0x0000000a   Code   RO         7608    i.osKernelStart     cmsis_os.o
    0x0800bd74   0x0800bd74   0x00000054   Code   RO         7642    i.osThreadCreate    cmsis_os.o
    0x0800bdc8   0x0800bdc8   0x00000082   Code   RO         9472    i.pid_calc          bsp_pid.o
    0x0800be4a   0x0800be4a   0x00000006   Code   RO         9473    i.pid_init          bsp_pid.o
    0x0800be50   0x0800be50   0x00000024   Code   RO          321    i.pitch_Enable      motor.o
    0x0800be74   0x0800be74   0x00000018   Code   RO          322    i.pitch_Unable      motor.o
    0x0800be8c   0x0800be8c   0x0000002c   Code   RO          460    i.pitch_limit       gimbal.o
    0x0800beb8   0x0800beb8   0x00000034   Code   RO          461    i.printf_task       gimbal.o
    0x0800beec   0x0800beec   0x00000070   Code   RO         7285    i.prvAddCurrentTaskToDelayedList  tasks.o
    0x0800bf5c   0x0800bf5c   0x000000d0   Code   RO         7286    i.prvAddNewTaskToReadyList  tasks.o
    0x0800c02c   0x0800c02c   0x00000034   Code   RO         7287    i.prvDeleteTCB      tasks.o
    0x0800c060   0x0800c060   0x0000004c   Code   RO         7970    i.prvHeapInit       heap_4.o
    0x0800c0ac   0x0800c0ac   0x00000060   Code   RO         7288    i.prvIdleTask       tasks.o
    0x0800c10c   0x0800c10c   0x00000098   Code   RO         7289    i.prvInitialiseNewTask  tasks.o
    0x0800c1a4   0x0800c1a4   0x0000004c   Code   RO         7971    i.prvInsertBlockIntoFreeList  heap_4.o
    0x0800c1f0   0x0800c1f0   0x00000020   Code   RO         7290    i.prvResetNextTaskUnblockTime  tasks.o
    0x0800c210   0x0800c210   0x00000028   Code   RO         8039    i.prvTaskExitError  port.o
    0x0800c238   0x0800c238   0x000000dc   Code   RO         7972    i.pvPortMalloc      heap_4.o
    0x0800c314   0x0800c314   0x0000002c   Code   RO         8040    i.pxPortInitialiseStack  port.o
    0x0800c340   0x0800c340   0x00000018   Code   RO         1009    i.receive_wheel_state  trig.o
    0x0800c358   0x0800c358   0x0000000c   Code   RO         1010    i.reset_block_flag  trig.o
    0x0800c364   0x0800c364   0x00000054   Code   RO         9712    i.set_motor_current  can_transmit.o
    0x0800c3b8   0x0800c3b8   0x00000030   Code   RO          324    i.shoot_normol_send  motor.o
    0x0800c3e8   0x0800c3e8   0x00000074   Code   RO         1011    i.shoot_pc_mode     trig.o
    0x0800c45c   0x0800c45c   0x000000b0   Code   RO          791    i.shoot_pid_clac    shoot.o
    0x0800c50c   0x0800c50c   0x00000060   Code   RO          792    i.shoot_pid_init    shoot.o
    0x0800c56c   0x0800c56c   0x00000064   Code   RO         1012    i.shoot_rc_mode     trig.o
    0x0800c5d0   0x0800c5d0   0x00000048   Code   RO          793    i.shoot_run         shoot.o
    0x0800c618   0x0800c618   0x000000a0   Code   RO          794    i.shoot_speed_set   shoot.o
    0x0800c6b8   0x0800c6b8   0x00000048   Code   RO         1013    i.sin_block_react   trig.o
    0x0800c700   0x0800c700   0x00000078   Code   RO          325    i.small_to_big      motor.o
    0x0800c778   0x0800c778   0x0000003e   Code   RO        10753    i.sqrtf             m_wm.l(sqrtf_full.o)
    0x0800c7b6   0x0800c7b6   0x00000002   PAD
    0x0800c7b8   0x0800c7b8   0x0000002c   Code   RO           11    i.system_run        system.o
    0x0800c7e4   0x0800c7e4   0x00000088   Code   RO         1014    i.tirg_control      trig.o
    0x0800c86c   0x0800c86c   0x00000034   Code   RO         1016    i.trig_chose_freq   trig.o
    0x0800c8a0   0x0800c8a0   0x00000054   Code   RO         1017    i.trig_con          trig.o
    0x0800c8f4   0x0800c8f4   0x0000003c   Code   RO         1018    i.trig_mode_chose   trig.o
    0x0800c930   0x0800c930   0x0000008c   Code   RO         1019    i.trig_motor_run    trig.o
    0x0800c9bc   0x0800c9bc   0x00000084   Code   RO         1020    i.trig_pid_init     trig.o
    0x0800ca40   0x0800ca40   0x00000024   Code   RO         1021    i.trig_run          trig.o
    0x0800ca64   0x0800ca64   0x0000003c   Code   RO         1022    i.trig_sin          trig.o
    0x0800caa0   0x0800caa0   0x00000022   Code   RO         1023    i.trig_task_run     trig.o
    0x0800cac2   0x0800cac2   0x00000002   PAD
    0x0800cac4   0x0800cac4   0x0000003c   Code   RO         1024    i.trig_vision       trig.o
    0x0800cb00   0x0800cb00   0x00000028   Code   RO         9713    i.uint_to_float     can_transmit.o
    0x0800cb28   0x0800cb28   0x00000026   Code   RO         6924    i.uxListRemove      list.o
    0x0800cb4e   0x0800cb4e   0x00000002   PAD
    0x0800cb50   0x0800cb50   0x00000014   Code   RO         1797    i.vApplicationGetIdleTaskMemory  freertos.o
    0x0800cb64   0x0800cb64   0x00000016   Code   RO         6925    i.vListInitialise   list.o
    0x0800cb7a   0x0800cb7a   0x00000006   Code   RO         6926    i.vListInitialiseItem  list.o
    0x0800cb80   0x0800cb80   0x00000030   Code   RO         6927    i.vListInsert       list.o
    0x0800cbb0   0x0800cbb0   0x00000018   Code   RO         6928    i.vListInsertEnd    list.o
    0x0800cbc8   0x0800cbc8   0x00000040   Code   RO         8042    i.vPortEnterCritical  port.o
    0x0800cc08   0x0800cc08   0x00000028   Code   RO         8043    i.vPortExitCritical  port.o
    0x0800cc30   0x0800cc30   0x00000064   Code   RO         7973    i.vPortFree         heap_4.o
    0x0800cc94   0x0800cc94   0x00000024   Code   RO         8044    i.vPortSetupTimerInterrupt  port.o
    0x0800ccb8   0x0800ccb8   0x0000004c   Code   RO         7299    i.vTaskDelay        tasks.o
    0x0800cd04   0x0800cd04   0x0000006c   Code   RO         7312    i.vTaskStartScheduler  tasks.o
    0x0800cd70   0x0800cd70   0x00000010   Code   RO         7314    i.vTaskSuspendAll   tasks.o
    0x0800cd80   0x0800cd80   0x0000005c   Code   RO         7315    i.vTaskSwitchContext  tasks.o
    0x0800cddc   0x0800cddc   0x00000002   Code   RO           13    i.vision_reset      system.o
    0x0800cdde   0x0800cdde   0x00000002   PAD
    0x0800cde0   0x0800cde0   0x000000f4   Code   RO         8046    i.xPortStartScheduler  port.o
    0x0800ced4   0x0800ced4   0x0000005a   Code   RO         7318    i.xTaskCreate       tasks.o
    0x0800cf2e   0x0800cf2e   0x00000056   Code   RO         7319    i.xTaskCreateStatic  tasks.o
    0x0800cf84   0x0800cf84   0x000000cc   Code   RO         7326    i.xTaskIncrementTick  tasks.o
    0x0800d050   0x0800d050   0x000000c4   Code   RO         7332    i.xTaskResumeAll    tasks.o
    0x0800d114   0x0800d114   0x00000010   Data   RO           15    .constdata          system.o
    0x0800d124   0x0800d124   0x000000fc   Data   RO         1799    .constdata          freertos.o
    0x0800d220   0x0800d220   0x00000008   Data   RO         3829    .constdata          stm32f4xx_hal_dma.o
    0x0800d228   0x0800d228   0x00000010   Data   RO         6787    .constdata          system_stm32f4xx.o
    0x0800d238   0x0800d238   0x00000008   Data   RO         6788    .constdata          system_stm32f4xx.o
    0x0800d240   0x0800d240   0x00000090   Data   RO         9060    .constdata          quaternionekf.o
    0x0800d2d0   0x0800d2d0   0x00000030   Data   RO         9624    .constdata          ins_task.o
    0x0800d300   0x0800d300   0x00000300   Data   RO        10039    .constdata          crc8_crc16.o
    0x0800d600   0x0800d600   0x00000804   Data   RO        10642    .constdata          arm_cortexM4lf_math.lib(arm_common_tables.o)
    0x0800de04   0x0800de04   0x00000063   Data   RO         1800    .conststring        freertos.o
    0x0800de67   0x0800de67   0x00000001   PAD
    0x0800de68   0x0800de68   0x00000020   Data   RO        10928    Region$$Table       anon$$obj.o


    Execution Region RW_IRAM1 (Exec base: 0x20000000, Load base: 0x0800de88, Size: 0x0000d450, Max: 0x0001c000, ABSOLUTE, COMPRESSED[0x00000138])

    Exec Addr    Load Addr    Size         Type   Attr      Idx    E Section Name        Object

    0x20000000   COMPRESSED   0x00000024   Data   RW           16    .data               system.o
    0x20000024   COMPRESSED   0x0000000c   Data   RW          328    .data               motor.o
    0x20000030   COMPRESSED   0x00000024   Data   RW          465    .data               gimbal.o
    0x20000054   COMPRESSED   0x00000014   Data   RW          796    .data               shoot.o
    0x20000068   COMPRESSED   0x0000004c   Data   RW         1026    .data               trig.o
    0x200000b4   COMPRESSED   0x0000000c   Data   RW         1336    .data               nautilus_vision.o
    0x200000c0   COMPRESSED   0x00000024   Data   RW         1801    .data               freertos.o
    0x200000e4   COMPRESSED   0x00000004   Data   RW         1868    .data               can.o
    0x200000e8   COMPRESSED   0x0000001c   Data   RW         2420    .data               usbd_desc.o
    0x20000104   COMPRESSED   0x00000032   Data   RW         2421    .data               usbd_desc.o
    0x20000136   COMPRESSED   0x00000002   PAD
    0x20000138   COMPRESSED   0x00000014   Data   RW         2504    .data               usbd_cdc_if.o
    0x2000014c   COMPRESSED   0x0000000c   Data   RW         4262    .data               stm32f4xx_hal.o
    0x20000158   COMPRESSED   0x00000004   Data   RW         6789    .data               system_stm32f4xx.o
    0x2000015c   COMPRESSED   0x0000003c   Data   RW         7335    .data               tasks.o
    0x20000198   COMPRESSED   0x00000020   Data   RW         7979    .data               heap_4.o
    0x200001b8   COMPRESSED   0x0000000c   Data   RW         8047    .data               port.o
    0x200001c4   COMPRESSED   0x00000001   Data   RW         8285    .data               usbd_ctlreq.o
    0x200001c5   COMPRESSED   0x00000003   PAD
    0x200001c8   COMPRESSED   0x00000053   Data   RW         8424    .data               usbd_cdc.o
    0x2000021b   COMPRESSED   0x00000001   PAD
    0x2000021c   COMPRESSED   0x00000038   Data   RW         8425    .data               usbd_cdc.o
    0x20000254   COMPRESSED   0x00000004   Data   RW         8524    .data               kalman_filter.o
    0x20000258   COMPRESSED   0x00000014   Data   RW         8617    .data               user_lib.o
    0x2000026c   COMPRESSED   0x00000048   Data   RW         8781    .data               bmi088driver.o
    0x200002b4   COMPRESSED   0x00000004   Data   RW         8858    .data               bmi088middleware.o
    0x200002b8   COMPRESSED   0x000000d4   Data   RW         9061    .data               quaternionekf.o
    0x2000038c   COMPRESSED   0x00000004   PAD
    0x20000390   COMPRESSED   0x00000040   Data   RW         9374    .data               bsp_dwt.o
    0x200003d0   COMPRESSED   0x00000004   Data   RW         9533    .data               can_receive.o
    0x200003d4   COMPRESSED   0x00000044   Data   RW         9625    .data               ins_task.o
    0x20000418   COMPRESSED   0x00000008   Data   RW         9714    .data               can_transmit.o
    0x20000420   COMPRESSED   0x00000008   Data   RW         9717    .data               can_transmit.o
    0x20000428   COMPRESSED   0x00000008   Data   RW         9718    .data               can_transmit.o
    0x20000430   COMPRESSED   0x00000008   Data   RW         9719    .data               can_transmit.o
    0x20000438   COMPRESSED   0x00000048   Data   RW         9908    .data               vofa.o
    0x20000480   COMPRESSED   0x00000002   Data   RW        10040    .data               crc8_crc16.o
    0x20000482   COMPRESSED   0x00000002   PAD
    0x20000484   COMPRESSED   0x00000004   Data   RW        10908    .data               mc_w.l(mvars.o)
    0x20000488   COMPRESSED   0x00000004   Data   RW        10909    .data               mc_w.l(mvars.o)
    0x2000048c   COMPRESSED   0x00000004   Data   RW        10913    .data               mc_w.l(errno.o)
    0x20000490        -       0x000000cc   Zero   RW           14    .bss                system.o
    0x2000055c        -       0x0000017c   Zero   RW          462    .bss                gimbal.o
    0x200006d8        -       0x0000008c   Zero   RW          795    .bss                shoot.o
    0x20000764        -       0x000000b4   Zero   RW         1025    .bss                trig.o
    0x20000818        -       0x00000024   Zero   RW         1325    .bss                nautilus_vision.o
    0x2000083c        -       0x000001cb   Zero   RW         1327    .bss                nautilus_vision.o
    0x20000a07   COMPRESSED   0x00000001   PAD
    0x20000a08        -       0x00000028   Zero   RW         1333    .bss                nautilus_vision.o
    0x20000a30        -       0x0000002c   Zero   RW         1334    .bss                nautilus_vision.o
    0x20000a5c        -       0x00000254   Zero   RW         1798    .bss                freertos.o
    0x20000cb0        -       0x00000050   Zero   RW         1867    .bss                can.o
    0x20000d00        -       0x00000020   Zero   RW         1939    .bss                rtc.o
    0x20000d20        -       0x00000118   Zero   RW         1981    .bss                spi.o
    0x20000e38        -       0x00000090   Zero   RW         2027    .bss                tim.o
    0x20000ec8        -       0x000002b8   Zero   RW         2091    .bss                usart.o
    0x20001180        -       0x00000048   Zero   RW         2327    .bss                stm32f4xx_hal_timebase_tim.o
    0x200011c8        -       0x000002dc   Zero   RW         2364    .bss                usb_device.o
    0x200014a4        -       0x00000200   Zero   RW         2419    .bss                usbd_desc.o
    0x200016a4        -       0x00001000   Zero   RW         2503    .bss                usbd_cdc_if.o
    0x200026a4        -       0x00000704   Zero   RW         2594    .bss                usbd_conf.o
    0x20002da8        -       0x000000f0   Zero   RW         7334    .bss                tasks.o
    0x20002e98        -       0x00006000   Zero   RW         7978    .bss                heap_4.o
    0x20008e98        -       0x00000040   Zero   RW         8780    .bss                bmi088driver.o
    0x20008ed8        -       0x00000270   Zero   RW         9059    .bss                quaternionekf.o
    0x20009148        -       0x00000028   Zero   RW         9123    .bss                bsp_can.o
    0x20009170        -       0x00000030   Zero   RW         9339    .bss                kalman.o
    0x200091a0        -       0x00000030   Zero   RW         9340    .bss                kalman.o
    0x200091d0        -       0x00000134   Zero   RW         9532    .bss                can_receive.o
    0x20009304        -       0x0000014c   Zero   RW         9623    .bss                ins_task.o
    0x20009450        -       0x00002000   Zero   RW         1450    HEAP                startup_stm32f407xx.o
    0x2000b450        -       0x00002000   Zero   RW         1449    STACK               startup_stm32f407xx.o


    Execution Region RW_IRAM2 (Exec base: 0x2001c000, Load base: 0x0800dfc0, Size: 0x00000000, Max: 0x00004000, ABSOLUTE)

    **** No section assigned to this execution region ****


==============================================================================

Image component sizes


      Code (inc. data)   RO Data    RW Data    ZI Data      Debug   Object Name

      2208        108          0         72         64      11097   bmi088driver.o
       100         30          0          4          0       3648   bmi088middleware.o
        96         12          0          0         40        910   bsp_can.o
       448         68          0         64          0       5138   bsp_dwt.o
       320          0          0          0          0       5344   bsp_pid.o
        42          0          0          0          0       1034   bsp_pwm.o
       420         42          0          4         80       2658   can.o
       616         28          0          4        308       9217   can_receive.o
       576         28          0         32          0     580343   can_transmit.o
       120          0          0          0          0      23973   cmsis_os.o
      1728         12          0          0          0       9797   controller.o
        84         10        768          2          0       2375   crc8_crc16.o
       156          4          0          0          0        994   dma.o
         0          0          0          0          0      17264   event_groups.o
       244         14        351         36        596       8083   freertos.o
      2630        366          0         36        380      24823   gimbal.o
       560         38          0          0          0       2671   gpio.o
       472         24          0         32      24576       7923   heap_4.o
      1780        112         48         68        332       7667   ins_task.o
        48          6          0          0         96       1817   kalman.o
      2222         20          0          4          0       9807   kalman_filter.o
       138          0          0          0          0       3986   list.o
       266         12          0          0          0     779534   main.o
       456         84          0         12          0      10341   motor.o
       836        126          0         12        579      16026   nautilus_vision.o
       702         72          0         12          0      11716   port.o
      2852        168        144        212        624      11335   quaternionekf.o
       116         22          0          0         32       1823   rtc.o
       788        118          0         20        140      13211   shoot.o
       324         34          0          0        280       2187   spi.o
        36          8        392          0      16384        848   startup_stm32f407xx.o
       116         18          0         12          0       9194   stm32f4xx_hal.o
      1656          6          0          0          0      15031   stm32f4xx_hal_can.o
       158         14          0          0          0      33406   stm32f4xx_hal_cortex.o
      1084         16          8          0          0       7958   stm32f4xx_hal_dma.o
       532         52          0          0          0       3708   stm32f4xx_hal_gpio.o
        56          4          0          0          0       1002   stm32f4xx_hal_msp.o
      2572         12          0          0          0      14568   stm32f4xx_hal_pcd.o
        78          0          0          0          0       2673   stm32f4xx_hal_pcd_ex.o
      1424         92          0          0          0       6921   stm32f4xx_hal_rcc.o
       316         20          0          0          0       1528   stm32f4xx_hal_rcc_ex.o
       326         12          0          0          0       3925   stm32f4xx_hal_rtc.o
       974         14          0          0          0       5337   stm32f4xx_hal_spi.o
      1654        138          0          0          0      14304   stm32f4xx_hal_tim.o
       232         28          0          0          0       3645   stm32f4xx_hal_tim_ex.o
       152         18          0          0         72       1683   stm32f4xx_hal_timebase_tim.o
      1588         30          0          0          0      13370   stm32f4xx_hal_uart.o
       192         78          0          0          0      12357   stm32f4xx_it.o
      2692        116          0          0          0      25280   stm32f4xx_ll_usb.o
       344         56         16         36        204     622030   system.o
        16          4         24          4          0       1331   system_stm32f4xx.o
      1520        112          0         60        240      20666   tasks.o
       496         60          0          0        144       4109   tim.o
      1394        228          0         76        180      22386   trig.o
       772         80          0          0        696       4039   usart.o
        84         18          0          0        732        948   usb_device.o
      1278         36          0        139          0      15625   usbd_cdc.o
       136         28          0         20       4096       4280   usbd_cdc_if.o
       642         24          0          0       1796      18724   usbd_conf.o
       924          0          0          0          0      16959   usbd_core.o
      1328         28          0          1          0      15636   usbd_ctlreq.o
       288        104          0         78        512       6865   usbd_desc.o
       132          0          0          0          0       5004   usbd_ioreq.o
       650          4          0         20          0       8139   user_lib.o
        36         10          0         72          0       2293   vofa.o

    ----------------------------------------------------------------------
     47314       3026       1784       1156      53184    2532514   Object Totals
         0          0         32          0          0          0   (incl. Generated)
        88          0          1         12          1          0   (incl. Padding)

    ----------------------------------------------------------------------

      Code (inc. data)   RO Data    RW Data    ZI Data      Debug   Library Member Name

         0          0       2052          0          0       4704   arm_common_tables.o
       120         12          0          0          0      17170   arm_cos_f32.o
       264          0          0          0          0       1826   arm_mat_add_f32.o
         8          0          0          0          0        999   arm_mat_init_f32.o
      1328          4          0          0          0       4782   arm_mat_inverse_f32.o
       316          4          0          0          0       2375   arm_mat_mult_f32.o
       264          0          0          0          0       1826   arm_mat_sub_f32.o
       276          0          0          0          0       2240   arm_mat_trans_f32.o
       148         18          0          0          0        814   arm_sin_f32.o
       280         46          0          0          0        176   acosf.o
       300         42          0          0          0        176   asinf.o
       684         90          0          0          0        208   atan2f.o
        20          0          0          0          0        124   fabs.o
        38          0          0          0          0        116   fpclassifyf.o
        44         12          0          0          0        464   funder.o
       120          0          0          0          0        272   sqrtf_full.o
        86          0          0          0          0          0   __dczerorl2.o
         0          0          0          0          0          0   entry.o
         0          0          0          0          0          0   entry10a.o
         0          0          0          0          0          0   entry11a.o
         4          0          0          0          0          0   entry12b.o
         8          4          0          0          0          0   entry2.o
         4          0          0          0          0          0   entry5.o
         0          0          0          0          0          0   entry7b.o
         0          0          0          0          0          0   entry8b.o
         8          4          0          0          0          0   entry9a.o
        12          6          0          4          0         68   errno.o
        30          0          0          0          0          0   handlers.o
        36          8          0          0          0         68   init.o
         0          0          0          0          0          0   iusefp.o
        30          0          0          0          0         68   llshl.o
        36          0          0          0          0         68   llsshr.o
        32          0          0          0          0         68   llushr.o
       108         16          0          0          0         84   malloc.o
        36          0          0          0          0         68   memcpya.o
        36          0          0          0          0        108   memseta.o
         0          0          0          8          0          0   mvars.o
        98          0          0          0          0         92   uldiv.o
        48          0          0          0          0         68   cdcmple.o
        56          0          0          0          0         88   d2f.o
       334          0          0          0          0        148   dadd.o
       186          0          0          0          0        176   depilogue.o
        34          0          0          0          0         76   dflti.o
       228          0          0          0          0         96   dmul.o
        38          0          0          0          0         68   f2d.o
       110          0          0          0          0        168   fepilogue.o

    ----------------------------------------------------------------------
      5818        266       2052         12          0      39852   Library Totals
        10          0          0          0          0          0   (incl. Padding)

    ----------------------------------------------------------------------

      Code (inc. data)   RO Data    RW Data    ZI Data      Debug   Library Name

      2724         38       2052          0          0      36736   arm_cortexM4lf_math.lib
      1486        190          0          0          0       1536   m_wm.l
       564         38          0         12          0        692   mc_w.l
      1034          0          0          0          0        888   mf_w.l

    ----------------------------------------------------------------------
      5818        266       2052         12          0      39852   Library Totals

    ----------------------------------------------------------------------

==============================================================================


      Code (inc. data)   RO Data    RW Data    ZI Data      Debug   

     53132       3292       3836       1168      53184    2526322   Grand Totals
     53132       3292       3836        312      53184    2526322   ELF Image Totals (compressed)
     53132       3292       3836        312          0          0   ROM Totals

==============================================================================

    Total RO  Size (Code + RO Data)                56968 (  55.63kB)
    Total RW  Size (RW Data + ZI Data)             54352 (  53.08kB)
    Total ROM Size (Code + RO Data + RW Data)      57280 (  55.94kB)

==============================================================================

