Component: ARM Compiler 5.06 update 7 (build 960) Tool: armlink [4d3601]

==============================================================================

Section Cross References

    system.o(i.chassis_data_updata) refers to f2d.o(.text) for __aeabi_f2d
    system.o(i.chassis_data_updata) refers to ddiv.o(.text) for __aeabi_ddiv
    system.o(i.chassis_data_updata) refers to dmul.o(.text) for __aeabi_dmul
    system.o(i.chassis_data_updata) refers to d2f.o(.text) for __aeabi_d2f
    system.o(i.chassis_data_updata) refers to system.o(i.speed_filter) for speed_filter
    system.o(i.chassis_data_updata) refers to sentry_chassis.o(i.limit_addspeed) for limit_addspeed
    system.o(i.chassis_data_updata) refers to system.o(.data) for .data
    system.o(i.chassis_data_updata) refers to bsp_transmit.o(.data) for transmit_seq
    system.o(i.chassis_data_updata) refers to bsp_transmit.o(.bss) for USART_Rx_data
    system.o(i.chassis_lock_move) refers to bsp_pid.o(i.pid_calc) for pid_calc
    system.o(i.chassis_lock_move) refers to sentry_chassis.o(i.limit_addspeed) for limit_addspeed
    system.o(i.chassis_lock_move) refers to system.o(.data) for .data
    system.o(i.chassis_lock_move) refers to system.o(.bss) for .bss
    system.o(i.chassis_mode_chose) refers to bsp_pid.o(i.pid_calc) for pid_calc
    system.o(i.chassis_mode_chose) refers to sentry_chassis.o(i.limit_addspeed) for limit_addspeed
    system.o(i.chassis_mode_chose) refers to system.o(.data) for .data
    system.o(i.chassis_mode_chose) refers to system.o(.bss) for .bss
    system.o(i.chassis_mode_updata) refers to system.o(i.chassis_mode_chose) for chassis_mode_chose
    system.o(i.chassis_mode_updata) refers to system.o(.data) for .data
    system.o(i.get_diff_angle) refers to f2d.o(.text) for __aeabi_f2d
    system.o(i.get_diff_angle) refers to dadd.o(.text) for __aeabi_dsub
    system.o(i.get_diff_angle) refers to d2f.o(.text) for __aeabi_d2f
    system.o(i.get_diff_angle) refers to system.o(.data) for .data
    system.o(i.printf_task) refers to dfltui.o(.text) for __aeabi_ui2d
    system.o(i.printf_task) refers to printfa.o(i.__0printf) for __2printf
    system.o(i.printf_task) refers to cmsis_os.o(i.osDelay) for osDelay
    system.o(i.printf_task) refers to bsp_transmit.o(.bss) for USART_Rx_data
    system.o(i.sentry_chassis_init) refers to system.o(.data) for .data
    system.o(i.sentry_chassis_init) refers to can_receive.o(.bss) for chassis_motor
    system.o(i.system_run) refers to user_lib.o(i.first_order_filter_init) for first_order_filter_init
    system.o(i.system_run) refers to bsp_pid.o(i.pid_init) for pid_init
    system.o(i.system_run) refers to system.o(i.chassis_data_updata) for chassis_data_updata
    system.o(i.system_run) refers to system.o(i.get_diff_angle) for get_diff_angle
    system.o(i.system_run) refers to system.o(i.chassis_mode_updata) for chassis_mode_updata
    system.o(i.system_run) refers to cmsis_os.o(i.osDelay) for osDelay
    system.o(i.system_run) refers to system.o(.bss) for .bss
    system.o(i.system_run) refers to system.o(.data) for .data
    motor.o(i.chassis_error_send) refers to can_transmit.o(i.set_motor_current) for set_motor_current
    motor.o(i.chassis_error_send) refers to can_transmit.o(.data) for can1_200
    motor.o(i.chassis_normol_send) refers to can_transmit.o(i.set_motor_current) for set_motor_current
    motor.o(i.chassis_normol_send) refers to system.o(.data) for chassis
    motor.o(i.chassis_normol_send) refers to can_transmit.o(.data) for can1_200
    motor.o(i.chassis_normol_send) refers to can_receive.o(.bss) for chassis_motor
    motor.o(i.motor_run) refers to motor.o(i.steer_normol_send) for steer_normol_send
    motor.o(i.motor_run) refers to tasks.o(i.vTaskDelay) for vTaskDelay
    motor.o(i.steer_error_send) refers to can_transmit.o(i.set_motor_current) for set_motor_current
    motor.o(i.steer_error_send) refers to can_transmit.o(.data) for can2_1FE
    motor.o(i.steer_normol_send) refers to can_transmit.o(i.set_motor_current) for set_motor_current
    motor.o(i.steer_normol_send) refers to system.o(.data) for chassis
    motor.o(i.steer_normol_send) refers to motor.o(.data) for .data
    motor.o(i.steer_normol_send) refers to can_transmit.o(.data) for can2_1FE
    motor.o(i.steer_normol_send) refers to can_receive.o(.bss) for steer_motor
    odometer.o(i.Odometer_calculate) refers to f2d.o(.text) for __aeabi_f2d
    odometer.o(i.Odometer_calculate) refers to dmul.o(.text) for __aeabi_dmul
    odometer.o(i.Odometer_calculate) refers to d2f.o(.text) for __aeabi_d2f
    odometer.o(i.Odometer_calculate) refers to cos.o(i.__hardfp_cos) for __hardfp_cos
    odometer.o(i.Odometer_calculate) refers to dadd.o(.text) for __aeabi_dadd
    odometer.o(i.Odometer_calculate) refers to sin.o(i.__hardfp_sin) for __hardfp_sin
    odometer.o(i.Odometer_calculate) refers to ddiv.o(.text) for __aeabi_ddiv
    odometer.o(i.Odometer_calculate) refers to bsp_transmit.o(.bss) for USART_Rx_data
[...]
    HAL_SPI_Init                             0x080033e9   Thumb Code   188  stm32f4xx_hal_spi.o(i.HAL_SPI_Init)
    HAL_SPI_MspInit                          0x080034a5   Thumb Code   226  spi.o(i.HAL_SPI_MspInit)
    HAL_SPI_TransmitReceive                  0x080035a1   Thumb Code   494  stm32f4xx_hal_spi.o(i.HAL_SPI_TransmitReceive)
    HAL_TIMEx_BreakCallback                  0x0800378f   Thumb Code     2  stm32f4xx_hal_tim_ex.o(i.HAL_TIMEx_BreakCallback)
    HAL_TIMEx_CommutCallback                 0x08003791   Thumb Code     2  stm32f4xx_hal_tim_ex.o(i.HAL_TIMEx_CommutCallback)
    HAL_TIMEx_ConfigBreakDeadTime            0x08003793   Thumb Code    84  stm32f4xx_hal_tim_ex.o(i.HAL_TIMEx_ConfigBreakDeadTime)
    HAL_TIMEx_MasterConfigSynchronization    0x080037e9   Thumb Code   116  stm32f4xx_hal_tim_ex.o(i.HAL_TIMEx_MasterConfigSynchronization)
    HAL_TIM_Base_Init                        0x08003879   Thumb Code    90  stm32f4xx_hal_tim.o(i.HAL_TIM_Base_Init)
    HAL_TIM_Base_MspInit                     0x080038d5   Thumb Code    30  tim.o(i.HAL_TIM_Base_MspInit)
    HAL_TIM_Base_Start_IT                    0x080038fd   Thumb Code   100  stm32f4xx_hal_tim.o(i.HAL_TIM_Base_Start_IT)
    HAL_TIM_IC_CaptureCallback               0x0800397d   Thumb Code     2  stm32f4xx_hal_tim.o(i.HAL_TIM_IC_CaptureCallback)
    HAL_TIM_IRQHandler                       0x0800397f   Thumb Code   304  stm32f4xx_hal_tim.o(i.HAL_TIM_IRQHandler)
    HAL_TIM_MspPostInit                      0x08003ab1   Thumb Code   114  tim.o(i.HAL_TIM_MspPostInit)
    HAL_TIM_OC_DelayElapsedCallback          0x08003b39   Thumb Code     2  stm32f4xx_hal_tim.o(i.HAL_TIM_OC_DelayElapsedCallback)
    HAL_TIM_PWM_ConfigChannel                0x08003b3b   Thumb Code   204  stm32f4xx_hal_tim.o(i.HAL_TIM_PWM_ConfigChannel)
    HAL_TIM_PWM_Init                         0x08003c07   Thumb Code    90  stm32f4xx_hal_tim.o(i.HAL_TIM_PWM_Init)
    HAL_TIM_PWM_MspInit                      0x08003c61   Thumb Code    30  tim.o(i.HAL_TIM_PWM_MspInit)
    HAL_TIM_PWM_PulseFinishedCallback        0x08003c89   Thumb Code     2  stm32f4xx_hal_tim.o(i.HAL_TIM_PWM_PulseFinishedCallback)
    HAL_TIM_PeriodElapsedCallback            0x08003c8b   Thumb Code    14  main.o(i.HAL_TIM_PeriodElapsedCallback)
    HAL_TIM_TriggerCallback                  0x08003c99   Thumb Code     2  stm32f4xx_hal_tim.o(i.HAL_TIM_TriggerCallback)
    HAL_UARTEx_RxEventCallback               0x08003c9b   Thumb Code     2  stm32f4xx_hal_uart.o(i.HAL_UARTEx_RxEventCallback)
    HAL_UART_AbortReceive                    0x08003c9d   Thumb Code   148  stm32f4xx_hal_uart.o(i.HAL_UART_AbortReceive)
    HAL_UART_ErrorCallback                   0x08003d31   Thumb Code     2  stm32f4xx_hal_uart.o(i.HAL_UART_ErrorCallback)
    HAL_UART_IRQHandler                      0x08003d35   Thumb Code   618  stm32f4xx_hal_uart.o(i.HAL_UART_IRQHandler)
    HAL_UART_Init                            0x08003fa5   Thumb Code   100  stm32f4xx_hal_uart.o(i.HAL_UART_Init)
    HAL_UART_MspInit                         0x08004009   Thumb Code   514  usart.o(i.HAL_UART_MspInit)
    HAL_UART_Receive_DMA                     0x0800423d   Thumb Code    28  stm32f4xx_hal_uart.o(i.HAL_UART_Receive_DMA)
    HAL_UART_RxCpltCallback                  0x08004259   Thumb Code     2  stm32f4xx_hal_uart.o(i.HAL_UART_RxCpltCallback)
    HAL_UART_RxHalfCpltCallback              0x0800425b   Thumb Code     2  stm32f4xx_hal_uart.o(i.HAL_UART_RxHalfCpltCallback)
    HAL_UART_Transmit                        0x0800425d   Thumb Code   160  stm32f4xx_hal_uart.o(i.HAL_UART_Transmit)
    HAL_UART_TxCpltCallback                  0x080042fd   Thumb Code     2  stm32f4xx_hal_uart.o(i.HAL_UART_TxCpltCallback)
    HardFault_Handler                        0x080042ff   Thumb Code     2  stm32f4xx_it.o(i.HardFault_Handler)
    KEY_STATE_Ctrl                           0x08004301   Thumb Code    38  remote_control.o(i.KEY_STATE_Ctrl)
    MX_CAN1_Init                             0x08004331   Thumb Code    60  can.o(i.MX_CAN1_Init)
    MX_CAN2_Init                             0x08004375   Thumb Code    60  can.o(i.MX_CAN2_Init)
    MX_DMA_Init                              0x080043b9   Thumb Code   136  dma.o(i.MX_DMA_Init)
    MX_FREERTOS_Init                         0x08004445   Thumb Code   140  freertos.o(i.MX_FREERTOS_Init)
    MX_GPIO_Init                             0x080044d9   Thumb Code   380  gpio.o(i.MX_GPIO_Init)
    MX_RTC_Init                              0x08004669   Thumb Code    46  rtc.o(i.MX_RTC_Init)
    MX_SPI1_Init                             0x080046a1   Thumb Code    64  spi.o(i.MX_SPI1_Init)
    MX_TIM10_Init                            0x080046e9   Thumb Code    92  tim.o(i.MX_TIM10_Init)
    MX_TIM1_Init                             0x0800474d   Thumb Code   170  tim.o(i.MX_TIM1_Init)
    MX_USART1_UART_Init                      0x08004801   Thumb Code    64  usart.o(i.MX_USART1_UART_Init)
    MX_USART3_UART_Init                      0x08004851   Thumb Code    50  usart.o(i.MX_USART3_UART_Init)
    MX_USART6_UART_Init                      0x08004891   Thumb Code    48  usart.o(i.MX_USART6_UART_Init)
    MemManage_Handler                        0x080048c9   Thumb Code     2  stm32f4xx_it.o(i.MemManage_Handler)
    NMI_Handler                              0x080048cb   Thumb Code     2  stm32f4xx_it.o(i.NMI_Handler)
    OTG_FS_IRQHandler                        0x080048cd   Thumb Code     6  stm32f4xx_it.o(i.OTG_FS_IRQHandler)
    Odometer_calculate                       0x080048d9   Thumb Code  1202  odometer.o(i.Odometer_calculate)
    Odometer_run                             0x08004d8d   Thumb Code    94  odometer.o(i.Odometer_run)
    RTC_EnterInitMode                        0x08004f6d   Thumb Code    72  stm32f4xx_hal_rtc.o(i.RTC_EnterInitMode)
    RTC_ExitInitMode                         0x08004fb5   Thumb Code    42  stm32f4xx_hal_rtc.o(i.RTC_ExitInitMode)
    RX_USART_data_Handle                     0x08004fe1   Thumb Code   324  bsp_transmit.o(i.RX_USART_data_Handle)
    StartDefaultTask                         0x0800526f   Thumb Code     8  freertos.o(i.StartDefaultTask)
    Start_PIN_int                            0x08005279   Thumb Code    70  gpio.o(i.Start_PIN_int)
    SysTick_Handler                          0x080052c9   Thumb Code    38  port.o(i.SysTick_Handler)
    SystemClock_Config                       0x080052f5   Thumb Code   140  main.o(i.SystemClock_Config)
    SystemInit                               0x08005389   Thumb Code    12  system_stm32f4xx.o(i.SystemInit)
    TIM2_IRQHandler                          0x08005399   Thumb Code     6  stm32f4xx_it.o(i.TIM2_IRQHandler)
    TIM_Base_SetConfig                       0x080053a5   Thumb Code   170  stm32f4xx_hal_tim.o(i.TIM_Base_SetConfig)
    TIM_OC2_SetConfig                        0x080054dd   Thumb Code    98  stm32f4xx_hal_tim.o(i.TIM_OC2_SetConfig)
    UART_Start_Receive_DMA                   0x08005939   Thumb Code   130  stm32f4xx_hal_uart.o(i.UART_Start_Receive_DMA)
    USART1_IRQHandler                        0x08005a3d   Thumb Code    88  stm32f4xx_it.o(i.USART1_IRQHandler)
    USART3_IRQHandler                        0x08005aa5   Thumb Code   168  remote_control.o(i.USART3_IRQHandler)
    USBD_ClrClassConfig                      0x08005b65   Thumb Code    20  usbd_core.o(i.USBD_ClrClassConfig)
    USBD_CoreFindEP                          0x08005b79   Thumb Code     4  usbd_core.o(i.USBD_CoreFindEP)
    USBD_CoreFindIF                          0x08005b7d   Thumb Code     4  usbd_core.o(i.USBD_CoreFindIF)
    USBD_CtlContinueRx                       0x08005b81   Thumb Code    16  usbd_ioreq.o(i.USBD_CtlContinueRx)
    USBD_CtlContinueSendData                 0x08005b91   Thumb Code    16  usbd_ioreq.o(i.USBD_CtlContinueSendData)
    USBD_CtlError                            0x08005ba1   Thumb Code    22  usbd_ctlreq.o(i.USBD_CtlError)
    USBD_CtlReceiveStatus                    0x08005bb7   Thumb Code    22  usbd_ioreq.o(i.USBD_CtlReceiveStatus)
    USBD_CtlSendData                         0x08005bcd   Thumb Code    26  usbd_ioreq.o(i.USBD_CtlSendData)
    USBD_CtlSendStatus                       0x08005be7   Thumb Code    22  usbd_ioreq.o(i.USBD_CtlSendStatus)
    USBD_Get_USB_Status                      0x08005ce3   Thumb Code    24  usbd_conf.o(i.USBD_Get_USB_Status)
    USBD_LL_ClearStallEP                     0x08005cfb   Thumb Code    18  usbd_conf.o(i.USBD_LL_ClearStallEP)
    USBD_LL_DataInStage                      0x08005d0d   Thumb Code   182  usbd_core.o(i.USBD_LL_DataInStage)
    USBD_LL_DataOutStage                     0x08005dc3   Thumb Code   142  usbd_core.o(i.USBD_LL_DataOutStage)
    USBD_LL_DevConnected                     0x08005e51   Thumb Code     4  usbd_core.o(i.USBD_LL_DevConnected)
    USBD_LL_DevDisconnected                  0x08005e55   Thumb Code    30  usbd_core.o(i.USBD_LL_DevDisconnected)
    USBD_LL_IsStallEP                        0x08005e73   Thumb Code    30  usbd_conf.o(i.USBD_LL_IsStallEP)
    USBD_LL_IsoINIncomplete                  0x08005e91   Thumb Code    40  usbd_core.o(i.USBD_LL_IsoINIncomplete)
    USBD_LL_IsoOUTIncomplete                 0x08005eb9   Thumb Code    40  usbd_core.o(i.USBD_LL_IsoOUTIncomplete)
    USBD_LL_OpenEP                           0x08005ee1   Thumb Code    24  usbd_conf.o(i.USBD_LL_OpenEP)
    USBD_LL_PrepareReceive                   0x08005ef9   Thumb Code    18  usbd_conf.o(i.USBD_LL_PrepareReceive)
    USBD_LL_Reset                            0x08005f0b   Thumb Code    92  usbd_core.o(i.USBD_LL_Reset)
    USBD_LL_Resume                           0x08005f67   Thumb Code    20  usbd_core.o(i.USBD_LL_Resume)
    USBD_LL_SOF                              0x08005f7b   Thumb Code    26  usbd_core.o(i.USBD_LL_SOF)
    USBD_LL_SetSpeed                         0x08005f95   Thumb Code     6  usbd_core.o(i.USBD_LL_SetSpeed)
    USBD_LL_SetUSBAddress                    0x08005f9b   Thumb Code    18  usbd_conf.o(i.USBD_LL_SetUSBAddress)
    USBD_LL_SetupStage                       0x08005fad   Thumb Code    96  usbd_core.o(i.USBD_LL_SetupStage)
    USBD_LL_StallEP                          0x0800600d   Thumb Code    18  usbd_conf.o(i.USBD_LL_StallEP)
    USBD_LL_Suspend                          0x0800601f   Thumb Code    26  usbd_core.o(i.USBD_LL_Suspend)
    USBD_LL_Transmit                         0x08006039   Thumb Code    18  usbd_conf.o(i.USBD_LL_Transmit)
    USBD_ParseSetupRequest                   0x0800604b   Thumb Code    44  usbd_ctlreq.o(i.USBD_ParseSetupRequest)
    USBD_SetClassConfig                      0x08006077   Thumb Code    20  usbd_core.o(i.USBD_SetClassConfig)
    USBD_StdDevReq                           0x08006145   Thumb Code   300  usbd_ctlreq.o(i.USBD_StdDevReq)
    USBD_StdEPReq                            0x08006271   Thumb Code   352  usbd_ctlreq.o(i.USBD_StdEPReq)
    USBD_StdItfReq                           0x080063d1   Thumb Code   114  usbd_ctlreq.o(i.USBD_StdItfReq)
    USB_ActivateEndpoint                     0x08006445   Thumb Code   122  stm32f4xx_ll_usb.o(i.USB_ActivateEndpoint)
    USB_ActivateSetup                        0x080064c5   Thumb Code    28  stm32f4xx_ll_usb.o(i.USB_ActivateSetup)
    USB_EP0_OutStart                         0x080064e1   Thumb Code    84  stm32f4xx_ll_usb.o(i.USB_EP0_OutStart)
    USB_EPClearStall                         0x08006539   Thumb Code    88  stm32f4xx_ll_usb.o(i.USB_EPClearStall)
    USB_EPSetStall                           0x08006591   Thumb Code    88  stm32f4xx_ll_usb.o(i.USB_EPSetStall)
    USB_EPStartXfer                          0x080065e9   Thumb Code   554  stm32f4xx_ll_usb.o(i.USB_EPStartXfer)
    USB_EPStopXfer                           0x08006819   Thumb Code   158  stm32f4xx_ll_usb.o(i.USB_EPStopXfer)
    USB_FlushTxFifo                          0x080068b7   Thumb Code    60  stm32f4xx_ll_usb.o(i.USB_FlushTxFifo)
    USB_GetDevSpeed                          0x080068f3   Thumb Code    26  stm32f4xx_ll_usb.o(i.USB_GetDevSpeed)
    USB_GetMode                              0x0800690d   Thumb Code     8  stm32f4xx_ll_usb.o(i.USB_GetMode)
    USB_ReadDevAllInEpInterrupt              0x08006915   Thumb Code    14  stm32f4xx_ll_usb.o(i.USB_ReadDevAllInEpInterrupt)
    USB_ReadDevAllOutEpInterrupt             0x08006923   Thumb Code    14  stm32f4xx_ll_usb.o(i.USB_ReadDevAllOutEpInterrupt)
    USB_ReadDevInEPInterrupt                 0x08006931   Thumb Code    36  stm32f4xx_ll_usb.o(i.USB_ReadDevInEPInterrupt)
    USB_ReadDevOutEPInterrupt                0x08006955   Thumb Code    16  stm32f4xx_ll_usb.o(i.USB_ReadDevOutEPInterrupt)
    USB_ReadInterrupts                       0x08006965   Thumb Code     8  stm32f4xx_ll_usb.o(i.USB_ReadInterrupts)
    USB_ReadPacket                           0x0800696d   Thumb Code    62  stm32f4xx_ll_usb.o(i.USB_ReadPacket)
    USB_SetDevAddress                        0x080069ab   Thumb Code    34  stm32f4xx_ll_usb.o(i.USB_SetDevAddress)
    USB_SetTurnaroundTime                    0x080069cd   Thumb Code   158  stm32f4xx_ll_usb.o(i.USB_SetTurnaroundTime)
    USB_WritePacket                          0x08006ab5   Thumb Code    40  stm32f4xx_ll_usb.o(i.USB_WritePacket)
    UsageFault_Handler                       0x08006add   Thumb Code     2  stm32f4xx_it.o(i.UsageFault_Handler)
    WHEEL_STATE_Ctrl                         0x08006ae1   Thumb Code   130  remote_control.o(i.WHEEL_STATE_Ctrl)
    __0printf                                0x08006b71   Thumb Code    22  printfa.o(i.__0printf)
    __1printf                                0x08006b71   Thumb Code     0  printfa.o(i.__0printf)
    __2printf                                0x08006b71   Thumb Code     0  printfa.o(i.__0printf)
    __c89printf                              0x08006b71   Thumb Code     0  printfa.o(i.__0printf)
    printf                                   0x08006b71   Thumb Code     0  printfa.o(i.__0printf)
    __ARM_fpclassify                         0x08006b91   Thumb Code    48  fpclassify.o(i.__ARM_fpclassify)
    __hardfp_atan                            0x08006be1   Thumb Code   622  atan.o(i.__hardfp_atan)
    __hardfp_atan2                           0x08006eb9   Thumb Code   448  atan2.o(i.__hardfp_atan2)
    __hardfp_cos                             0x080070b9   Thumb Code   180  cos.o(i.__hardfp_cos)
    __hardfp_pow                             0x08007181   Thumb Code  3072  pow.o(i.__hardfp_pow)
    __hardfp_sin                             0x08007dd1   Thumb Code   180  sin.o(i.__hardfp_sin)
    __hardfp_sqrt                            0x08007e99   Thumb Code   122  sqrt_full.o(i.__hardfp_sqrt)
    __hardfp_sqrtf                           0x08007f13   Thumb Code    58  sqrtf_full.o(i.__hardfp_sqrtf)
    __ieee754_rem_pio2                       0x08007f51   Thumb Code   938  rred.o(i.__ieee754_rem_pio2)
    __kernel_cos                             0x08008389   Thumb Code   322  cos_i.o(i.__kernel_cos)
    __kernel_poly                            0x080084f9   Thumb Code   248  poly.o(i.__kernel_poly)
    __kernel_sin                             0x080085f1   Thumb Code   280  sin_i.o(i.__kernel_sin)
    __mathlib_dbl_divzero                    0x08008721   Thumb Code    28  dunder.o(i.__mathlib_dbl_divzero)
    __mathlib_dbl_infnan                     0x08008751   Thumb Code    20  dunder.o(i.__mathlib_dbl_infnan)
    __mathlib_dbl_infnan2                    0x08008765   Thumb Code    20  dunder.o(i.__mathlib_dbl_infnan2)
    __mathlib_dbl_invalid                    0x08008779   Thumb Code    24  dunder.o(i.__mathlib_dbl_invalid)
    __mathlib_dbl_overflow                   0x08008799   Thumb Code    24  dunder.o(i.__mathlib_dbl_overflow)
    __mathlib_dbl_underflow                  0x080087b9   Thumb Code    24  dunder.o(i.__mathlib_dbl_underflow)
    __scatterload_copy                       0x080087d9   Thumb Code    14  handlers.o(i.__scatterload_copy)
    __scatterload_null                       0x080087e7   Thumb Code     2  handlers.o(i.__scatterload_null)
    __scatterload_zeroinit                   0x080087e9   Thumb Code    14  handlers.o(i.__scatterload_zeroinit)
    __set_errno                              0x080087f9   Thumb Code     6  errno.o(i.__set_errno)
    atan                                     0x080090b9   Thumb Code    16  atan.o(i.atan)
    bmi088_accel_init                        0x080090c9   Thumb Code   292  bmi088driver.o(i.bmi088_accel_init)
    bmi088_gyro_init                         0x080091f1   Thumb Code   246  bmi088driver.o(i.bmi088_gyro_init)
    can_filter_init                          0x080092ed   Thumb Code    84  bsp_can.o(i.can_filter_init)
    chassis_clac                             0x0800934d   Thumb Code   154  sentry_chassis.o(i.chassis_clac)
    chassis_data_updata                      0x080093f9   Thumb Code   240  system.o(i.chassis_data_updata)
    chassis_mode_chose                       0x0800950d   Thumb Code   154  system.o(i.chassis_mode_chose)
    chassis_mode_updata                      0x080095b9   Thumb Code    16  system.o(i.chassis_mode_updata)
    chassis_normol_send                      0x080095cd   Thumb Code    58  motor.o(i.chassis_normol_send)
    chassis_pid_init                         0x08009615   Thumb Code   478  sentry_chassis.o(i.chassis_pid_init)
    chassis_power_get                        0x08009835   Thumb Code   432  sentry_chassis.o(i.chassis_power_get)
    chassis_power_limit_set                  0x08009a2d   Thumb Code  1498  sentry_chassis.o(i.chassis_power_limit_set)
    chassis_real_move_get                    0x0800a015   Thumb Code    70  sentry_chassis.o(i.chassis_real_move_get)
    chassis_speed_get                        0x0800a065   Thumb Code   908  sentry_chassis.o(i.chassis_speed_get)
    chassis_speed_set                        0x0800a405   Thumb Code   602  sentry_chassis.o(i.chassis_speed_set)
    communication_frame_rate_update          0x0800a681   Thumb Code    14  detect_task.o(i.communication_frame_rate_update)
    fabs                                     0x0800a6dd   Thumb Code    24  fabs.o(i.fabs)
    first_order_filter_init                  0x0800a6f5   Thumb Code    18  user_lib.o(i.first_order_filter_init)
    fputc                                    0x0800a709   Thumb Code    20  main.o(i.fputc)
    get_diff_angle                           0x0800a721   Thumb Code   284  system.o(i.get_diff_angle)
    get_motor_measure                        0x0800a875   Thumb Code   102  can_receive.o(i.get_motor_measure)
    limit_addspeed                           0x0800a8db   Thumb Code    42  sentry_chassis.o(i.limit_addspeed)
    loacation_init                           0x0800a905   Thumb Code    36  odometer.o(i.loacation_init)
    main                                     0x0800a93d   Thumb Code    92  main.o(i.main)
    move_state_change                        0x0800a9a9   Thumb Code    56  sentry_chassis.o(i.move_state_change)
    osDelay                                  0x0800a9e1   Thumb Code    14  cmsis_os.o(i.osDelay)
    osKernelStart                            0x0800a9ef   Thumb Code    10  cmsis_os.o(i.osKernelStart)
    osThreadCreate                           0x0800a9f9   Thumb Code    84  cmsis_os.o(i.osThreadCreate)
    pid_calc                                 0x0800aa4d   Thumb Code   130  bsp_pid.o(i.pid_calc)
    pid_init                                 0x0800aacf   Thumb Code     6  bsp_pid.o(i.pid_init)
    printf_task                              0x0800aad5   Thumb Code    34  system.o(i.printf_task)
    pvPortMalloc                             0x0800ae49   Thumb Code   216  heap_4.o(i.pvPortMalloc)
    pxPortInitialiseStack                    0x0800af25   Thumb Code    40  port.o(i.pxPortInitialiseStack)
    sentry_chassis_run                       0x0800b26d   Thumb Code    58  sentry_chassis.o(i.sentry_chassis_run)
    set_motor_current                        0x0800b2ad   Thumb Code    88  can_transmit.o(i.set_motor_current)
    speed_filter                             0x0800b309   Thumb Code    34  system.o(i.speed_filter)
    speed_in_reslove_1                       0x0800b339   Thumb Code   724  sentry_chassis.o(i.speed_in_reslove_1)
    sqrt                                     0x0800b615   Thumb Code   110  sqrt_full.o(i.sqrt)
    steer_angle_get                          0x0800b685   Thumb Code  1130  sentry_chassis.o(i.steer_angle_get)
    steer_normol_send                        0x0800baf1   Thumb Code    72  motor.o(i.steer_normol_send)
    system_run                               0x0800bb49   Thumb Code    76  system.o(i.system_run)
    uxListRemove                             0x0800bbb1   Thumb Code    38  list.o(i.uxListRemove)
    vApplicationGetIdleTaskMemory            0x0800bbd9   Thumb Code    16  freertos.o(i.vApplicationGetIdleTaskMemory)
    vListInitialise                          0x0800bbed   Thumb Code    22  list.o(i.vListInitialise)
    vListInitialiseItem                      0x0800bc03   Thumb Code     6  list.o(i.vListInitialiseItem)
    vListInsert                              0x0800bc09   Thumb Code    48  list.o(i.vListInsert)
    vListInsertEnd                           0x0800bc39   Thumb Code    24  list.o(i.vListInsertEnd)
    vPortEnterCritical                       0x0800bc51   Thumb Code    54  port.o(i.vPortEnterCritical)
    vPortExitCritical                        0x0800bc91   Thumb Code    34  port.o(i.vPortExitCritical)
    vPortFree                                0x0800bcb9   Thumb Code    94  heap_4.o(i.vPortFree)
    vPortSetupTimerInterrupt                 0x0800bd1d   Thumb Code    32  port.o(i.vPortSetupTimerInterrupt)
    vTaskDelay                               0x0800bd41   Thumb Code    66  tasks.o(i.vTaskDelay)
    vTaskStartScheduler                      0x0800bd8d   Thumb Code    90  tasks.o(i.vTaskStartScheduler)
    vTaskSuspendAll                          0x0800bdf9   Thumb Code    10  tasks.o(i.vTaskSuspendAll)
    vTaskSwitchContext                       0x0800be09   Thumb Code    82  tasks.o(i.vTaskSwitchContext)
    xPortStartScheduler                      0x0800be65   Thumb Code   222  port.o(i.xPortStartScheduler)
    xTaskCreate                              0x0800bf59   Thumb Code    90  tasks.o(i.xTaskCreate)
    xTaskCreateStatic                        0x0800bfb3   Thumb Code    86  tasks.o(i.xTaskCreateStatic)
    xTaskIncrementTick                       0x0800c009   Thumb Code   194  tasks.o(i.xTaskIncrementTick)
    xTaskResumeAll                           0x0800c0d5   Thumb Code   182  tasks.o(i.xTaskResumeAll)
    AHBPrescTable                            0x0800c260   Data          16  system_stm32f4xx.o(.constdata)
    APBPrescTable                            0x0800c270   Data           8  system_stm32f4xx.o(.constdata)
    sinTable_f32                             0x0800c278   Data        2052  arm_common_tables.o(.constdata)
    __mathlib_zero                           0x0800cbd0   Data           8  qnan.o(.constdata)
    Region$$Table$$Base                      0x0800cd14   Number         0  anon$$obj.o(Region$$Table)
    Region$$Table$$Limit                     0x0800cd34   Number         0  anon$$obj.o(Region$$Table)
    last_chassis_mode                        0x20000000   Data           1  system.o(.data)
    last_seq                                 0x20000001   Data           1  system.o(.data)
    lost_time                                0x20000002   Data           2  system.o(.data)
    lkld                                     0x20000004   Data           2  system.o(.data)
    follow_ecd                               0x20000008   Data           4  system.o(.data)
    Last_Wz_speed                            0x2000000c   Data           4  system.o(.data)
    chassis                                  0x20000010   Data         364  system.o(.data)
    ddddd                                    0x2000017c   Data           4  motor.o(.data)
    psdmv                                    0x20000180   Data           4  motor.o(.data)
    real_vx                                  0x20000188   Data           4  odometer.o(.data)
    real_vy                                  0x2000018c   Data           4  odometer.o(.data)
    get_time_0                               0x20000190   Data           8  odometer.o(.data)
    get_time_1                               0x20000198   Data           8  odometer.o(.data)
    get_diff_time                            0x200001a0   Data           8  odometer.o(.data)
    input_power                              0x200001a8   Data           4  sentry_chassis.o(.data)
    real_chassis                             0x200001ac   Data           4  sentry_chassis.o(.data)
    real_move_state                          0x200001b0   Data           4  sentry_chassis.o(.data)
    get_speed_vx                             0x200001b4   Data           4  sentry_chassis.o(.data)
    get_speed_vy                             0x200001b8   Data           4  sentry_chassis.o(.data)
    ffff                                     0x200001bc   Data           4  sentry_chassis.o(.data)
    chassis_max_power_t                      0x200001c0   Data           4  sentry_chassis.o(.data)
    get_power                                0x200001c4   Data           4  sentry_chassis.o(.data)
    remain_power                             0x200001c8   Data           4  sentry_chassis.o(.data)
    defaultTaskHandle                        0x200001cc   Data           4  freertos.o(.data)
    system_taskHandle                        0x200001d0   Data           4  freertos.o(.data)
    Odometer_taskHandle                      0x200001d4   Data           4  freertos.o(.data)
    chassis_taskHandle                       0x200001d8   Data           4  freertos.o(.data)
    DETECTHandle                             0x200001dc   Data           4  freertos.o(.data)
    printHandle                              0x200001e0   Data           4  freertos.o(.data)
    vvvvv                                    0x200001ec   Data           4  stm32f4xx_it.o(.data)
    iiiii                                    0x200001f0   Data           4  stm32f4xx_it.o(.data)
    uwTickFreq                               0x200001f4   Data           1  stm32f4xx_hal.o(.data)
    uwTickPrio                               0x200001f8   Data           4  stm32f4xx_hal.o(.data)
    uwTick                                   0x200001fc   Data           4  stm32f4xx_hal.o(.data)
    SystemCoreClock                          0x20000200   Data           4  system_stm32f4xx.o(.data)
    pxCurrentTCB                             0x20000204   Data           4  tasks.o(.data)
    caliOffset                               0x20000273   Data           1  bmi088driver.o(.data)
    caliCount                                0x20000274   Data           2  bmi088driver.o(.data)
    BMI088_ACCEL_SEN                         0x2000027c   Data           4  bmi088driver.o(.data)
    BMI088_GYRO_SEN                          0x20000280   Data           4  bmi088driver.o(.data)
    gNormDiff                                0x20000288   Data           4  bmi088driver.o(.data)
    BMI088_SPI                               0x200002b8   Data           4  bmi088middleware.o(.data)
    SysTime                                  0x200002f0   Data           8  bsp_dwt.o(.data)
    CYCCNT64                                 0x200002f8   Data           8  bsp_dwt.o(.data)
    transmit_seq                             0x20000300   Data           1  bsp_transmit.o(.data)
    ioioj                                    0x20000301   Data           1  bsp_transmit.o(.data)
    jjjj                                     0x20000304   Data           4  bsp_transmit.o(.data)
    res                                      0x20000308   Data           1  remote_control.o(.data)
    REMOTE_Time                              0x2000030c   Data           4  remote_control.o(.data)
    time_1                                   0x20000310   Data           4  remote_control.o(.data)
    diff_t                                   0x20000314   Data           4  remote_control.o(.data)
    ggggg                                    0x20000318   Data           4  remote_control.o(.data)
    WHEEL_UP_TIME                            0x2000031c   Data           4  remote_control.o(.data)
    WHEEL_DOWN_TIME                          0x20000320   Data           4  remote_control.o(.data)
    WHEEL_LAST                               0x20000324   Data           4  remote_control.o(.data)
    KEY_LEFT_TIME                            0x20000328   Data           4  remote_control.o(.data)
    KEY_LAST                                 0x2000032c   Data           4  remote_control.o(.data)
    pm_current                               0x20000330   Data           4  can_receive.o(.data)
    pm_voltage                               0x20000334   Data           4  can_receive.o(.data)
    pm_power                                 0x20000338   Data           4  can_receive.o(.data)
    can1_200                                 0x2000033c   Data           8  can_transmit.o(.data)
    can2_1FE                                 0x20000344   Data           8  can_transmit.o(.data)
    can_State                                0x2000034c   Data           1  can_transmit.o(.data)
    error_time                               0x2000034d   Data           1  can_transmit.o(.data)
    gggggg                                   0x20000350   Data           4  can_transmit.o(.data)
    __stdout                                 0x20000354   Data           4  stdout.o(.data)
    pid_chassis_follow                       0x2000035c   Data          60  system.o(.bss)
    filter_pm                                0x20000398   Data          16  system.o(.bss)
    location                                 0x200003a8   Data          92  odometer.o(.bss)
    pid_steer_ecd                            0x20000404   Data         240  sentry_chassis.o(.bss)
    pid_steer_speed                          0x200004f4   Data         240  sentry_chassis.o(.bss)
    pid_chassis_speed                        0x200005e4   Data         240  sentry_chassis.o(.bss)
    pid_chaais_Sx                            0x200006d4   Data          60  sentry_chassis.o(.bss)
    pid_chaais_Sy                            0x20000710   Data          60  sentry_chassis.o(.bss)
    chassis_buffer                           0x2000074c   Data          60  sentry_chassis.o(.bss)
    cap_buff                                 0x20000788   Data          60  sentry_chassis.o(.bss)
    toe_offline                              0x200007c4   Data         264  detect_task.o(.bss)
    hcan1                                    0x20000b20   Data          40  can.o(.bss)
    hcan2                                    0x20000b48   Data          40  can.o(.bss)
    hrtc                                     0x20000b70   Data          32  rtc.o(.bss)
    hspi1                                    0x20000b90   Data          88  spi.o(.bss)
    hdma_spi1_rx                             0x20000be8   Data          96  spi.o(.bss)
    hdma_spi1_tx                             0x20000c48   Data          96  spi.o(.bss)
    htim1                                    0x20000ca8   Data          72  tim.o(.bss)
    htim10                                   0x20000cf0   Data          72  tim.o(.bss)
    huart1                                   0x20000d38   Data          72  usart.o(.bss)
    huart3                                   0x20000d80   Data          72  usart.o(.bss)
    huart6                                   0x20000dc8   Data          72  usart.o(.bss)
    hdma_usart1_rx                           0x20000e10   Data          96  usart.o(.bss)
    hdma_usart1_tx                           0x20000e70   Data          96  usart.o(.bss)
    hdma_usart3_rx                           0x20000ed0   Data          96  usart.o(.bss)
    hdma_usart6_rx                           0x20000f30   Data          96  usart.o(.bss)
    htim2                                    0x20000f90   Data          72  stm32f4xx_hal_timebase_tim.o(.bss)
    hpcd_USB_OTG_FS                          0x200011f8   Data        1252  usbd_conf.o(.bss)
    gyroDiff                                 0x20005a9c   Data          12  bmi088driver.o(.bss)
    BMI088                                   0x20005aa8   Data          52  bmi088driver.o(.bss)
    can_filter_st                            0x20005adc   Data          40  bsp_can.o(.bss)
    USART_Rx_data_handle                     0x20005b04   Data         100  bsp_transmit.o(.bss)
    USART_Rx_data                            0x20005b68   Data          60  bsp_transmit.o(.bss)
    rc_ctrl                                  0x20005ba4   Data          96  remote_control.o(.bss)
    chassis_motor                            0x20005c4c   Data         208  can_receive.o(.bss)
    steer_motor                              0x20005d1c   Data         208  can_receive.o(.bss)
    SuperCAP                                 0x20005dec   Data          36  can_receive.o(.bss)
    __initial_sp                             0x20007e10   Data           0  startup_stm32f407xx.o(STACK)



==============================================================================

Memory Map of the image

  Image Entry point : 0x08000189

  Load Region LR_IROM1 (Base: 0x08000000, Size: 0x0000d090, Max: 0x00100000, ABSOLUTE, COMPRESSED[0x0000cda8])

    Execution Region ER_IROM1 (Exec base: 0x08000000, Load base: 0x08000000, Size: 0x0000cd34, Max: 0x00100000, ABSOLUTE)

    Exec Addr    Load Addr    Size         Type   Attr      Idx    E Section Name        Object

    0x08000000   0x08000000   0x00000188   Data   RO          842    RESET               startup_stm32f407xx.o
    0x08000188   0x08000188   0x00000000   Code   RO        10246  * .ARM.Collect$$$$00000000  mc_w.l(entry.o)
    0x08000188   0x08000188   0x00000004   Code   RO        10648    .ARM.Collect$$$$00000001  mc_w.l(entry2.o)
    0x0800018c   0x0800018c   0x00000004   Code   RO        10651    .ARM.Collect$$$$00000004  mc_w.l(entry5.o)
    0x08000190   0x08000190   0x00000000   Code   RO        10653    .ARM.Collect$$$$00000008  mc_w.l(entry7b.o)
    0x08000190   0x08000190   0x00000000   Code   RO        10655    .ARM.Collect$$$$0000000A  mc_w.l(entry8b.o)
    0x08000190   0x08000190   0x00000008   Code   RO        10656    .ARM.Collect$$$$0000000B  mc_w.l(entry9a.o)
    0x08000198   0x08000198   0x00000004   Code   RO        10663    .ARM.Collect$$$$0000000E  mc_w.l(entry12b.o)
    0x0800019c   0x0800019c   0x00000000   Code   RO        10658    .ARM.Collect$$$$0000000F  mc_w.l(entry10a.o)
    0x0800019c   0x0800019c   0x00000000   Code   RO        10660    .ARM.Collect$$$$00000011  mc_w.l(entry11a.o)
    0x0800019c   0x0800019c   0x00000004   Code   RO        10649    .ARM.Collect$$$$00002712  mc_w.l(entry2.o)
    0x080001a0   0x080001a0   0x000000be   Code   RO         7470    .emb_text           port.o
    0x0800025e   0x0800025e   0x00000002   PAD
    0x08000260   0x08000260   0x00000024   Code   RO          843    .text               startup_stm32f407xx.o
    0x08000284   0x08000284   0x00000078   Code   RO         9825    .text               arm_cortexM4lf_math.lib(arm_cos_f32.o)
    0x080002fc   0x080002fc   0x00000062   Code   RO        10249    .text               mc_w.l(uldiv.o)
    0x0800035e   0x0800035e   0x00000024   Code   RO        10254    .text               mc_w.l(memcpya.o)
    0x08000382   0x08000382   0x00000024   Code   RO        10258    .text               mc_w.l(memseta.o)
    0x080003a6   0x080003a6   0x0000014e   Code   RO        10555    .text               mf_w.l(dadd.o)
    0x080004f4   0x080004f4   0x000000e4   Code   RO        10557    .text               mf_w.l(dmul.o)
    0x080005d8   0x080005d8   0x000000de   Code   RO        10559    .text               mf_w.l(ddiv.o)
    0x080006b6   0x080006b6   0x0000001c   Code   RO        10563    .text               mf_w.l(ffltul.o)
    0x080006d2   0x080006d2   0x00000022   Code   RO        10565    .text               mf_w.l(dflti.o)
    0x080006f4   0x080006f4   0x0000001a   Code   RO        10567    .text               mf_w.l(dfltui.o)
    0x0800070e   0x0800070e   0x0000003e   Code   RO        10569    .text               mf_w.l(dfixi.o)
    0x0800074c   0x0800074c   0x00000026   Code   RO        10571    .text               mf_w.l(f2d.o)
    0x08000772   0x08000772   0x00000002   PAD
    0x08000774   0x08000774   0x00000030   Code   RO        10573    .text               mf_w.l(cdcmple.o)
    0x080007a4   0x080007a4   0x00000030   Code   RO        10575    .text               mf_w.l(cdrcmple.o)
    0x080007d4   0x080007d4   0x00000038   Code   RO        10577    .text               mf_w.l(d2f.o)
    0x0800080c   0x0800080c   0x0000002c   Code   RO        10665    .text               mc_w.l(uidiv.o)
    0x08000838   0x08000838   0x0000001e   Code   RO        10667    .text               mc_w.l(llshl.o)
    0x08000856   0x08000856   0x00000020   Code   RO        10669    .text               mc_w.l(llushr.o)
    0x08000876   0x08000876   0x00000024   Code   RO        10671    .text               mc_w.l(llsshr.o)
    0x0800089a   0x0800089a   0x00000000   Code   RO        10682    .text               mc_w.l(iusefp.o)
    0x0800089a   0x0800089a   0x0000006e   Code   RO        10683    .text               mf_w.l(fepilogue.o)
    0x08000908   0x08000908   0x000000ba   Code   RO        10685    .text               mf_w.l(depilogue.o)
    0x080009c2   0x080009c2   0x0000002e   Code   RO        10687    .text               mf_w.l(dscalb.o)
    0x080009f0   0x080009f0   0x000000a2   Code   RO        10689    .text               mf_w.l(dsqrt.o)
    0x08000a92   0x08000a92   0x00000030   Code   RO        10691    .text               mf_w.l(dfixul.o)
    0x08000ac2   0x08000ac2   0x00000002   PAD
    0x08000ac4   0x08000ac4   0x00000024   Code   RO        10693    .text               mc_w.l(init.o)
    0x08000ae8   0x08000ae8   0x00000056   Code   RO        10703    .text               mc_w.l(__dczerorl2.o)
    0x08000b3e   0x08000b3e   0x00000002   PAD
    0x08000b40   0x08000b40   0x00000010   Code   RO         8293    i.BMI088_ACCEL_NS_H  bmi088middleware.o
    0x08000b50   0x08000b50   0x00000010   Code   RO         8294    i.BMI088_ACCEL_NS_L  bmi088middleware.o
    0x08000b60   0x08000b60   0x00000010   Code   RO         8295    i.BMI088_GYRO_NS_H  bmi088middleware.o
    0x08000b70   0x08000b70   0x00000010   Code   RO         8296    i.BMI088_GYRO_NS_L  bmi088middleware.o
    0x08000b80   0x08000b80   0x00000080   Code   RO         8213    i.BMI088_init       bmi088driver.o
    0x08000c00   0x08000c00   0x00000024   Code   RO         8214    i.BMI088_read_muli_reg  bmi088driver.o
    0x08000c24   0x08000c24   0x00000016   Code   RO         8215    i.BMI088_read_single_reg  bmi088driver.o
    0x08000c3a   0x08000c3a   0x00000002   PAD
    0x08000c3c   0x08000c3c   0x00000024   Code   RO         8297    i.BMI088_read_write_byte  bmi088middleware.o
    0x08000c60   0x08000c60   0x00000012   Code   RO         8216    i.BMI088_write_single_reg  bmi088driver.o
    0x08000c72   0x08000c72   0x00000002   Code   RO         1584    i.BusFault_Handler  stm32f4xx_it.o
    0x08000c74   0x08000c74   0x0000000c   Code   RO         1585    i.CAN1_RX0_IRQHandler  stm32f4xx_it.o
    0x08000c80   0x08000c80   0x0000000c   Code   RO         1586    i.CAN1_TX_IRQHandler  stm32f4xx_it.o
    0x08000c8c   0x08000c8c   0x0000000c   Code   RO         1587    i.CAN2_RX1_IRQHandler  stm32f4xx_it.o
    0x08000c98   0x08000c98   0x0000000c   Code   RO         1588    i.CAN2_TX_IRQHandler  stm32f4xx_it.o
    0x08000ca4   0x08000ca4   0x00000404   Code   RO         8217    i.Calibrate_MPU_Offset  bmi088driver.o
    0x080010a8   0x080010a8   0x00000050   Code   RO         1092    i.Communication_PIN_int  gpio.o
    0x080010f8   0x080010f8   0x00000048   Code   RO          800    i.DETECT_task       detect_task.o
    0x08001140   0x08001140   0x0000000c   Code   RO         1589    i.DMA1_Stream1_IRQHandler  stm32f4xx_it.o
    0x0800114c   0x0800114c   0x0000000c   Code   RO         1590    i.DMA2_Stream1_IRQHandler  stm32f4xx_it.o
    0x08001158   0x08001158   0x0000000c   Code   RO         1591    i.DMA2_Stream5_IRQHandler  stm32f4xx_it.o
    0x08001164   0x08001164   0x0000000c   Code   RO         1592    i.DMA2_Stream7_IRQHandler  stm32f4xx_it.o
    0x08001170   0x08001170   0x00000028   Code   RO         3240    i.DMA_CalcBaseAndBitshift  stm32f4xx_hal_dma.o
    0x08001198   0x08001198   0x00000054   Code   RO         3241    i.DMA_CheckFifoParam  stm32f4xx_hal_dma.o
    0x080011ec   0x080011ec   0x00000028   Code   RO         3242    i.DMA_SetConfig     stm32f4xx_hal_dma.o
    0x08001214   0x08001214   0x00000028   Code   RO         8808    i.DWT_CNT_Update    bsp_dwt.o
    0x0800123c   0x0800123c   0x00000034   Code   RO         8809    i.DWT_Delay         bsp_dwt.o
    0x08001270   0x08001270   0x00000044   Code   RO         8813    i.DWT_GetTimeline_s  bsp_dwt.o
    0x080012b4   0x080012b4   0x0000002c   Code   RO         8814    i.DWT_GetTimeline_us  bsp_dwt.o
    0x080012e0   0x080012e0   0x00000048   Code   RO         8815    i.DWT_Init          bsp_dwt.o
    0x08001328   0x08001328   0x00000094   Code   RO         8816    i.DWT_SysTimeUpdate  bsp_dwt.o
    0x080013bc   0x080013bc   0x00000002   Code   RO         1593    i.DebugMon_Handler  stm32f4xx_it.o
    0x080013be   0x080013be   0x00000006   Code   RO         1594    i.EXTI0_IRQHandler  stm32f4xx_it.o
    0x080013c4   0x080013c4   0x00000006   Code   RO         1595    i.EXTI3_IRQHandler  stm32f4xx_it.o
    0x080013ca   0x080013ca   0x00000006   Code   RO         1596    i.EXTI4_IRQHandler  stm32f4xx_it.o
    0x080013d0   0x080013d0   0x00000006   Code   RO         1597    i.EXTI9_5_IRQHandler  stm32f4xx_it.o
    0x080013d6   0x080013d6   0x00000004   Code   RO          850    i.Error_Handler     main.o
    0x080013da   0x080013da   0x00000024   Code   RO         3920    i.HAL_CAN_ActivateNotification  stm32f4xx_hal_can.o
    0x080013fe   0x080013fe   0x000000d0   Code   RO         3921    i.HAL_CAN_AddTxMessage  stm32f4xx_hal_can.o
    0x080014ce   0x080014ce   0x00000002   PAD
    0x080014d0   0x080014d0   0x0000010c   Code   RO         3922    i.HAL_CAN_ConfigFilter  stm32f4xx_hal_can.o
    0x080015dc   0x080015dc   0x00000002   Code   RO         3925    i.HAL_CAN_ErrorCallback  stm32f4xx_hal_can.o
    0x080015de   0x080015de   0x000000f4   Code   RO         3928    i.HAL_CAN_GetRxMessage  stm32f4xx_hal_can.o
    0x080016d2   0x080016d2   0x000001fc   Code   RO         3932    i.HAL_CAN_IRQHandler  stm32f4xx_hal_can.o
    0x080018ce   0x080018ce   0x0000011a   Code   RO         3933    i.HAL_CAN_Init      stm32f4xx_hal_can.o
    0x080019e8   0x080019e8   0x0000011c   Code   RO         1294    i.HAL_CAN_MspInit   can.o
    0x08001b04   0x08001b04   0x00000002   Code   RO         3940    i.HAL_CAN_RxFifo0FullCallback  stm32f4xx_hal_can.o
    0x08001b06   0x08001b06   0x00000002   PAD
    0x08001b08   0x08001b08   0x000000c4   Code   RO         9257    i.HAL_CAN_RxFifo0MsgPendingCallback  can_receive.o
    0x08001bcc   0x08001bcc   0x00000002   Code   RO         3942    i.HAL_CAN_RxFifo1FullCallback  stm32f4xx_hal_can.o
    0x08001bce   0x08001bce   0x00000002   PAD
    0x08001bd0   0x08001bd0   0x00000060   Code   RO         9258    i.HAL_CAN_RxFifo1MsgPendingCallback  can_receive.o
    0x08001c30   0x08001c30   0x00000002   Code   RO         3944    i.HAL_CAN_SleepCallback  stm32f4xx_hal_can.o
    0x08001c32   0x08001c32   0x00000002   PAD
    0x08001c34   0x08001c34   0x00000058   Code   RO         3945    i.HAL_CAN_Start     stm32f4xx_hal_can.o
    0x08001c8c   0x08001c8c   0x00000002   Code   RO         3947    i.HAL_CAN_TxMailbox0AbortCallback  stm32f4xx_hal_can.o
    0x08001c8e   0x08001c8e   0x00000002   Code   RO         3948    i.HAL_CAN_TxMailbox0CompleteCallback  stm32f4xx_hal_can.o
    0x08001c90   0x08001c90   0x00000002   Code   RO         3949    i.HAL_CAN_TxMailbox1AbortCallback  stm32f4xx_hal_can.o
    0x08001c92   0x08001c92   0x00000002   Code   RO         3950    i.HAL_CAN_TxMailbox1CompleteCallback  stm32f4xx_hal_can.o
    0x08001c94   0x08001c94   0x00000002   Code   RO         3951    i.HAL_CAN_TxMailbox2AbortCallback  stm32f4xx_hal_can.o
    0x08001c96   0x08001c96   0x00000002   Code   RO         3952    i.HAL_CAN_TxMailbox2CompleteCallback  stm32f4xx_hal_can.o
    0x08001c98   0x08001c98   0x00000002   Code   RO         3954    i.HAL_CAN_WakeUpFromRxMsgCallback  stm32f4xx_hal_can.o
    0x08001c9a   0x08001c9a   0x00000092   Code   RO         3243    i.HAL_DMA_Abort     stm32f4xx_hal_dma.o
    0x08001d2c   0x08001d2c   0x00000024   Code   RO         3244    i.HAL_DMA_Abort_IT  stm32f4xx_hal_dma.o
    0x08001d50   0x08001d50   0x00000004   Code   RO         3246    i.HAL_DMA_GetError  stm32f4xx_hal_dma.o
    0x08001d54   0x08001d54   0x000001a0   Code   RO         3248    i.HAL_DMA_IRQHandler  stm32f4xx_hal_dma.o
    0x08001ef4   0x08001ef4   0x000000d4   Code   RO         3249    i.HAL_DMA_Init      stm32f4xx_hal_dma.o
    0x08001fc8   0x08001fc8   0x0000006e   Code   RO         3253    i.HAL_DMA_Start_IT  stm32f4xx_hal_dma.o
    0x08002036   0x08002036   0x00000002   PAD
    0x08002038   0x08002038   0x00000024   Code   RO         3668    i.HAL_Delay         stm32f4xx_hal.o
    0x0800205c   0x0800205c   0x00000002   Code   RO         3134    i.HAL_GPIO_EXTI_Callback  stm32f4xx_hal_gpio.o
    0x0800205e   0x0800205e   0x00000002   PAD
    0x08002060   0x08002060   0x00000018   Code   RO         3135    i.HAL_GPIO_EXTI_IRQHandler  stm32f4xx_hal_gpio.o
    0x08002078   0x08002078   0x000001f0   Code   RO         3136    i.HAL_GPIO_Init     stm32f4xx_hal_gpio.o
    0x08002268   0x08002268   0x0000000a   Code   RO         3140    i.HAL_GPIO_WritePin  stm32f4xx_hal_gpio.o
    0x08002272   0x08002272   0x00000002   PAD
    0x08002274   0x08002274   0x0000000c   Code   RO         3674    i.HAL_GetTick       stm32f4xx_hal.o
    0x08002280   0x08002280   0x00000010   Code   RO         3680    i.HAL_IncTick       stm32f4xx_hal.o
    0x08002290   0x08002290   0x00000034   Code   RO         3681    i.HAL_Init          stm32f4xx_hal.o
    0x080022c4   0x080022c4   0x00000098   Code   RO         1759    i.HAL_InitTick      stm32f4xx_hal_timebase_tim.o
    0x0800235c   0x0800235c   0x00000038   Code   RO         1735    i.HAL_MspInit       stm32f4xx_hal_msp.o
    0x08002394   0x08002394   0x0000001a   Code   RO         3526    i.HAL_NVIC_EnableIRQ  stm32f4xx_hal_cortex.o
    0x080023ae   0x080023ae   0x00000002   PAD
    0x080023b0   0x080023b0   0x00000040   Code   RO         3532    i.HAL_NVIC_SetPriority  stm32f4xx_hal_cortex.o
    0x080023f0   0x080023f0   0x00000024   Code   RO         3533    i.HAL_NVIC_SetPriorityGrouping  stm32f4xx_hal_cortex.o
    0x08002414   0x08002414   0x00000002   Code   RO         2435    i.HAL_PCDEx_LPM_Callback  stm32f4xx_hal_pcd_ex.o
    0x08002416   0x08002416   0x00000008   Code   RO         1989    i.HAL_PCD_ConnectCallback  usbd_conf.o
    0x0800241e   0x0800241e   0x00000012   Code   RO         1990    i.HAL_PCD_DataInStageCallback  usbd_conf.o
    0x08002430   0x08002430   0x00000014   Code   RO         1991    i.HAL_PCD_DataOutStageCallback  usbd_conf.o
    0x08002444   0x08002444   0x00000008   Code   RO         1992    i.HAL_PCD_DisconnectCallback  usbd_conf.o
    0x0800244c   0x0800244c   0x0000001e   Code   RO         2205    i.HAL_PCD_EP_Abort  stm32f4xx_hal_pcd.o
    0x0800246a   0x0800246a   0x0000005a   Code   RO         2207    i.HAL_PCD_EP_ClrStall  stm32f4xx_hal_pcd.o
    0x080024c4   0x080024c4   0x0000005e   Code   RO         2210    i.HAL_PCD_EP_Open   stm32f4xx_hal_pcd.o
    0x08002522   0x08002522   0x00000038   Code   RO         2211    i.HAL_PCD_EP_Receive  stm32f4xx_hal_pcd.o
    0x0800255a   0x0800255a   0x00000072   Code   RO         2212    i.HAL_PCD_EP_SetStall  stm32f4xx_hal_pcd.o
    0x080025cc   0x080025cc   0x00000032   Code   RO         2213    i.HAL_PCD_EP_Transmit  stm32f4xx_hal_pcd.o
    0x080025fe   0x080025fe   0x00000002   PAD
    0x08002600   0x08002600   0x0000055c   Code   RO         2215    i.HAL_PCD_IRQHandler  stm32f4xx_hal_pcd.o
    0x08002b5c   0x08002b5c   0x00000008   Code   RO         1993    i.HAL_PCD_ISOINIncompleteCallback  usbd_conf.o
    0x08002b64   0x08002b64   0x00000008   Code   RO         1994    i.HAL_PCD_ISOOUTIncompleteCallback  usbd_conf.o
    0x08002b6c   0x08002b6c   0x0000002c   Code   RO         1997    i.HAL_PCD_ResetCallback  usbd_conf.o
    0x08002b98   0x08002b98   0x00000008   Code   RO         1998    i.HAL_PCD_ResumeCallback  usbd_conf.o
    0x08002ba0   0x08002ba0   0x00000008   Code   RO         1999    i.HAL_PCD_SOFCallback  usbd_conf.o
    0x08002ba8   0x08002ba8   0x00000026   Code   RO         2224    i.HAL_PCD_SetAddress  stm32f4xx_hal_pcd.o
    0x08002bce   0x08002bce   0x0000000e   Code   RO         2000    i.HAL_PCD_SetupStageCallback  usbd_conf.o
    0x08002bdc   0x08002bdc   0x00000030   Code   RO         2001    i.HAL_PCD_SuspendCallback  usbd_conf.o
    0x08002c0c   0x08002c0c   0x0000013c   Code   RO         2887    i.HAL_RCCEx_PeriphCLKConfig  stm32f4xx_hal_rcc_ex.o
    0x08002d48   0x08002d48   0x00000134   Code   RO         2782    i.HAL_RCC_ClockConfig  stm32f4xx_hal_rcc.o
    0x08002e7c   0x08002e7c   0x00000040   Code   RO         2786    i.HAL_RCC_GetClockConfig  stm32f4xx_hal_rcc.o
    0x08002ebc   0x08002ebc   0x0000000c   Code   RO         2787    i.HAL_RCC_GetHCLKFreq  stm32f4xx_hal_rcc.o
    0x08002ec8   0x08002ec8   0x00000020   Code   RO         2789    i.HAL_RCC_GetPCLK1Freq  stm32f4xx_hal_rcc.o
    0x08002ee8   0x08002ee8   0x00000020   Code   RO         2790    i.HAL_RCC_GetPCLK2Freq  stm32f4xx_hal_rcc.o
    0x08002f08   0x08002f08   0x00000064   Code   RO         2791    i.HAL_RCC_GetSysClockFreq  stm32f4xx_hal_rcc.o
    0x08002f6c   0x08002f6c   0x0000036c   Code   RO         2794    i.HAL_RCC_OscConfig  stm32f4xx_hal_rcc.o
    0x080032d8   0x080032d8   0x0000009c   Code   RO         4166    i.HAL_RTC_Init      stm32f4xx_hal_rtc.o
    0x08003374   0x08003374   0x0000003c   Code   RO         1367    i.HAL_RTC_MspInit   rtc.o
    0x080033b0   0x080033b0   0x00000038   Code   RO         4174    i.HAL_RTC_WaitForSynchro  stm32f4xx_hal_rtc.o
    0x080033e8   0x080033e8   0x000000bc   Code   RO         4564    i.HAL_SPI_Init      stm32f4xx_hal_spi.o
    0x080034a4   0x080034a4   0x000000fc   Code   RO         1409    i.HAL_SPI_MspInit   spi.o
    0x080035a0   0x080035a0   0x000001ee   Code   RO         4573    i.HAL_SPI_TransmitReceive  stm32f4xx_hal_spi.o
    0x0800378e   0x0800378e   0x00000002   Code   RO         5581    i.HAL_TIMEx_BreakCallback  stm32f4xx_hal_tim_ex.o
    0x08003790   0x08003790   0x00000002   Code   RO         5582    i.HAL_TIMEx_CommutCallback  stm32f4xx_hal_tim_ex.o
    0x08003792   0x08003792   0x00000054   Code   RO         5584    i.HAL_TIMEx_ConfigBreakDeadTime  stm32f4xx_hal_tim_ex.o
    0x080037e6   0x080037e6   0x00000002   PAD
    0x080037e8   0x080037e8   0x00000090   Code   RO         5600    i.HAL_TIMEx_MasterConfigSynchronization  stm32f4xx_hal_tim_ex.o
    0x08003878   0x08003878   0x0000005a   Code   RO         4877    i.HAL_TIM_Base_Init  stm32f4xx_hal_tim.o
    0x080038d2   0x080038d2   0x00000002   PAD
    0x080038d4   0x080038d4   0x00000028   Code   RO         1451    i.HAL_TIM_Base_MspInit  tim.o
    0x080038fc   0x080038fc   0x00000080   Code   RO         4882    i.HAL_TIM_Base_Start_IT  stm32f4xx_hal_tim.o
    0x0800397c   0x0800397c   0x00000002   Code   RO         4911    i.HAL_TIM_IC_CaptureCallback  stm32f4xx_hal_tim.o
    0x0800397e   0x0800397e   0x00000130   Code   RO         4925    i.HAL_TIM_IRQHandler  stm32f4xx_hal_tim.o
    0x08003aae   0x08003aae   0x00000002   PAD
    0x08003ab0   0x08003ab0   0x00000088   Code   RO         1452    i.HAL_TIM_MspPostInit  tim.o
    0x08003b38   0x08003b38   0x00000002   Code   RO         4928    i.HAL_TIM_OC_DelayElapsedCallback  stm32f4xx_hal_tim.o
    0x08003b3a   0x08003b3a   0x000000cc   Code   RO         4949    i.HAL_TIM_PWM_ConfigChannel  stm32f4xx_hal_tim.o
    0x08003c06   0x08003c06   0x0000005a   Code   RO         4952    i.HAL_TIM_PWM_Init  stm32f4xx_hal_tim.o
    0x08003c60   0x08003c60   0x00000028   Code   RO         1454    i.HAL_TIM_PWM_MspInit  tim.o
    0x08003c88   0x08003c88   0x00000002   Code   RO         4955    i.HAL_TIM_PWM_PulseFinishedCallback  stm32f4xx_hal_tim.o
    0x08003c8a   0x08003c8a   0x0000000e   Code   RO          851    i.HAL_TIM_PeriodElapsedCallback  main.o
    0x08003c98   0x08003c98   0x00000002   Code   RO         4968    i.HAL_TIM_TriggerCallback  stm32f4xx_hal_tim.o
    0x08003c9a   0x08003c9a   0x00000002   Code   RO         5860    i.HAL_UARTEx_RxEventCallback  stm32f4xx_hal_uart.o
    0x08003c9c   0x08003c9c   0x00000094   Code   RO         5863    i.HAL_UART_AbortReceive  stm32f4xx_hal_uart.o
    0x08003d30   0x08003d30   0x00000002   Code   RO         5874    i.HAL_UART_ErrorCallback  stm32f4xx_hal_uart.o
    0x08003d32   0x08003d32   0x00000002   PAD
    0x08003d34   0x08003d34   0x00000270   Code   RO         5877    i.HAL_UART_IRQHandler  stm32f4xx_hal_uart.o
    0x08003fa4   0x08003fa4   0x00000064   Code   RO         5878    i.HAL_UART_Init     stm32f4xx_hal_uart.o
    0x08004008   0x08004008   0x00000234   Code   RO         1517    i.HAL_UART_MspInit  usart.o
    0x0800423c   0x0800423c   0x0000001c   Code   RO         5882    i.HAL_UART_Receive_DMA  stm32f4xx_hal_uart.o
    0x08004258   0x08004258   0x00000002   Code   RO         5884    i.HAL_UART_RxCpltCallback  stm32f4xx_hal_uart.o
    0x0800425a   0x0800425a   0x00000002   Code   RO         5885    i.HAL_UART_RxHalfCpltCallback  stm32f4xx_hal_uart.o
    0x0800425c   0x0800425c   0x000000a0   Code   RO         5886    i.HAL_UART_Transmit  stm32f4xx_hal_uart.o
    0x080042fc   0x080042fc   0x00000002   Code   RO         5889    i.HAL_UART_TxCpltCallback  stm32f4xx_hal_uart.o
    0x080042fe   0x080042fe   0x00000002   Code   RO         1598    i.HardFault_Handler  stm32f4xx_it.o
    0x08004300   0x08004300   0x00000030   Code   RO         9078    i.KEY_STATE_Ctrl    remote_control.o
    0x08004330   0x08004330   0x00000044   Code   RO         1295    i.MX_CAN1_Init      can.o
    0x08004374   0x08004374   0x00000044   Code   RO         1296    i.MX_CAN2_Init      can.o
    0x080043b8   0x080043b8   0x0000008c   Code   RO         1342    i.MX_DMA_Init       dma.o
    0x08004444   0x08004444   0x00000094   Code   RO         1128    i.MX_FREERTOS_Init  freertos.o
    0x080044d8   0x080044d8   0x00000190   Code   RO         1093    i.MX_GPIO_Init      gpio.o
    0x08004668   0x08004668   0x00000038   Code   RO         1368    i.MX_RTC_Init       rtc.o
    0x080046a0   0x080046a0   0x00000048   Code   RO         1410    i.MX_SPI1_Init      spi.o
    0x080046e8   0x080046e8   0x00000064   Code   RO         1455    i.MX_TIM10_Init     tim.o
    0x0800474c   0x0800474c   0x000000b4   Code   RO         1456    i.MX_TIM1_Init      tim.o
    0x08004800   0x08004800   0x00000050   Code   RO         1518    i.MX_USART1_UART_Init  usart.o
    0x08004850   0x08004850   0x00000040   Code   RO         1519    i.MX_USART3_UART_Init  usart.o
    0x08004890   0x08004890   0x00000038   Code   RO         1520    i.MX_USART6_UART_Init  usart.o
    0x080048c8   0x080048c8   0x00000002   Code   RO         1599    i.MemManage_Handler  stm32f4xx_it.o
    0x080048ca   0x080048ca   0x00000002   Code   RO         1600    i.NMI_Handler       stm32f4xx_it.o
    0x080048cc   0x080048cc   0x0000000c   Code   RO         1601    i.OTG_FS_IRQHandler  stm32f4xx_it.o
    0x080048d8   0x080048d8   0x000004b2   Code   RO          441    i.Odometer_calculate  odometer.o
    0x08004d8a   0x08004d8a   0x00000002   PAD
    0x08004d8c   0x08004d8c   0x00000070   Code   RO          442    i.Odometer_run      odometer.o
    0x08004dfc   0x08004dfc   0x000000cc   Code   RO         2231    i.PCD_EP_OutXfrComplete_int  stm32f4xx_hal_pcd.o
    0x08004ec8   0x08004ec8   0x000000a2   Code   RO         2232    i.PCD_WriteEmptyTxFifo  stm32f4xx_hal_pcd.o
    0x08004f6a   0x08004f6a   0x00000002   PAD
    0x08004f6c   0x08004f6c   0x00000048   Code   RO         4177    i.RTC_EnterInitMode  stm32f4xx_hal_rtc.o
    0x08004fb4   0x08004fb4   0x0000002a   Code   RO         4178    i.RTC_ExitInitMode  stm32f4xx_hal_rtc.o
    0x08004fde   0x08004fde   0x00000002   PAD
    0x08004fe0   0x08004fe0   0x00000160   Code   RO         8968    i.RX_USART_data_Handle  bsp_transmit.o
    0x08005140   0x08005140   0x0000006c   Code   RO         4602    i.SPI_EndRxTxTransaction  stm32f4xx_hal_spi.o
    0x080051ac   0x080051ac   0x000000b8   Code   RO         4607    i.SPI_WaitFlagStateUntilTimeout  stm32f4xx_hal_spi.o
    0x08005264   0x08005264   0x0000000a   Code   RO         7709    i.SWAPBYTE          usbd_ctlreq.o
    0x0800526e   0x0800526e   0x00000008   Code   RO         1129    i.StartDefaultTask  freertos.o
    0x08005276   0x08005276   0x00000002   PAD
    0x08005278   0x08005278   0x00000050   Code   RO         1094    i.Start_PIN_int     gpio.o
    0x080052c8   0x080052c8   0x0000002c   Code   RO         7471    i.SysTick_Handler   port.o
    0x080052f4   0x080052f4   0x00000094   Code   RO          852    i.SystemClock_Config  main.o
    0x08005388   0x08005388   0x00000010   Code   RO         6212    i.SystemInit        system_stm32f4xx.o
    0x08005398   0x08005398   0x0000000c   Code   RO         1602    i.TIM2_IRQHandler   stm32f4xx_it.o
    0x080053a4   0x080053a4   0x000000d8   Code   RO         4970    i.TIM_Base_SetConfig  stm32f4xx_hal_tim.o
    0x0800547c   0x0800547c   0x00000060   Code   RO         4983    i.TIM_OC1_SetConfig  stm32f4xx_hal_tim.o
    0x080054dc   0x080054dc   0x0000006c   Code   RO         4984    i.TIM_OC2_SetConfig  stm32f4xx_hal_tim.o
    0x08005548   0x08005548   0x00000068   Code   RO         4985    i.TIM_OC3_SetConfig  stm32f4xx_hal_tim.o
    0x080055b0   0x080055b0   0x00000050   Code   RO         4986    i.TIM_OC4_SetConfig  stm32f4xx_hal_tim.o
    0x08005600   0x08005600   0x00000010   Code   RO         5891    i.UART_DMAAbortOnError  stm32f4xx_hal_uart.o
    0x08005610   0x08005610   0x0000004a   Code   RO         5892    i.UART_DMAError     stm32f4xx_hal_uart.o
    0x0800565a   0x0800565a   0x00000086   Code   RO         5893    i.UART_DMAReceiveCplt  stm32f4xx_hal_uart.o
    0x080056e0   0x080056e0   0x0000001e   Code   RO         5895    i.UART_DMARxHalfCplt  stm32f4xx_hal_uart.o
    0x080056fe   0x080056fe   0x0000004e   Code   RO         5901    i.UART_EndRxTransfer  stm32f4xx_hal_uart.o
    0x0800574c   0x0800574c   0x0000001c   Code   RO         5902    i.UART_EndTxTransfer  stm32f4xx_hal_uart.o
    0x08005768   0x08005768   0x000000c2   Code   RO         5903    i.UART_Receive_IT   stm32f4xx_hal_uart.o
    0x0800582a   0x0800582a   0x00000002   PAD
    0x0800582c   0x0800582c   0x0000010c   Code   RO         5904    i.UART_SetConfig    stm32f4xx_hal_uart.o
    0x08005938   0x08005938   0x00000090   Code   RO         5905    i.UART_Start_Receive_DMA  stm32f4xx_hal_uart.o
    0x080059c8   0x080059c8   0x00000072   Code   RO         5907    i.UART_WaitOnFlagUntilTimeout  stm32f4xx_hal_uart.o
    0x08005a3a   0x08005a3a   0x00000002   PAD
    0x08005a3c   0x08005a3c   0x00000068   Code   RO         1603    i.USART1_IRQHandler  stm32f4xx_it.o
    0x08005aa4   0x08005aa4   0x000000c0   Code   RO         9084    i.USART3_IRQHandler  remote_control.o
    0x08005b64   0x08005b64   0x00000014   Code   RO         7550    i.USBD_ClrClassConfig  usbd_core.o
    0x08005b78   0x08005b78   0x00000004   Code   RO         7551    i.USBD_CoreFindEP   usbd_core.o
    0x08005b7c   0x08005b7c   0x00000004   Code   RO         7552    i.USBD_CoreFindIF   usbd_core.o
    0x08005b80   0x08005b80   0x00000010   Code   RO         7782    i.USBD_CtlContinueRx  usbd_ioreq.o
    0x08005b90   0x08005b90   0x00000010   Code   RO         7783    i.USBD_CtlContinueSendData  usbd_ioreq.o
    0x08005ba0   0x08005ba0   0x00000016   Code   RO         7710    i.USBD_CtlError     usbd_ctlreq.o
    0x08005bb6   0x08005bb6   0x00000016   Code   RO         7785    i.USBD_CtlReceiveStatus  usbd_ioreq.o
    0x08005bcc   0x08005bcc   0x0000001a   Code   RO         7786    i.USBD_CtlSendData  usbd_ioreq.o
    0x08005be6   0x08005be6   0x00000016   Code   RO         7787    i.USBD_CtlSendStatus  usbd_ioreq.o
    0x08005bfc   0x08005bfc   0x000000e6   Code   RO         7711    i.USBD_GetDescriptor  usbd_ctlreq.o
    0x08005ce2   0x08005ce2   0x00000018   Code   RO         2002    i.USBD_Get_USB_Status  usbd_conf.o
    0x08005cfa   0x08005cfa   0x00000012   Code   RO         2003    i.USBD_LL_ClearStallEP  usbd_conf.o
    0x08005d0c   0x08005d0c   0x000000b6   Code   RO         7557    i.USBD_LL_DataInStage  usbd_core.o
    0x08005dc2   0x08005dc2   0x0000008e   Code   RO         7558    i.USBD_LL_DataOutStage  usbd_core.o
    0x08005e50   0x08005e50   0x00000004   Code   RO         7559    i.USBD_LL_DevConnected  usbd_core.o
    0x08005e54   0x08005e54   0x0000001e   Code   RO         7560    i.USBD_LL_DevDisconnected  usbd_core.o
    0x08005e72   0x08005e72   0x0000001e   Code   RO         2010    i.USBD_LL_IsStallEP  usbd_conf.o
    0x08005e90   0x08005e90   0x00000028   Code   RO         7561    i.USBD_LL_IsoINIncomplete  usbd_core.o
    0x08005eb8   0x08005eb8   0x00000028   Code   RO         7562    i.USBD_LL_IsoOUTIncomplete  usbd_core.o
    0x08005ee0   0x08005ee0   0x00000018   Code   RO         2011    i.USBD_LL_OpenEP    usbd_conf.o
    0x08005ef8   0x08005ef8   0x00000012   Code   RO         2012    i.USBD_LL_PrepareReceive  usbd_conf.o
    0x08005f0a   0x08005f0a   0x0000005c   Code   RO         7563    i.USBD_LL_Reset     usbd_core.o
    0x08005f66   0x08005f66   0x00000014   Code   RO         7564    i.USBD_LL_Resume    usbd_core.o
    0x08005f7a   0x08005f7a   0x0000001a   Code   RO         7565    i.USBD_LL_SOF       usbd_core.o
    0x08005f94   0x08005f94   0x00000006   Code   RO         7566    i.USBD_LL_SetSpeed  usbd_core.o
    0x08005f9a   0x08005f9a   0x00000012   Code   RO         2013    i.USBD_LL_SetUSBAddress  usbd_conf.o
    0x08005fac   0x08005fac   0x00000060   Code   RO         7567    i.USBD_LL_SetupStage  usbd_core.o
    0x0800600c   0x0800600c   0x00000012   Code   RO         2014    i.USBD_LL_StallEP   usbd_conf.o
    0x0800601e   0x0800601e   0x0000001a   Code   RO         7568    i.USBD_LL_Suspend   usbd_core.o
    0x08006038   0x08006038   0x00000012   Code   RO         2017    i.USBD_LL_Transmit  usbd_conf.o
    0x0800604a   0x0800604a   0x0000002c   Code   RO         7713    i.USBD_ParseSetupRequest  usbd_ctlreq.o
    0x08006076   0x08006076   0x00000014   Code   RO         7571    i.USBD_SetClassConfig  usbd_core.o
    0x0800608a   0x0800608a   0x00000002   PAD
    0x0800608c   0x0800608c   0x000000b8   Code   RO         7714    i.USBD_SetConfig    usbd_ctlreq.o
    0x08006144   0x08006144   0x0000012c   Code   RO         7715    i.USBD_StdDevReq    usbd_ctlreq.o
    0x08006270   0x08006270   0x00000160   Code   RO         7716    i.USBD_StdEPReq     usbd_ctlreq.o
    0x080063d0   0x080063d0   0x00000072   Code   RO         7717    i.USBD_StdItfReq    usbd_ctlreq.o
    0x08006442   0x08006442   0x00000002   PAD
    0x08006444   0x08006444   0x00000080   Code   RO         2477    i.USB_ActivateEndpoint  stm32f4xx_ll_usb.o
    0x080064c4   0x080064c4   0x0000001c   Code   RO         2479    i.USB_ActivateSetup  stm32f4xx_ll_usb.o
    0x080064e0   0x080064e0   0x00000058   Code   RO         2492    i.USB_EP0_OutStart  stm32f4xx_ll_usb.o
    0x08006538   0x08006538   0x00000058   Code   RO         2493    i.USB_EPClearStall  stm32f4xx_ll_usb.o
    0x08006590   0x08006590   0x00000058   Code   RO         2494    i.USB_EPSetStall    stm32f4xx_ll_usb.o
    0x080065e8   0x080065e8   0x00000230   Code   RO         2495    i.USB_EPStartXfer   stm32f4xx_ll_usb.o
    0x08006818   0x08006818   0x0000009e   Code   RO         2496    i.USB_EPStopXfer    stm32f4xx_ll_usb.o
    0x080068b6   0x080068b6   0x0000003c   Code   RO         2499    i.USB_FlushTxFifo   stm32f4xx_ll_usb.o
    0x080068f2   0x080068f2   0x0000001a   Code   RO         2501    i.USB_GetDevSpeed   stm32f4xx_ll_usb.o
    0x0800690c   0x0800690c   0x00000008   Code   RO         2503    i.USB_GetMode       stm32f4xx_ll_usb.o
    0x08006914   0x08006914   0x0000000e   Code   RO         2511    i.USB_ReadDevAllInEpInterrupt  stm32f4xx_ll_usb.o
    0x08006922   0x08006922   0x0000000e   Code   RO         2512    i.USB_ReadDevAllOutEpInterrupt  stm32f4xx_ll_usb.o
    0x08006930   0x08006930   0x00000024   Code   RO         2513    i.USB_ReadDevInEPInterrupt  stm32f4xx_ll_usb.o
    0x08006954   0x08006954   0x00000010   Code   RO         2514    i.USB_ReadDevOutEPInterrupt  stm32f4xx_ll_usb.o
    0x08006964   0x08006964   0x00000008   Code   RO         2515    i.USB_ReadInterrupts  stm32f4xx_ll_usb.o
    0x0800696c   0x0800696c   0x0000003e   Code   RO         2516    i.USB_ReadPacket    stm32f4xx_ll_usb.o
    0x080069aa   0x080069aa   0x00000022   Code   RO         2519    i.USB_SetDevAddress  stm32f4xx_ll_usb.o
    0x080069cc   0x080069cc   0x000000e8   Code   RO         2521    i.USB_SetTurnaroundTime  stm32f4xx_ll_usb.o
    0x08006ab4   0x08006ab4   0x00000028   Code   RO         2524    i.USB_WritePacket   stm32f4xx_ll_usb.o
    0x08006adc   0x08006adc   0x00000002   Code   RO         1604    i.UsageFault_Handler  stm32f4xx_it.o
    0x08006ade   0x08006ade   0x00000002   PAD
    0x08006ae0   0x08006ae0   0x00000090   Code   RO         9085    i.WHEEL_STATE_Ctrl  remote_control.o
    0x08006b70   0x08006b70   0x00000020   Code   RO        10499    i.__0printf         mc_w.l(printfa.o)
    0x08006b90   0x08006b90   0x00000030   Code   RO        10616    i.__ARM_fpclassify  m_wm.l(fpclassify.o)
    0x08006bc0   0x08006bc0   0x00000020   Code   RO         3539    i.__NVIC_SetPriority  stm32f4xx_hal_cortex.o
    0x08006be0   0x08006be0   0x000002d8   Code   RO        10579    i.__hardfp_atan     m_wm.l(atan.o)
    0x08006eb8   0x08006eb8   0x00000200   Code   RO        10146    i.__hardfp_atan2    m_wm.l(atan2.o)
    0x080070b8   0x080070b8   0x000000c8   Code   RO        10170    i.__hardfp_cos      m_wm.l(cos.o)
    0x08007180   0x08007180   0x00000c50   Code   RO        10196    i.__hardfp_pow      m_wm.l(pow.o)
    0x08007dd0   0x08007dd0   0x000000c8   Code   RO        10210    i.__hardfp_sin      m_wm.l(sin.o)
    0x08007e98   0x08007e98   0x0000007a   Code   RO        10222    i.__hardfp_sqrt     m_wm.l(sqrt_full.o)
    0x08007f12   0x08007f12   0x0000003a   Code   RO        10228    i.__hardfp_sqrtf    m_wm.l(sqrtf_full.o)
    0x08007f4c   0x08007f4c   0x00000004   PAD
    0x08007f50   0x08007f50   0x00000438   Code   RO        10637    i.__ieee754_rem_pio2  m_wm.l(rred.o)
    0x08008388   0x08008388   0x00000170   Code   RO        10593    i.__kernel_cos      m_wm.l(cos_i.o)
    0x080084f8   0x080084f8   0x000000f8   Code   RO        10634    i.__kernel_poly     m_wm.l(poly.o)
    0x080085f0   0x080085f0   0x00000130   Code   RO        10642    i.__kernel_sin      m_wm.l(sin_i.o)
    0x08008720   0x08008720   0x00000030   Code   RO        10596    i.__mathlib_dbl_divzero  m_wm.l(dunder.o)
    0x08008750   0x08008750   0x00000014   Code   RO        10597    i.__mathlib_dbl_infnan  m_wm.l(dunder.o)
    0x08008764   0x08008764   0x00000014   Code   RO        10598    i.__mathlib_dbl_infnan2  m_wm.l(dunder.o)
    0x08008778   0x08008778   0x00000020   Code   RO        10599    i.__mathlib_dbl_invalid  m_wm.l(dunder.o)
    0x08008798   0x08008798   0x00000020   Code   RO        10600    i.__mathlib_dbl_overflow  m_wm.l(dunder.o)
    0x080087b8   0x080087b8   0x00000020   Code   RO        10602    i.__mathlib_dbl_underflow  m_wm.l(dunder.o)
    0x080087d8   0x080087d8   0x0000000e   Code   RO        10697    i.__scatterload_copy  mc_w.l(handlers.o)
    0x080087e6   0x080087e6   0x00000002   Code   RO        10698    i.__scatterload_null  mc_w.l(handlers.o)
    0x080087e8   0x080087e8   0x0000000e   Code   RO        10699    i.__scatterload_zeroinit  mc_w.l(handlers.o)
    0x080087f6   0x080087f6   0x00000002   PAD
    0x080087f8   0x080087f8   0x0000000c   Code   RO        10677    i.__set_errno       mc_w.l(errno.o)
    0x08008804   0x08008804   0x00000184   Code   RO        10506    i._fp_digits        mc_w.l(printfa.o)
    0x08008988   0x08008988   0x000006b4   Code   RO        10507    i._printf_core      mc_w.l(printfa.o)
    0x0800903c   0x0800903c   0x00000024   Code   RO        10508    i._printf_post_padding  mc_w.l(printfa.o)
    0x08009060   0x08009060   0x0000002e   Code   RO        10509    i._printf_pre_padding  mc_w.l(printfa.o)
    0x0800908e   0x0800908e   0x0000002a   Code   RO         8909    i.abs_limit         bsp_pid.o
    0x080090b8   0x080090b8   0x00000010   Code   RO        10581    i.atan              m_wm.l(atan.o)
    0x080090c8   0x080090c8   0x00000128   Code   RO         8218    i.bmi088_accel_init  bmi088driver.o
    0x080091f0   0x080091f0   0x000000fc   Code   RO         8219    i.bmi088_gyro_init  bmi088driver.o
    0x080092ec   0x080092ec   0x00000060   Code   RO         8565    i.can_filter_init   bsp_can.o
    0x0800934c   0x0800934c   0x000000ac   Code   RO          663    i.chassis_clac      sentry_chassis.o
    0x080093f8   0x080093f8   0x00000114   Code   RO            4    i.chassis_data_updata  system.o
    0x0800950c   0x0800950c   0x000000ac   Code   RO            9    i.chassis_mode_chose  system.o
    0x080095b8   0x080095b8   0x00000014   Code   RO           10    i.chassis_mode_updata  system.o
    0x080095cc   0x080095cc   0x00000048   Code   RO          367    i.chassis_normol_send  motor.o
    0x08009614   0x08009614   0x00000220   Code   RO          664    i.chassis_pid_init  sentry_chassis.o
    0x08009834   0x08009834   0x000001f8   Code   RO          665    i.chassis_power_get  sentry_chassis.o
    0x08009a2c   0x08009a2c   0x000005e8   Code   RO          666    i.chassis_power_limit_set  sentry_chassis.o
    0x0800a014   0x0800a014   0x00000050   Code   RO          667    i.chassis_real_move_get  sentry_chassis.o
    0x0800a064   0x0800a064   0x000003a0   Code   RO          668    i.chassis_speed_get  sentry_chassis.o
    0x0800a404   0x0800a404   0x0000027c   Code   RO          669    i.chassis_speed_set  sentry_chassis.o
    0x0800a680   0x0800a680   0x00000014   Code   RO          801    i.communication_frame_rate_update  detect_task.o
    0x0800a694   0x0800a694   0x00000048   Code   RO          802    i.detect_init       detect_task.o
    0x0800a6dc   0x0800a6dc   0x00000018   Code   RO        10612    i.fabs              m_wm.l(fabs.o)
    0x0800a6f4   0x0800a6f4   0x00000012   Code   RO         8041    i.first_order_filter_init  user_lib.o
    0x0800a706   0x0800a706   0x00000002   PAD
    0x0800a708   0x0800a708   0x00000018   Code   RO          853    i.fputc             main.o
    0x0800a720   0x0800a720   0x00000154   Code   RO           16    i.get_diff_angle    system.o
    0x0800a874   0x0800a874   0x00000066   Code   RO         9260    i.get_motor_measure  can_receive.o
    0x0800a8da   0x0800a8da   0x0000002a   Code   RO          670    i.limit_addspeed    sentry_chassis.o
    0x0800a904   0x0800a904   0x00000038   Code   RO          443    i.loacation_init    odometer.o
    0x0800a93c   0x0800a93c   0x00000060   Code   RO          854    i.main              main.o
    0x0800a99c   0x0800a99c   0x0000000c   Code   RO         7036    i.makeFreeRtosPriority  cmsis_os.o
    0x0800a9a8   0x0800a9a8   0x00000038   Code   RO          672    i.move_state_change  sentry_chassis.o
    0x0800a9e0   0x0800a9e0   0x0000000e   Code   RO         7038    i.osDelay           cmsis_os.o
    0x0800a9ee   0x0800a9ee   0x0000000a   Code   RO         7041    i.osKernelStart     cmsis_os.o
    0x0800a9f8   0x0800a9f8   0x00000054   Code   RO         7075    i.osThreadCreate    cmsis_os.o
    0x0800aa4c   0x0800aa4c   0x00000082   Code   RO         8915    i.pid_calc          bsp_pid.o
    0x0800aace   0x0800aace   0x00000006   Code   RO         8916    i.pid_init          bsp_pid.o
    0x0800aad4   0x0800aad4   0x0000002c   Code   RO           17    i.printf_task       system.o
    0x0800ab00   0x0800ab00   0x00000070   Code   RO         6718    i.prvAddCurrentTaskToDelayedList  tasks.o
    0x0800ab70   0x0800ab70   0x000000d0   Code   RO         6719    i.prvAddNewTaskToReadyList  tasks.o
    0x0800ac40   0x0800ac40   0x00000034   Code   RO         6720    i.prvDeleteTCB      tasks.o
    0x0800ac74   0x0800ac74   0x00000048   Code   RO         7403    i.prvHeapInit       heap_4.o
    0x0800acbc   0x0800acbc   0x00000060   Code   RO         6721    i.prvIdleTask       tasks.o
    0x0800ad1c   0x0800ad1c   0x00000098   Code   RO         6722    i.prvInitialiseNewTask  tasks.o
    0x0800adb4   0x0800adb4   0x0000004c   Code   RO         7404    i.prvInsertBlockIntoFreeList  heap_4.o
    0x0800ae00   0x0800ae00   0x00000020   Code   RO         6723    i.prvResetNextTaskUnblockTime  tasks.o
    0x0800ae20   0x0800ae20   0x00000028   Code   RO         7472    i.prvTaskExitError  port.o
    0x0800ae48   0x0800ae48   0x000000dc   Code   RO         7405    i.pvPortMalloc      heap_4.o
    0x0800af24   0x0800af24   0x0000002c   Code   RO         7473    i.pxPortInitialiseStack  port.o
    0x0800af50   0x0800af50   0x0000031a   Code   RO         9089    i.sbus_to_rc        remote_control.o
    0x0800b26a   0x0800b26a   0x00000002   PAD
    0x0800b26c   0x0800b26c   0x00000040   Code   RO          673    i.sentry_chassis_run  sentry_chassis.o
    0x0800b2ac   0x0800b2ac   0x0000005c   Code   RO         9427    i.set_motor_current  can_transmit.o
    0x0800b308   0x0800b308   0x00000030   Code   RO           19    i.speed_filter      system.o
    0x0800b338   0x0800b338   0x000002dc   Code   RO          675    i.speed_in_reslove_1  sentry_chassis.o
    0x0800b614   0x0800b614   0x0000006e   Code   RO        10224    i.sqrt              m_wm.l(sqrt_full.o)
    0x0800b682   0x0800b682   0x00000002   PAD
    0x0800b684   0x0800b684   0x0000046a   Code   RO          676    i.steer_angle_get   sentry_chassis.o
    0x0800baee   0x0800baee   0x00000002   PAD
    0x0800baf0   0x0800baf0   0x00000058   Code   RO          370    i.steer_normol_send  motor.o
    0x0800bb48   0x0800bb48   0x00000068   Code   RO           20    i.system_run        system.o
    0x0800bbb0   0x0800bbb0   0x00000026   Code   RO         6354    i.uxListRemove      list.o
    0x0800bbd6   0x0800bbd6   0x00000002   PAD
    0x0800bbd8   0x0800bbd8   0x00000014   Code   RO         1133    i.vApplicationGetIdleTaskMemory  freertos.o
    0x0800bbec   0x0800bbec   0x00000016   Code   RO         6355    i.vListInitialise   list.o
    0x0800bc02   0x0800bc02   0x00000006   Code   RO         6356    i.vListInitialiseItem  list.o
    0x0800bc08   0x0800bc08   0x00000030   Code   RO         6357    i.vListInsert       list.o
    0x0800bc38   0x0800bc38   0x00000018   Code   RO         6358    i.vListInsertEnd    list.o
    0x0800bc50   0x0800bc50   0x00000040   Code   RO         7475    i.vPortEnterCritical  port.o
    0x0800bc90   0x0800bc90   0x00000028   Code   RO         7476    i.vPortExitCritical  port.o
    0x0800bcb8   0x0800bcb8   0x00000064   Code   RO         7406    i.vPortFree         heap_4.o
    0x0800bd1c   0x0800bd1c   0x00000024   Code   RO         7477    i.vPortSetupTimerInterrupt  port.o
    0x0800bd40   0x0800bd40   0x0000004c   Code   RO         6732    i.vTaskDelay        tasks.o
    0x0800bd8c   0x0800bd8c   0x0000006c   Code   RO         6745    i.vTaskStartScheduler  tasks.o
    0x0800bdf8   0x0800bdf8   0x00000010   Code   RO         6747    i.vTaskSuspendAll   tasks.o
    0x0800be08   0x0800be08   0x0000005c   Code   RO         6748    i.vTaskSwitchContext  tasks.o
    0x0800be64   0x0800be64   0x000000f4   Code   RO         7479    i.xPortStartScheduler  port.o
    0x0800bf58   0x0800bf58   0x0000005a   Code   RO         6751    i.xTaskCreate       tasks.o
    0x0800bfb2   0x0800bfb2   0x00000056   Code   RO         6752    i.xTaskCreateStatic  tasks.o
    0x0800c008   0x0800c008   0x000000cc   Code   RO         6759    i.xTaskIncrementTick  tasks.o
    0x0800c0d4   0x0800c0d4   0x000000c4   Code   RO         6765    i.xTaskResumeAll    tasks.o
    0x0800c198   0x0800c198   0x00000016   Data   RO          805    .constdata          detect_task.o
    0x0800c1ae   0x0800c1ae   0x00000002   PAD
    0x0800c1b0   0x0800c1b0   0x000000a8   Data   RO         1135    .constdata          freertos.o
    0x0800c258   0x0800c258   0x00000008   Data   RO         3255    .constdata          stm32f4xx_hal_dma.o
    0x0800c260   0x0800c260   0x00000010   Data   RO         6213    .constdata          system_stm32f4xx.o
    0x0800c270   0x0800c270   0x00000008   Data   RO         6214    .constdata          system_stm32f4xx.o
    0x0800c278   0x0800c278   0x00000804   Data   RO        10099    .constdata          arm_cortexM4lf_math.lib(arm_common_tables.o)
    0x0800ca7c   0x0800ca7c   0x00000004   PAD
    0x0800ca80   0x0800ca80   0x00000088   Data   RO        10199    .constdata          m_wm.l(pow.o)
    0x0800cb08   0x0800cb08   0x00000098   Data   RO        10582    .constdata          m_wm.l(atan.o)
    0x0800cba0   0x0800cba0   0x00000030   Data   RO        10594    .constdata          m_wm.l(cos_i.o)
    0x0800cbd0   0x0800cbd0   0x00000008   Data   RO        10636    .constdata          m_wm.l(qnan.o)
    0x0800cbd8   0x0800cbd8   0x000000c8   Data   RO        10639    .constdata          m_wm.l(rred.o)
    0x0800cca0   0x0800cca0   0x00000028   Data   RO        10643    .constdata          m_wm.l(sin_i.o)
    0x0800ccc8   0x0800ccc8   0x00000049   Data   RO         1136    .conststring        freertos.o
    0x0800cd11   0x0800cd11   0x00000003   PAD
    0x0800cd14   0x0800cd14   0x00000020   Data   RO        10695    Region$$Table       anon$$obj.o


    Execution Region RW_IRAM1 (Exec base: 0x20000000, Load base: 0x0800cd34, Size: 0x00007e10, Max: 0x0001c000, ABSOLUTE, COMPRESSED[0x00000074])

    Exec Addr    Load Addr    Size         Type   Attr      Idx    E Section Name        Object

    0x20000000   COMPRESSED   0x0000017c   Data   RW           22    .data               system.o
    0x2000017c   COMPRESSED   0x00000008   Data   RW          371    .data               motor.o
    0x20000184   COMPRESSED   0x00000004   PAD
    0x20000188   COMPRESSED   0x00000020   Data   RW          445    .data               odometer.o
    0x200001a8   COMPRESSED   0x00000024   Data   RW          681    .data               sentry_chassis.o
    0x200001cc   COMPRESSED   0x00000018   Data   RW         1137    .data               freertos.o
    0x200001e4   COMPRESSED   0x00000004   Data   RW         1298    .data               can.o
    0x200001e8   COMPRESSED   0x0000000c   Data   RW         1605    .data               stm32f4xx_it.o
    0x200001f4   COMPRESSED   0x0000000c   Data   RW         3688    .data               stm32f4xx_hal.o
    0x20000200   COMPRESSED   0x00000004   Data   RW         6215    .data               system_stm32f4xx.o
    0x20000204   COMPRESSED   0x0000003c   Data   RW         6768    .data               tasks.o
    0x20000240   COMPRESSED   0x00000020   Data   RW         7412    .data               heap_4.o
    0x20000260   COMPRESSED   0x0000000c   Data   RW         7480    .data               port.o
    0x2000026c   COMPRESSED   0x00000001   Data   RW         7718    .data               usbd_ctlreq.o
    0x2000026d   COMPRESSED   0x00000003   PAD
    0x20000270   COMPRESSED   0x00000048   Data   RW         8221    .data               bmi088driver.o
    0x200002b8   COMPRESSED   0x00000004   Data   RW         8298    .data               bmi088middleware.o
    0x200002bc   COMPRESSED   0x00000004   PAD
    0x200002c0   COMPRESSED   0x00000040   Data   RW         8817    .data               bsp_dwt.o
    0x20000300   COMPRESSED   0x00000008   Data   RW         8974    .data               bsp_transmit.o
    0x20000308   COMPRESSED   0x00000028   Data   RW         9092    .data               remote_control.o
    0x20000330   COMPRESSED   0x0000000c   Data   RW         9267    .data               can_receive.o
    0x2000033c   COMPRESSED   0x00000008   Data   RW         9429    .data               can_transmit.o
    0x20000344   COMPRESSED   0x00000008   Data   RW         9433    .data               can_transmit.o
    0x2000034c   COMPRESSED   0x00000008   Data   RW         9435    .data               can_transmit.o
    0x20000354   COMPRESSED   0x00000004   Data   RW        10664    .data               mc_w.l(stdout.o)
    0x20000358   COMPRESSED   0x00000004   Data   RW        10678    .data               mc_w.l(errno.o)
    0x2000035c        -       0x0000004c   Zero   RW           21    .bss                system.o
    0x200003a8        -       0x0000005c   Zero   RW          444    .bss                odometer.o
    0x20000404        -       0x000003c0   Zero   RW          677    .bss                sentry_chassis.o
    0x200007c4        -       0x00000108   Zero   RW          804    .bss                detect_task.o
    0x200008cc        -       0x00000254   Zero   RW         1134    .bss                freertos.o
    0x20000b20        -       0x00000050   Zero   RW         1297    .bss                can.o
    0x20000b70        -       0x00000020   Zero   RW         1369    .bss                rtc.o
    0x20000b90        -       0x00000118   Zero   RW         1411    .bss                spi.o
    0x20000ca8        -       0x00000090   Zero   RW         1457    .bss                tim.o
    0x20000d38        -       0x00000258   Zero   RW         1521    .bss                usart.o
    0x20000f90        -       0x00000048   Zero   RW         1762    .bss                stm32f4xx_hal_timebase_tim.o
    0x20000fd8        -       0x00000704   Zero   RW         2020    .bss                usbd_conf.o
    0x200016dc        -       0x000000f0   Zero   RW         6767    .bss                tasks.o
    0x200017cc        -       0x000042d0   Zero   RW         7411    .bss                heap_4.o
    0x20005a9c        -       0x00000040   Zero   RW         8220    .bss                bmi088driver.o
    0x20005adc        -       0x00000028   Zero   RW         8566    .bss                bsp_can.o
    0x20005b04        -       0x00000064   Zero   RW         8970    .bss                bsp_transmit.o
    0x20005b68        -       0x0000003c   Zero   RW         8971    .bss                bsp_transmit.o
    0x20005ba4        -       0x000000a8   Zero   RW         9090    .bss                remote_control.o
    0x20005c4c        -       0x000001c4   Zero   RW         9262    .bss                can_receive.o
    0x20005e10        -       0x00002000   Zero   RW          840    STACK               startup_stm32f407xx.o


    Execution Region RW_IRAM2 (Exec base: 0x2001c000, Load base: 0x0800cda8, Size: 0x00000000, Max: 0x00004000, ABSOLUTE)

    **** No section assigned to this execution region ****


==============================================================================

Image component sizes


      Code (inc. data)   RO Data    RW Data    ZI Data      Debug   Object Name

      1780        102          0         72         64      10669   bmi088driver.o
       100         30          0          4          0       3212   bmi088middleware.o
        96         12          0          0         40        790   bsp_can.o
       424         68          0         64          0       4451   bsp_dwt.o
       178          0          0          0          0       3502   bsp_pid.o
         0          0          0          0          0        572   bsp_rc.o
       352         28          0          8        160       6575   bsp_transmit.o
       420         42          0          4         80       2530   can.o
       394         26          0         12        452       5378   can_receive.o
        92          4          0         24          0       1644   can_transmit.o
       120          0          0          0          0      23409   cmsis_os.o
       164         20         22          0        264       3886   detect_task.o
       140          4          0          0          0        862   dma.o
         0          0          0          0          0      17012   event_groups.o
       176         12        241         24        596      24983   freertos.o
       560         38          0          0          0       2419   gpio.o
       468         22          0         32      17104       7491   heap_4.o
       138          0          0          0          0       3614   list.o
       286         16          0          0          0     742116   main.o
       160         30          0          8          0       1328   motor.o
      1370        122          0         32         92      14346   odometer.o
       702         72          0         12          0      11052   port.o
      1178         48          0         40        168     589634   remote_control.o
       116         22          0          0         32       1579   rtc.o
      6400        444          0         36        960      14692   sentry_chassis.o
       324         34          0          0        280       1939   spi.o
        36          8        392          0       8192        804   startup_stm32f407xx.o
       116         18          0         12          0       8758   stm32f4xx_hal.o
      1656          6          0          0          0      13859   stm32f4xx_hal_can.o
       158         14          0          0          0      33090   stm32f4xx_hal_cortex.o
      1088         16          8          0          0       7993   stm32f4xx_hal_dma.o
       532         52          0          0          0       3400   stm32f4xx_hal_gpio.o
        56          4          0          0          0        878   stm32f4xx_hal_msp.o
      2210         12          0          0          0      10522   stm32f4xx_hal_pcd.o
         2          0          0          0          0        945   stm32f4xx_hal_pcd_ex.o
      1424         92          0          0          0       6429   stm32f4xx_hal_rcc.o
       316         20          0          0          0       1400   stm32f4xx_hal_rcc_ex.o
       326         12          0          0          0       3617   stm32f4xx_hal_rtc.o
       974         14          0          0          0       5025   stm32f4xx_hal_spi.o
      1428        110          0          0          0      11776   stm32f4xx_hal_tim.o
       232         28          0          0          0       3341   stm32f4xx_hal_tim_ex.o
       152         18          0          0         72       1499   stm32f4xx_hal_timebase_tim.o
      2150         30          0          0          0      16230   stm32f4xx_hal_uart.o
       260         76          0         12          0      11084   stm32f4xx_it.o
      1688         90          0          0          0      15778   stm32f4xx_ll_usb.o
         0          0          0          0          0        456   stream_buffer.o
      1004        172          0        380         76      24084   system.o
        16          4         24          4          0       1147   system_stm32f4xx.o
      1520        112          0         60        240      19610   tasks.o
       496         60          0          0        144       3677   tim.o
       764         88          0          0        600       3608   usart.o
       360          4          0          0       1796      13130   usbd_conf.o
       752          0          0          0          0      12080   usbd_core.o
      1256         28          0          1          0      13999   usbd_ctlreq.o
       102          0          0          0          0       3852   usbd_ioreq.o
        18          0          0          0          0       2794   user_lib.o

    ----------------------------------------------------------------------
     37286       2284        724        852      31412    1754550   Object Totals
         0          0         32          0          0          0   (incl. Generated)
        56          0          5         11          0          0   (incl. Padding)

    ----------------------------------------------------------------------

      Code (inc. data)   RO Data    RW Data    ZI Data      Debug   Library Member Name

         0          0       2052          0          0       4704   arm_common_tables.o
       120         12          0          0          0      17170   arm_cos_f32.o
       744        106        152          0          0        352   atan.o
       512         64          0          0          0        208   atan2.o
       200         20          0          0          0        164   cos.o
       368         46         48          0          0        200   cos_i.o
       184         44          0          0          0        744   dunder.o
        24          0          0          0          0        124   fabs.o
        48          0          0          0          0        124   fpclassify.o
       248          0          0          0          0        152   poly.o
      3152        296        136          0          0        352   pow.o
         0          0          8          0          0          0   qnan.o
      1080        142        200          0          0        188   rred.o
       200         20          0          0          0        164   sin.o
       304         24         40          0          0        208   sin_i.o
       232          0          0          0          0        296   sqrt_full.o
        58          0          0          0          0        136   sqrtf_full.o
        86          0          0          0          0          0   __dczerorl2.o
         0          0          0          0          0          0   entry.o
         0          0          0          0          0          0   entry10a.o
         0          0          0          0          0          0   entry11a.o
         4          0          0          0          0          0   entry12b.o
         8          4          0          0          0          0   entry2.o
         4          0          0          0          0          0   entry5.o
         0          0          0          0          0          0   entry7b.o
         0          0          0          0          0          0   entry8b.o
         8          4          0          0          0          0   entry9a.o
        12          6          0          4          0         68   errno.o
        30          0          0          0          0          0   handlers.o
        36          8          0          0          0         68   init.o
         0          0          0          0          0          0   iusefp.o
        30          0          0          0          0         68   llshl.o
        36          0          0          0          0         68   llsshr.o
        32          0          0          0          0         68   llushr.o
        36          0          0          0          0         68   memcpya.o
        36          0          0          0          0        108   memseta.o
      2218         90          0          0          0        464   printfa.o
         0          0          0          4          0          0   stdout.o
        44          0          0          0          0         80   uidiv.o
        98          0          0          0          0         92   uldiv.o
        48          0          0          0          0         68   cdcmple.o
        48          0          0          0          0         68   cdrcmple.o
        56          0          0          0          0         88   d2f.o
       334          0          0          0          0        148   dadd.o
       222          0          0          0          0        100   ddiv.o
       186          0          0          0          0        176   depilogue.o
        62          0          0          0          0         80   dfixi.o
        48          0          0          0          0         68   dfixul.o
        34          0          0          0          0         76   dflti.o
        26          0          0          0          0         76   dfltui.o
       228          0          0          0          0         96   dmul.o
        46          0          0          0          0         80   dscalb.o
       162          0          0          0          0        100   dsqrt.o
        38          0          0          0          0         68   f2d.o
       110          0          0          0          0        168   fepilogue.o
        28          0          0          0          0         84   ffltul.o

    ----------------------------------------------------------------------
     11882        886       2640          8          0      27982   Library Totals
        14          0          4          0          0          0   (incl. Padding)

    ----------------------------------------------------------------------

      Code (inc. data)   RO Data    RW Data    ZI Data      Debug   Library Name

       120         12       2052          0          0      21874   arm_cortexM4lf_math.lib
      7354        762        584          0          0       3412   m_wm.l
      2718        112          0          8          0       1152   mc_w.l
      1676          0          0          0          0       1544   mf_w.l

    ----------------------------------------------------------------------
     11882        886       2640          8          0      27982   Library Totals

    ----------------------------------------------------------------------

==============================================================================


      Code (inc. data)   RO Data    RW Data    ZI Data      Debug   

     49168       3170       3364        860      31412    1749112   Grand Totals
     49168       3170       3364        116      31412    1749112   ELF Image Totals (compressed)
     49168       3170       3364        116          0          0   ROM Totals

==============================================================================

    Total RO  Size (Code + RO Data)                52532 (  51.30kB)
    Total RW  Size (RW Data + ZI Data)             32272 (  31.52kB)
    Total ROM Size (Code + RO Data + RW Data)      52648 (  51.41kB)

==============================================================================

