Component: ARM Compiler 5.06 update 7 (build 960) Tool: armlink [4d3601]

==============================================================================

Section Cross References

    navigation.o(i.Navigation_Tx_Send) refers to usbd_cdc_if.o(i.CDC_Transmit_FS) for CDC_Transmit_FS
    navigation.o(i.Navigation_Tx_Send) refers to ins_task.o(.bss) for INS
    navigation.o(i.Navigation_Tx_Send) refers to navigation.o(.bss) for TX_Buff
    navigation.o(i.Navigation_Tx_Send) refers to navigation.o(.data) for IOIOL
    navigation.o(i.navigation_rx_handle) refers to navigation.o(.data) for last_seq
    gimbal_big_yaw.o(i.big_yaw_run) refers to gimbal_big_yaw.o(i.gimbal_pid_init) for gimbal_pid_init
    gimbal_big_yaw.o(i.big_yaw_run) refers to gimbal_big_yaw.o(i.get_big_gimbal_com) for get_big_gimbal_com
    gimbal_big_yaw.o(i.big_yaw_run) refers to gimbal_big_yaw.o(i.gimbal_mode_set) for gimbal_mode_set
    gimbal_big_yaw.o(i.big_yaw_run) refers to tasks.o(i.vTaskDelay) for vTaskDelay
    gimbal_big_yaw.o(i.big_yaw_run) refers to gimbal_big_yaw.o(.bss) for gimbal
    gimbal_big_yaw.o(i.big_yaw_run) refers to gimbal_big_yaw.o(.data) for gim_com
    gimbal_big_yaw.o(i.big_yaw_run) refers to ins_task.o(.bss) for INS
    gimbal_big_yaw.o(i.compare_yaw_add) refers to f2d.o(.text) for __aeabi_f2d
    gimbal_big_yaw.o(i.compare_yaw_add) refers to fabs.o(i.__hardfp_fabs) for __hardfp_fabs
    gimbal_big_yaw.o(i.compare_yaw_add) refers to cdcmple.o(.text) for __aeabi_cdcmple
    gimbal_big_yaw.o(i.compare_yaw_add) refers to d2f.o(.text) for __aeabi_d2f
    gimbal_big_yaw.o(i.get_big_gimbal_com) refers to remote_control.o(i.get_if_communite_broke) for get_if_communite_broke
    gimbal_big_yaw.o(i.get_big_gimbal_com) refers to gimbal_big_yaw.o(.data) for big_yaw_lost_count
    gimbal_big_yaw.o(i.get_big_gimbal_com) refers to system.o(.bss) for sentry_system
    gimbal_big_yaw.o(i.get_big_gimbal_com) refers to referee.o(.bss) for robot_status
    gimbal_big_yaw.o(i.get_big_gimbal_com) refers to can_receive.o(.bss) for yaw_motor
    gimbal_big_yaw.o(i.get_gimbal_response_state) refers to gimbal_big_yaw.o(i.compare_yaw_add) for compare_yaw_add
    gimbal_big_yaw.o(i.get_gimbal_response_state) refers to f2d.o(.text) for __aeabi_f2d
    gimbal_big_yaw.o(i.get_gimbal_response_state) refers to fabs.o(i.__hardfp_fabs) for __hardfp_fabs
    gimbal_big_yaw.o(i.get_gimbal_response_state) refers to cdcmple.o(.text) for __aeabi_cdcmple
    gimbal_big_yaw.o(i.get_gimbal_response_state) refers to dadd.o(.text) for __aeabi_dsub
    gimbal_big_yaw.o(i.get_gimbal_response_state) refers to d2f.o(.text) for __aeabi_d2f
    gimbal_big_yaw.o(i.gimbal_curise_set) refers to dflti.o(.text) for __aeabi_i2d
    gimbal_big_yaw.o(i.gimbal_curise_set) refers to dmul.o(.text) for __aeabi_dmul
    gimbal_big_yaw.o(i.gimbal_curise_set) refers to f2d.o(.text) for __aeabi_f2d
    gimbal_big_yaw.o(i.gimbal_curise_set) refers to dadd.o(.text) for __aeabi_dadd
    gimbal_big_yaw.o(i.gimbal_curise_set) refers to d2f.o(.text) for __aeabi_d2f
    gimbal_big_yaw.o(i.gimbal_curise_set) refers to bsp_pid.o(i.pid_calc) for pid_calc
    gimbal_big_yaw.o(i.gimbal_curise_set) refers to ins_task.o(.bss) for INS
    gimbal_big_yaw.o(i.gimbal_curise_set) refers to gimbal_big_yaw.o(.bss) for gimbal
    gimbal_big_yaw.o(i.gimbal_curise_set) refers to can_receive.o(.bss) for yaw_motor
    gimbal_big_yaw.o(i.gimbal_mode_set) refers to gimbal_big_yaw.o(i.gimbal_vision_no_mode) for gimbal_vision_no_mode
    gimbal_big_yaw.o(i.gimbal_mode_set) refers to gimbal_big_yaw.o(i.gimbal_vision_on_mode) for gimbal_vision_on_mode
    gimbal_big_yaw.o(i.gimbal_mode_set) refers to can_receive.o(.data) for get_gimbal_com_count
    gimbal_big_yaw.o(i.gimbal_mode_set) refers to system.o(.bss) for sentry_system
    gimbal_big_yaw.o(i.gimbal_mode_set) refers to gimbal_big_yaw.o(.data) for lokos
    gimbal_big_yaw.o(i.gimbal_mode_set) refers to ins_task.o(.bss) for INS
    gimbal_big_yaw.o(i.gimbal_navi_set) refers to bsp_pid.o(i.pid_calc) for pid_calc
    gimbal_big_yaw.o(i.gimbal_navi_set) refers to navigation.o(.bss) for navigation_rx
    gimbal_big_yaw.o(i.gimbal_navi_set) refers to gimbal_big_yaw.o(.data) for yaw_kkp
    gimbal_big_yaw.o(i.gimbal_navi_set) refers to ins_task.o(.bss) for INS
    gimbal_big_yaw.o(i.gimbal_navi_set) refers to gimbal_big_yaw.o(.bss) for pid_navi_yaw_speed
    gimbal_big_yaw.o(i.gimbal_navi_set) refers to can_receive.o(.bss) for yaw_motor
    gimbal_big_yaw.o(i.gimbal_pid_init) refers to bsp_pid.o(i.pid_init) for pid_init
    gimbal_big_yaw.o(i.gimbal_pid_init) refers to gimbal_big_yaw.o(.bss) for pid_yaw_angle
    gimbal_big_yaw.o(i.gimbal_vision_no_mode) refers to bsp_pid.o(i.pid_calc) for pid_calc
    gimbal_big_yaw.o(i.gimbal_vision_no_mode) refers to gimbal_big_yaw.o(.bss) for gimbal
    gimbal_big_yaw.o(i.gimbal_vision_no_mode) refers to system.o(.bss) for sentry_system
    gimbal_big_yaw.o(i.gimbal_vision_no_mode) refers to gimbal_big_yaw.o(.data) for kjkhd
[...]
    htim1                                    0x20000fd0   Data          72  tim.o(.bss)
    htim10                                   0x20001018   Data          72  tim.o(.bss)
    huart1                                   0x20001060   Data          72  usart.o(.bss)
    huart3                                   0x200010a8   Data          72  usart.o(.bss)
    huart6                                   0x200010f0   Data          72  usart.o(.bss)
    hdma_usart1_rx                           0x20001138   Data          96  usart.o(.bss)
    hdma_usart1_tx                           0x20001198   Data          96  usart.o(.bss)
    hdma_usart3_rx                           0x200011f8   Data          96  usart.o(.bss)
    hdma_usart6_rx                           0x20001258   Data          96  usart.o(.bss)
    hdma_usart6_tx                           0x200012b8   Data          96  usart.o(.bss)
    htim2                                    0x20001318   Data          72  stm32f4xx_hal_timebase_tim.o(.bss)
    hUsbDeviceFS                             0x20001360   Data         732  usb_device.o(.bss)
    USBD_StrDesc                             0x2000163c   Data         512  usbd_desc.o(.bss)
    UserRxBufferFS                           0x2000183c   Data        2048  usbd_cdc_if.o(.bss)
    UserTxBufferFS                           0x2000203c   Data        2048  usbd_cdc_if.o(.bss)
    hpcd_USB_OTG_FS                          0x2000283c   Data        1252  usbd_conf.o(.bss)
    gyroDiff                                 0x20007300   Data          12  bmi088driver.o(.bss)
    BMI088                                   0x2000730c   Data          52  bmi088driver.o(.bss)
    QEKF_INS                                 0x20007340   Data         480  quaternionekf.o(.bss)
    IMU_QuaternionEKF_K                      0x20007520   Data          72  quaternionekf.o(.bss)
    IMU_QuaternionEKF_H                      0x20007568   Data          72  quaternionekf.o(.bss)
    can_filter_st                            0x200075b0   Data          40  bsp_can.o(.bss)
    USART_Rx_data_handle                     0x200075d8   Data          72  bsp_transmit.o(.bss)
    USART_Tx_buff                            0x20007620   Data          25  bsp_transmit.o(.bss)
    small_gimbal_send                        0x2000763c   Data          24  bsp_transmit.o(.bss)
    USART_TX_data                            0x20007654   Data          32  bsp_transmit.o(.bss)
    TX_buff                                  0x20007674   Data          25  bsp_transmit.o(.bss)
    USART_Rx_data                            0x20007690   Data          16  bsp_transmit.o(.bss)
    SuperCAP                                 0x200076a0   Data          32  can_receive.o(.bss)
    pitch_motor                              0x200076c0   Data          40  can_receive.o(.bss)
    yaw_motor                                0x200076e8   Data          40  can_receive.o(.bss)
    INS                                      0x20007710   Data         132  ins_task.o(.bss)
    IMU_Param                                0x20007794   Data          28  ins_task.o(.bss)
    TempCtrl                                 0x200077b0   Data         170  ins_task.o(.bss)
    rc_ctrl                                  0x2000785c   Data          92  remote_control.o(.bss)
    game_state                               0x20007900   Data          11  referee.o(.bss)
    game_robot_HP                            0x2000790b   Data          32  referee.o(.bss)
    robot_status                             0x2000792b   Data          13  referee.o(.bss)
    power_heat_data                          0x20007938   Data          16  referee.o(.bss)
    robot_pos                                0x20007948   Data          12  referee.o(.bss)
    ground_robot_position                    0x20007954   Data          40  referee.o(.bss)
    robot_interaction_data                   0x2000797c   Data          18  referee.o(.bss)
    custom_robot_data                        0x2000798e   Data          30  referee.o(.bss)
    map_command                              0x200079ac   Data          12  referee.o(.bss)
    remote_control                           0x200079b8   Data          12  referee.o(.bss)
    map_robot_data                           0x200079c4   Data          24  referee.o(.bss)
    map_data                                 0x200079dc   Data         105  referee.o(.bss)
    custom_info                              0x20007a45   Data          34  referee.o(.bss)
    robot_custom_data                        0x20007a67   Data          30  referee.o(.bss)
    buff_test                                0x20007a85   Data          40  referee.o(.bss)
    usart6_buf                               0x20007ab0   Data        1024  referee_usart_task.o(.bss)
    referee_fifo                             0x20007eb0   Data          24  referee_usart_task.o(.bss)
    referee_fifo_buf                         0x20007ec8   Data        1024  referee_usart_task.o(.bss)
    referee_unpack_obj                       0x200082c8   Data         137  referee_usart_task.o(.bss)
    Map_data                                 0x20008351   Data         124  sentry_cmd.o(.bss)
    data_sentry_pack                         0x2000843f   Data          19  nautilus_ui.o(.bss)
    __heap_base                              0x20008458   Data           0  startup_stm32f407xx.o(HEAP)
    __heap_limit                             0x2000a458   Data           0  startup_stm32f407xx.o(HEAP)
    __initial_sp                             0x2000c458   Data           0  startup_stm32f407xx.o(STACK)



==============================================================================

Memory Map of the image

  Image Entry point : 0x08000189

  Load Region LR_IROM1 (Base: 0x08000000, Size: 0x00015a08, Max: 0x00100000, ABSOLUTE, COMPRESSED[0x00015398])

    Execution Region ER_IROM1 (Exec base: 0x08000000, Load base: 0x08000000, Size: 0x00015198, Max: 0x00100000, ABSOLUTE)

    Exec Addr    Load Addr    Size         Type   Attr      Idx    E Section Name        Object

    0x08000000   0x08000000   0x00000188   Data   RO         1402    RESET               startup_stm32f407xx.o
    0x08000188   0x08000188   0x00000000   Code   RO        11640  * .ARM.Collect$$$$00000000  mc_w.l(entry.o)
    0x08000188   0x08000188   0x00000004   Code   RO        11757    .ARM.Collect$$$$00000001  mc_w.l(entry2.o)
    0x0800018c   0x0800018c   0x00000004   Code   RO        11760    .ARM.Collect$$$$00000004  mc_w.l(entry5.o)
    0x08000190   0x08000190   0x00000000   Code   RO        11762    .ARM.Collect$$$$00000008  mc_w.l(entry7b.o)
    0x08000190   0x08000190   0x00000000   Code   RO        11764    .ARM.Collect$$$$0000000A  mc_w.l(entry8b.o)
    0x08000190   0x08000190   0x00000008   Code   RO        11765    .ARM.Collect$$$$0000000B  mc_w.l(entry9a.o)
    0x08000198   0x08000198   0x00000004   Code   RO        11772    .ARM.Collect$$$$0000000E  mc_w.l(entry12b.o)
    0x0800019c   0x0800019c   0x00000000   Code   RO        11767    .ARM.Collect$$$$0000000F  mc_w.l(entry10a.o)
    0x0800019c   0x0800019c   0x00000000   Code   RO        11769    .ARM.Collect$$$$00000011  mc_w.l(entry11a.o)
    0x0800019c   0x0800019c   0x00000004   Code   RO        11758    .ARM.Collect$$$$00002712  mc_w.l(entry2.o)
    0x080001a0   0x080001a0   0x000000be   Code   RO         8051    .emb_text           port.o
    0x0800025e   0x0800025e   0x00000002   PAD
    0x08000260   0x08000260   0x00000024   Code   RO         1403    .text               startup_stm32f407xx.o
    0x08000284   0x08000284   0x00000078   Code   RO        11239    .text               arm_cortexM4lf_math.lib(arm_cos_f32.o)
    0x080002fc   0x080002fc   0x00000094   Code   RO        11289    .text               arm_cortexM4lf_math.lib(arm_sin_f32.o)
    0x08000390   0x08000390   0x00000108   Code   RO        11313    .text               arm_cortexM4lf_math.lib(arm_mat_add_f32.o)
    0x08000498   0x08000498   0x00000008   Code   RO        11337    .text               arm_cortexM4lf_math.lib(arm_mat_init_f32.o)
    0x080004a0   0x080004a0   0x00000530   Code   RO        11361    .text               arm_cortexM4lf_math.lib(arm_mat_inverse_f32.o)
    0x080009d0   0x080009d0   0x0000013c   Code   RO        11385    .text               arm_cortexM4lf_math.lib(arm_mat_mult_f32.o)
    0x08000b0c   0x08000b0c   0x00000108   Code   RO        11409    .text               arm_cortexM4lf_math.lib(arm_mat_sub_f32.o)
    0x08000c14   0x08000c14   0x00000114   Code   RO        11433    .text               arm_cortexM4lf_math.lib(arm_mat_trans_f32.o)
    0x08000d28   0x08000d28   0x00000062   Code   RO        11643    .text               mc_w.l(uldiv.o)
    0x08000d8a   0x08000d8a   0x00000024   Code   RO        11648    .text               mc_w.l(memcpya.o)
    0x08000dae   0x08000dae   0x00000024   Code   RO        11652    .text               mc_w.l(memseta.o)
    0x08000dd2   0x08000dd2   0x0000014e   Code   RO        11688    .text               mf_w.l(dadd.o)
    0x08000f20   0x08000f20   0x000000e4   Code   RO        11690    .text               mf_w.l(dmul.o)
    0x08001004   0x08001004   0x000000de   Code   RO        11692    .text               mf_w.l(ddiv.o)
    0x080010e2   0x080010e2   0x00000022   Code   RO        11696    .text               mf_w.l(dflti.o)
    0x08001104   0x08001104   0x0000001a   Code   RO        11698    .text               mf_w.l(dfltui.o)
    0x0800111e   0x0800111e   0x0000003e   Code   RO        11700    .text               mf_w.l(dfixi.o)
    0x0800115c   0x0800115c   0x00000026   Code   RO        11702    .text               mf_w.l(f2d.o)
    0x08001182   0x08001182   0x00000002   PAD
    0x08001184   0x08001184   0x00000030   Code   RO        11704    .text               mf_w.l(cdcmple.o)
    0x080011b4   0x080011b4   0x00000030   Code   RO        11706    .text               mf_w.l(cdrcmple.o)
    0x080011e4   0x080011e4   0x00000038   Code   RO        11708    .text               mf_w.l(d2f.o)
    0x0800121c   0x0800121c   0x0000001e   Code   RO        11773    .text               mc_w.l(llshl.o)
    0x0800123a   0x0800123a   0x00000020   Code   RO        11775    .text               mc_w.l(llushr.o)
    0x0800125a   0x0800125a   0x00000024   Code   RO        11777    .text               mc_w.l(llsshr.o)
    0x0800127e   0x0800127e   0x00000000   Code   RO        11788    .text               mc_w.l(iusefp.o)
    0x0800127e   0x0800127e   0x0000006e   Code   RO        11789    .text               mf_w.l(fepilogue.o)
    0x080012ec   0x080012ec   0x000000ba   Code   RO        11791    .text               mf_w.l(depilogue.o)
    0x080013a6   0x080013a6   0x00000002   PAD
    0x080013a8   0x080013a8   0x00000024   Code   RO        11797    .text               mc_w.l(init.o)
    0x080013cc   0x080013cc   0x00000056   Code   RO        11807    .text               mc_w.l(__dczerorl2.o)
    0x08001422   0x08001422   0x00000002   PAD
    0x08001424   0x08001424   0x00000110   Code   RO         1010    i.AGV_auto_chassis  decision.o
    0x08001534   0x08001534   0x00000094   Code   RO         1011    i.AGV_auto_mode     decision.o
    0x080015c8   0x080015c8   0x00000098   Code   RO          710    i.AGV_big_yaw       system.o
    0x08001660   0x08001660   0x00000074   Code   RO          711    i.AGV_mode_chose    system.o
    0x080016d4   0x080016d4   0x0000006c   Code   RO          712    i.AUTO_big_yaw      system.o
    0x08001740   0x08001740   0x00000078   Code   RO         1012    i.Auto_run          decision.o
    0x080017b8   0x080017b8   0x00000040   Code   RO          713    i.Auto_shoot_mode_chose  system.o
    0x080017f8   0x080017f8   0x00000048   Code   RO          714    i.Auto_small_gimbal_mode  system.o
    0x08001840   0x08001840   0x00000014   Code   RO         8935    i.BMI088_ACCEL_NS_H  bmi088middleware.o
    0x08001854   0x08001854   0x00000014   Code   RO         8936    i.BMI088_ACCEL_NS_L  bmi088middleware.o
    0x08001868   0x08001868   0x00000014   Code   RO         8937    i.BMI088_GYRO_NS_H  bmi088middleware.o
    0x0800187c   0x0800187c   0x00000014   Code   RO         8938    i.BMI088_GYRO_NS_L  bmi088middleware.o
    0x08001890   0x08001890   0x0000027c   Code   RO         8850    i.BMI088_Read       bmi088driver.o
    0x08001b0c   0x08001b0c   0x00000098   Code   RO         8851    i.BMI088_init       bmi088driver.o
    0x08001ba4   0x08001ba4   0x00000026   Code   RO         8852    i.BMI088_read_muli_reg  bmi088driver.o
    0x08001bca   0x08001bca   0x00000018   Code   RO         8853    i.BMI088_read_single_reg  bmi088driver.o
    0x08001be2   0x08001be2   0x00000002   PAD
    0x08001be4   0x08001be4   0x00000024   Code   RO         8939    i.BMI088_read_write_byte  bmi088middleware.o
    0x08001c08   0x08001c08   0x00000014   Code   RO         8854    i.BMI088_write_single_reg  bmi088driver.o
    0x08001c1c   0x08001c1c   0x0000015a   Code   RO         9914    i.BodyFrameToEarthFrame  ins_task.o
    0x08001d76   0x08001d76   0x00000004   Code   RO         2041    i.BusFault_Handler  stm32f4xx_it.o
    0x08001d7a   0x08001d7a   0x00000002   PAD
    0x08001d7c   0x08001d7c   0x00000010   Code   RO         2042    i.CAN1_RX0_IRQHandler  stm32f4xx_it.o
    0x08001d8c   0x08001d8c   0x00000010   Code   RO         2043    i.CAN1_TX_IRQHandler  stm32f4xx_it.o
    0x08001d9c   0x08001d9c   0x00000010   Code   RO         2044    i.CAN2_RX1_IRQHandler  stm32f4xx_it.o
    0x08001dac   0x08001dac   0x00000010   Code   RO         2045    i.CAN2_TX_IRQHandler  stm32f4xx_it.o
    0x08001dbc   0x08001dbc   0x00000044   Code   RO         2409    i.CDC_Control_FS    usbd_cdc_if.o
    0x08001e00   0x08001e00   0x00000004   Code   RO         2410    i.CDC_DeInit_FS     usbd_cdc_if.o
    0x08001e04   0x08001e04   0x00000024   Code   RO         2411    i.CDC_Init_FS       usbd_cdc_if.o
    0x08001e28   0x08001e28   0x0000002c   Code   RO         2412    i.CDC_Receive_FS    usbd_cdc_if.o
    0x08001e54   0x08001e54   0x0000000c   Code   RO         2413    i.CDC_TransmitCplt_FS  usbd_cdc_if.o
    0x08001e60   0x08001e60   0x00000038   Code   RO         2414    i.CDC_Transmit_FS   usbd_cdc_if.o
    0x08001e98   0x08001e98   0x00000540   Code   RO         8855    i.Calibrate_MPU_Offset  bmi088driver.o
    0x080023d8   0x080023d8   0x00000010   Code   RO         2046    i.DMA1_Stream1_IRQHandler  stm32f4xx_it.o
    0x080023e8   0x080023e8   0x00000010   Code   RO         2047    i.DMA2_Stream1_IRQHandler  stm32f4xx_it.o
    0x080023f8   0x080023f8   0x00000010   Code   RO         2048    i.DMA2_Stream5_IRQHandler  stm32f4xx_it.o
    0x08002408   0x08002408   0x00000010   Code   RO         2049    i.DMA2_Stream6_IRQHandler  stm32f4xx_it.o
    0x08002418   0x08002418   0x00000010   Code   RO         2050    i.DMA2_Stream7_IRQHandler  stm32f4xx_it.o
    0x08002428   0x08002428   0x00000034   Code   RO         3777    i.DMA_CalcBaseAndBitshift  stm32f4xx_hal_dma.o
    0x0800245c   0x0800245c   0x000000aa   Code   RO         3778    i.DMA_CheckFifoParam  stm32f4xx_hal_dma.o
    0x08002506   0x08002506   0x0000002c   Code   RO         3779    i.DMA_SetConfig     stm32f4xx_hal_dma.o
    0x08002532   0x08002532   0x00000002   PAD
    0x08002534   0x08002534   0x00000044   Code   RO          548    i.DM_start_run      motor.o
    0x08002578   0x08002578   0x00000030   Code   RO         9456    i.DWT_CNT_Update    bsp_dwt.o
    0x080025a8   0x080025a8   0x0000003c   Code   RO         9457    i.DWT_Delay         bsp_dwt.o
    0x080025e4   0x080025e4   0x0000004c   Code   RO         9458    i.DWT_GetDeltaT     bsp_dwt.o
    0x08002630   0x08002630   0x00000054   Code   RO         9461    i.DWT_GetTimeline_s  bsp_dwt.o
    0x08002684   0x08002684   0x00000068   Code   RO         9463    i.DWT_Init          bsp_dwt.o
    0x080026ec   0x080026ec   0x000000d0   Code   RO         9464    i.DWT_SysTimeUpdate  bsp_dwt.o
    0x080027bc   0x080027bc   0x00000002   Code   RO         2051    i.DebugMon_Handler  stm32f4xx_it.o
    0x080027be   0x080027be   0x00000002   PAD
    0x080027c0   0x080027c0   0x00000018   Code   RO         1013    i.Decision_Init     decision.o
    0x080027d8   0x080027d8   0x000000e8   Code   RO         1014    i.Decison_State_Ctl  decision.o
    0x080028c0   0x080028c0   0x0000000a   Code   RO         2052    i.EXTI0_IRQHandler  stm32f4xx_it.o
    0x080028ca   0x080028ca   0x0000000a   Code   RO         2053    i.EXTI3_IRQHandler  stm32f4xx_it.o
    0x080028d4   0x080028d4   0x0000000a   Code   RO         2054    i.EXTI4_IRQHandler  stm32f4xx_it.o
    0x080028de   0x080028de   0x0000000a   Code   RO         2055    i.EXTI9_5_IRQHandler  stm32f4xx_it.o
    0x080028e8   0x080028e8   0x0000015a   Code   RO         9915    i.EarthFrameToBodyFrame  ins_task.o
    0x08002a42   0x08002a42   0x00000006   Code   RO         1410    i.Error_Handler     main.o
    0x08002a48   0x08002a48   0x00000034   Code   RO         2322    i.Get_SerialNum     usbd_desc.o
    0x08002a7c   0x08002a7c   0x0000002a   Code   RO         4462    i.HAL_CAN_ActivateNotification  stm32f4xx_hal_can.o
    0x08002aa6   0x08002aa6   0x0000014a   Code   RO         4463    i.HAL_CAN_AddTxMessage  stm32f4xx_hal_can.o
    0x08002bf0   0x08002bf0   0x00000124   Code   RO         4464    i.HAL_CAN_ConfigFilter  stm32f4xx_hal_can.o
    0x08002d14   0x08002d14   0x00000002   Code   RO         4467    i.HAL_CAN_ErrorCallback  stm32f4xx_hal_can.o
    0x08002d16   0x08002d16   0x00000194   Code   RO         4470    i.HAL_CAN_GetRxMessage  stm32f4xx_hal_can.o
    0x08002eaa   0x08002eaa   0x0000024e   Code   RO         4474    i.HAL_CAN_IRQHandler  stm32f4xx_hal_can.o
    0x080030f8   0x080030f8   0x00000174   Code   RO         4475    i.HAL_CAN_Init      stm32f4xx_hal_can.o
    0x0800326c   0x0800326c   0x00000180   Code   RO         1762    i.HAL_CAN_MspInit   can.o
    0x080033ec   0x080033ec   0x00000002   Code   RO         4482    i.HAL_CAN_RxFifo0FullCallback  stm32f4xx_hal_can.o
    0x080033ee   0x080033ee   0x00000002   PAD
    0x080033f0   0x080033f0   0x0000005c   Code   RO         9845    i.HAL_CAN_RxFifo0MsgPendingCallback  can_receive.o
    0x0800344c   0x0800344c   0x00000002   Code   RO         4484    i.HAL_CAN_RxFifo1FullCallback  stm32f4xx_hal_can.o
    0x0800344e   0x0800344e   0x00000002   PAD
    0x08003450   0x08003450   0x0000002c   Code   RO         9846    i.HAL_CAN_RxFifo1MsgPendingCallback  can_receive.o
    0x0800347c   0x0800347c   0x00000002   Code   RO         4486    i.HAL_CAN_SleepCallback  stm32f4xx_hal_can.o
    0x0800347e   0x0800347e   0x0000005e   Code   RO         4487    i.HAL_CAN_Start     stm32f4xx_hal_can.o
    0x080034dc   0x080034dc   0x00000002   Code   RO         4489    i.HAL_CAN_TxMailbox0AbortCallback  stm32f4xx_hal_can.o
    0x080034de   0x080034de   0x00000002   Code   RO         4490    i.HAL_CAN_TxMailbox0CompleteCallback  stm32f4xx_hal_can.o
    0x080034e0   0x080034e0   0x00000002   Code   RO         4491    i.HAL_CAN_TxMailbox1AbortCallback  stm32f4xx_hal_can.o
    0x080034e2   0x080034e2   0x00000002   Code   RO         4492    i.HAL_CAN_TxMailbox1CompleteCallback  stm32f4xx_hal_can.o
    0x080034e4   0x080034e4   0x00000002   Code   RO         4493    i.HAL_CAN_TxMailbox2AbortCallback  stm32f4xx_hal_can.o
    0x080034e6   0x080034e6   0x00000002   Code   RO         4494    i.HAL_CAN_TxMailbox2CompleteCallback  stm32f4xx_hal_can.o
    0x080034e8   0x080034e8   0x00000002   Code   RO         4496    i.HAL_CAN_WakeUpFromRxMsgCallback  stm32f4xx_hal_can.o
    0x080034ea   0x080034ea   0x000000ac   Code   RO         3780    i.HAL_DMA_Abort     stm32f4xx_hal_dma.o
    0x08003596   0x08003596   0x00000028   Code   RO         3781    i.HAL_DMA_Abort_IT  stm32f4xx_hal_dma.o
    0x080035be   0x080035be   0x00000006   Code   RO         3783    i.HAL_DMA_GetError  stm32f4xx_hal_dma.o
    0x080035c4   0x080035c4   0x00000240   Code   RO         3785    i.HAL_DMA_IRQHandler  stm32f4xx_hal_dma.o
    0x08003804   0x08003804   0x000000ec   Code   RO         3786    i.HAL_DMA_Init      stm32f4xx_hal_dma.o
    0x080038f0   0x080038f0   0x00000092   Code   RO         3790    i.HAL_DMA_Start_IT  stm32f4xx_hal_dma.o
    0x08003982   0x08003982   0x00000002   PAD
    0x08003984   0x08003984   0x00000028   Code   RO         4210    i.HAL_Delay         stm32f4xx_hal.o
    0x080039ac   0x080039ac   0x00000002   Code   RO         3671    i.HAL_GPIO_EXTI_Callback  stm32f4xx_hal_gpio.o
    0x080039ae   0x080039ae   0x00000002   PAD
    0x080039b0   0x080039b0   0x0000001c   Code   RO         3672    i.HAL_GPIO_EXTI_IRQHandler  stm32f4xx_hal_gpio.o
    0x080039cc   0x080039cc   0x000001f4   Code   RO         3673    i.HAL_GPIO_Init     stm32f4xx_hal_gpio.o
    0x08003bc0   0x08003bc0   0x0000000c   Code   RO         3677    i.HAL_GPIO_WritePin  stm32f4xx_hal_gpio.o
    0x08003bcc   0x08003bcc   0x0000000c   Code   RO         4216    i.HAL_GetTick       stm32f4xx_hal.o
    0x08003bd8   0x08003bd8   0x00000018   Code   RO         4222    i.HAL_IncTick       stm32f4xx_hal.o
    0x08003bf0   0x08003bf0   0x0000003c   Code   RO         4223    i.HAL_Init          stm32f4xx_hal.o
    0x08003c2c   0x08003c2c   0x000000b4   Code   RO         2222    i.HAL_InitTick      stm32f4xx_hal_timebase_tim.o
    0x08003ce0   0x08003ce0   0x00000054   Code   RO         2198    i.HAL_MspInit       stm32f4xx_hal_msp.o
    0x08003d34   0x08003d34   0x00000028   Code   RO         4063    i.HAL_NVIC_EnableIRQ  stm32f4xx_hal_cortex.o
    0x08003d5c   0x08003d5c   0x0000007c   Code   RO         4069    i.HAL_NVIC_SetPriority  stm32f4xx_hal_cortex.o
    0x08003dd8   0x08003dd8   0x00000028   Code   RO         4070    i.HAL_NVIC_SetPriorityGrouping  stm32f4xx_hal_cortex.o
    0x08003e00   0x08003e00   0x00000002   Code   RO         2921    i.HAL_PCDEx_LPM_Callback  stm32f4xx_hal_pcd_ex.o
    0x08003e02   0x08003e02   0x0000000a   Code   RO         2922    i.HAL_PCDEx_SetRxFiFo  stm32f4xx_hal_pcd_ex.o
    0x08003e0c   0x08003e0c   0x0000004e   Code   RO         2923    i.HAL_PCDEx_SetTxFiFo  stm32f4xx_hal_pcd_ex.o
    0x08003e5a   0x08003e5a   0x0000000e   Code   RO         2470    i.HAL_PCD_ConnectCallback  usbd_conf.o
    0x08003e68   0x08003e68   0x00000020   Code   RO         2471    i.HAL_PCD_DataInStageCallback  usbd_conf.o
    0x08003e88   0x08003e88   0x00000020   Code   RO         2472    i.HAL_PCD_DataOutStageCallback  usbd_conf.o
    0x08003ea8   0x08003ea8   0x0000000e   Code   RO         2473    i.HAL_PCD_DisconnectCallback  usbd_conf.o
    0x08003eb6   0x08003eb6   0x00000042   Code   RO         2686    i.HAL_PCD_EP_Abort  stm32f4xx_hal_pcd.o
    0x08003ef8   0x08003ef8   0x0000006a   Code   RO         2687    i.HAL_PCD_EP_Close  stm32f4xx_hal_pcd.o
    0x08003f62   0x08003f62   0x0000007c   Code   RO         2688    i.HAL_PCD_EP_ClrStall  stm32f4xx_hal_pcd.o
    0x08003fde   0x08003fde   0x00000016   Code   RO         2690    i.HAL_PCD_EP_GetRxCount  stm32f4xx_hal_pcd.o
    0x08003ff4   0x08003ff4   0x0000008c   Code   RO         2691    i.HAL_PCD_EP_Open   stm32f4xx_hal_pcd.o
    0x08004080   0x08004080   0x00000046   Code   RO         2692    i.HAL_PCD_EP_Receive  stm32f4xx_hal_pcd.o
    0x080040c6   0x080040c6   0x0000008a   Code   RO         2693    i.HAL_PCD_EP_SetStall  stm32f4xx_hal_pcd.o
    0x08004150   0x08004150   0x00000048   Code   RO         2694    i.HAL_PCD_EP_Transmit  stm32f4xx_hal_pcd.o
    0x08004198   0x08004198   0x000006ca   Code   RO         2696    i.HAL_PCD_IRQHandler  stm32f4xx_hal_pcd.o
    0x08004862   0x08004862   0x00000012   Code   RO         2474    i.HAL_PCD_ISOINIncompleteCallback  usbd_conf.o
    0x08004874   0x08004874   0x00000012   Code   RO         2475    i.HAL_PCD_ISOOUTIncompleteCallback  usbd_conf.o
    0x08004886   0x08004886   0x0000015e   Code   RO         2699    i.HAL_PCD_Init      stm32f4xx_hal_pcd.o
    0x080049e4   0x080049e4   0x000000a8   Code   RO         2477    i.HAL_PCD_MspInit   usbd_conf.o
    0x08004a8c   0x08004a8c   0x00000030   Code   RO         2478    i.HAL_PCD_ResetCallback  usbd_conf.o
    0x08004abc   0x08004abc   0x0000000e   Code   RO         2479    i.HAL_PCD_ResumeCallback  usbd_conf.o
    0x08004aca   0x08004aca   0x0000000e   Code   RO         2480    i.HAL_PCD_SOFCallback  usbd_conf.o
    0x08004ad8   0x08004ad8   0x00000034   Code   RO         2705    i.HAL_PCD_SetAddress  stm32f4xx_hal_pcd.o
    0x08004b0c   0x08004b0c   0x00000012   Code   RO         2481    i.HAL_PCD_SetupStageCallback  usbd_conf.o
    0x08004b1e   0x08004b1e   0x0000004c   Code   RO         2708    i.HAL_PCD_Start     stm32f4xx_hal_pcd.o
    0x08004b6a   0x08004b6a   0x00000002   PAD
    0x08004b6c   0x08004b6c   0x00000034   Code   RO         2482    i.HAL_PCD_SuspendCallback  usbd_conf.o
    0x08004ba0   0x08004ba0   0x000001a0   Code   RO         3379    i.HAL_RCCEx_PeriphCLKConfig  stm32f4xx_hal_rcc_ex.o
    0x08004d40   0x08004d40   0x00000184   Code   RO         3274    i.HAL_RCC_ClockConfig  stm32f4xx_hal_rcc.o
    0x08004ec4   0x08004ec4   0x00000044   Code   RO         3278    i.HAL_RCC_GetClockConfig  stm32f4xx_hal_rcc.o
    0x08004f08   0x08004f08   0x0000000c   Code   RO         3279    i.HAL_RCC_GetHCLKFreq  stm32f4xx_hal_rcc.o
    0x08004f14   0x08004f14   0x00000020   Code   RO         3281    i.HAL_RCC_GetPCLK1Freq  stm32f4xx_hal_rcc.o
    0x08004f34   0x08004f34   0x00000020   Code   RO         3282    i.HAL_RCC_GetPCLK2Freq  stm32f4xx_hal_rcc.o
    0x08004f54   0x08004f54   0x000000b0   Code   RO         3283    i.HAL_RCC_GetSysClockFreq  stm32f4xx_hal_rcc.o
    0x08005004   0x08005004   0x0000049c   Code   RO         3286    i.HAL_RCC_OscConfig  stm32f4xx_hal_rcc.o
    0x080054a0   0x080054a0   0x000000b4   Code   RO         4708    i.HAL_RTC_Init      stm32f4xx_hal_rtc.o
    0x08005554   0x08005554   0x00000040   Code   RO         1838    i.HAL_RTC_MspInit   rtc.o
    0x08005594   0x08005594   0x00000038   Code   RO         4716    i.HAL_RTC_WaitForSynchro  stm32f4xx_hal_rtc.o
    0x080055cc   0x080055cc   0x000000c8   Code   RO         5108    i.HAL_SPI_Init      stm32f4xx_hal_spi.o
    0x08005694   0x08005694   0x00000158   Code   RO         1880    i.HAL_SPI_MspInit   spi.o
    0x080057ec   0x080057ec   0x00000240   Code   RO         5117    i.HAL_SPI_TransmitReceive  stm32f4xx_hal_spi.o
    0x08005a2c   0x08005a2c   0x00000002   Code   RO         6136    i.HAL_TIMEx_BreakCallback  stm32f4xx_hal_tim_ex.o
    0x08005a2e   0x08005a2e   0x00000002   Code   RO         6137    i.HAL_TIMEx_CommutCallback  stm32f4xx_hal_tim_ex.o
    0x08005a30   0x08005a30   0x00000074   Code   RO         6139    i.HAL_TIMEx_ConfigBreakDeadTime  stm32f4xx_hal_tim_ex.o
    0x08005aa4   0x08005aa4   0x000000b4   Code   RO         6155    i.HAL_TIMEx_MasterConfigSynchronization  stm32f4xx_hal_tim_ex.o
    0x08005b58   0x08005b58   0x00000066   Code   RO         5421    i.HAL_TIM_Base_Init  stm32f4xx_hal_tim.o
    0x08005bbe   0x08005bbe   0x00000002   PAD
    0x08005bc0   0x08005bc0   0x00000034   Code   RO         1922    i.HAL_TIM_Base_MspInit  tim.o
    0x08005bf4   0x08005bf4   0x000000a8   Code   RO         5426    i.HAL_TIM_Base_Start_IT  stm32f4xx_hal_tim.o
    0x08005c9c   0x08005c9c   0x00000002   Code   RO         5455    i.HAL_TIM_IC_CaptureCallback  stm32f4xx_hal_tim.o
    0x08005c9e   0x08005c9e   0x0000016c   Code   RO         5469    i.HAL_TIM_IRQHandler  stm32f4xx_hal_tim.o
    0x08005e0a   0x08005e0a   0x00000002   PAD
    0x08005e0c   0x08005e0c   0x000000b0   Code   RO         1923    i.HAL_TIM_MspPostInit  tim.o
    0x08005ebc   0x08005ebc   0x00000002   Code   RO         5472    i.HAL_TIM_OC_DelayElapsedCallback  stm32f4xx_hal_tim.o
    0x08005ebe   0x08005ebe   0x00000104   Code   RO         5493    i.HAL_TIM_PWM_ConfigChannel  stm32f4xx_hal_tim.o
    0x08005fc2   0x08005fc2   0x00000066   Code   RO         5496    i.HAL_TIM_PWM_Init  stm32f4xx_hal_tim.o
    0x08006028   0x08006028   0x00000034   Code   RO         1925    i.HAL_TIM_PWM_MspInit  tim.o
    0x0800605c   0x0800605c   0x00000002   Code   RO         5499    i.HAL_TIM_PWM_PulseFinishedCallback  stm32f4xx_hal_tim.o
    0x0800605e   0x0800605e   0x00000002   PAD
    0x08006060   0x08006060   0x0000010c   Code   RO         5501    i.HAL_TIM_PWM_Start  stm32f4xx_hal_tim.o
    0x0800616c   0x0800616c   0x00000012   Code   RO         1411    i.HAL_TIM_PeriodElapsedCallback  main.o
    0x0800617e   0x0800617e   0x00000002   Code   RO         5512    i.HAL_TIM_TriggerCallback  stm32f4xx_hal_tim.o
    0x08006180   0x08006180   0x00000002   Code   RO         6415    i.HAL_UARTEx_RxEventCallback  stm32f4xx_hal_uart.o
    0x08006182   0x08006182   0x000000c4   Code   RO         6418    i.HAL_UART_AbortReceive  stm32f4xx_hal_uart.o
    0x08006246   0x08006246   0x00000002   Code   RO         6429    i.HAL_UART_ErrorCallback  stm32f4xx_hal_uart.o
    0x08006248   0x08006248   0x000002e8   Code   RO         6432    i.HAL_UART_IRQHandler  stm32f4xx_hal_uart.o
    0x08006530   0x08006530   0x00000076   Code   RO         6433    i.HAL_UART_Init     stm32f4xx_hal_uart.o
    0x080065a6   0x080065a6   0x00000002   PAD
    0x080065a8   0x080065a8   0x0000034c   Code   RO         1988    i.HAL_UART_MspInit  usart.o
    0x080068f4   0x080068f4   0x0000002c   Code   RO         6437    i.HAL_UART_Receive_DMA  stm32f4xx_hal_uart.o
    0x08006920   0x08006920   0x00000002   Code   RO         6439    i.HAL_UART_RxCpltCallback  stm32f4xx_hal_uart.o
    0x08006922   0x08006922   0x00000002   Code   RO         6440    i.HAL_UART_RxHalfCpltCallback  stm32f4xx_hal_uart.o
    0x08006924   0x08006924   0x0000008c   Code   RO         6442    i.HAL_UART_Transmit_DMA  stm32f4xx_hal_uart.o
    0x080069b0   0x080069b0   0x00000002   Code   RO         6444    i.HAL_UART_TxCpltCallback  stm32f4xx_hal_uart.o
    0x080069b2   0x080069b2   0x00000002   Code   RO         6445    i.HAL_UART_TxHalfCpltCallback  stm32f4xx_hal_uart.o
    0x080069b4   0x080069b4   0x00000130   Code   RO         8561    i.H_K_R_Adjustment  kalman_filter.o
    0x08006ae4   0x08006ae4   0x00000004   Code   RO         2056    i.HardFault_Handler  stm32f4xx_it.o
    0x08006ae8   0x08006ae8   0x00000374   Code   RO         9917    i.IMU_Param_Correction  ins_task.o
    0x08006e5c   0x08006e5c   0x00000238   Code   RO         9164    i.IMU_QuaternionEKF_F_Linearization_P_Fading  quaternionekf.o
    0x08007094   0x08007094   0x00000130   Code   RO         9165    i.IMU_QuaternionEKF_Init  quaternionekf.o
    0x080071c4   0x080071c4   0x00000034   Code   RO         9166    i.IMU_QuaternionEKF_Observe  quaternionekf.o
    0x080071f8   0x080071f8   0x00000128   Code   RO         9167    i.IMU_QuaternionEKF_SetH  quaternionekf.o
    0x08007320   0x08007320   0x00000634   Code   RO         9168    i.IMU_QuaternionEKF_Update  quaternionekf.o
    0x08007954   0x08007954   0x00000508   Code   RO         9169    i.IMU_QuaternionEKF_xhatUpdate  quaternionekf.o
    0x08007e5c   0x08007e5c   0x00000074   Code   RO         9918    i.IMU_Temperature_Ctrl  ins_task.o
    0x08007ed0   0x08007ed0   0x000000c4   Code   RO         9919    i.INS_Init          ins_task.o
    0x08007f94   0x08007f94   0x00000274   Code   RO         9920    i.INS_Task          ins_task.o
    0x08008208   0x08008208   0x00000264   Code   RO         1016    i.If_Point_arrived  decision.o
    0x0800846c   0x0800846c   0x0000003e   Code   RO         2323    i.IntToUnicode      usbd_desc.o
    0x080084aa   0x080084aa   0x00000002   PAD
    0x080084ac   0x080084ac   0x0000011c   Code   RO         1017    i.Judge_Continuous_Handle  decision.o
    0x080085c8   0x080085c8   0x00000064   Code   RO        10105    i.KEY_STATE_Ctrl    remote_control.o
    0x0800862c   0x0800862c   0x0000070c   Code   RO         8562    i.Kalman_Filter_Init  kalman_filter.o
    0x08008d38   0x08008d38   0x00000050   Code   RO         8563    i.Kalman_Filter_Measure  kalman_filter.o
    0x08008d88   0x08008d88   0x00000068   Code   RO         8564    i.Kalman_Filter_P_Update  kalman_filter.o
    0x08008df0   0x08008df0   0x00000068   Code   RO         8565    i.Kalman_Filter_PminusUpdate  kalman_filter.o
    0x08008e58   0x08008e58   0x000000d2   Code   RO         8566    i.Kalman_Filter_SetK  kalman_filter.o
    0x08008f2a   0x08008f2a   0x00000002   PAD
    0x08008f2c   0x08008f2c   0x00000128   Code   RO         8567    i.Kalman_Filter_Update  kalman_filter.o
    0x08009054   0x08009054   0x0000007c   Code   RO         8568    i.Kalman_Filter_xhatMinusUpdate  kalman_filter.o
    0x080090d0   0x080090d0   0x00000086   Code   RO         8569    i.Kalman_Filter_xhatUpdate  kalman_filter.o
    0x08009156   0x08009156   0x00000002   PAD
    0x08009158   0x08009158   0x00000044   Code   RO         1763    i.MX_CAN1_Init      can.o
    0x0800919c   0x0800919c   0x00000044   Code   RO         1764    i.MX_CAN2_Init      can.o
    0x080091e0   0x080091e0   0x000000b8   Code   RO         1810    i.MX_DMA_Init       dma.o
    0x08009298   0x08009298   0x00000124   Code   RO         1660    i.MX_FREERTOS_Init  freertos.o
    0x080093bc   0x080093bc   0x00000200   Code   RO         1511    i.MX_GPIO_Init      gpio.o
    0x080095bc   0x080095bc   0x00000034   Code   RO         1839    i.MX_RTC_Init       rtc.o
    0x080095f0   0x080095f0   0x00000048   Code   RO         1881    i.MX_SPI1_Init      spi.o
    0x08009638   0x08009638   0x0000006c   Code   RO         1926    i.MX_TIM10_Init     tim.o
    0x080096a4   0x080096a4   0x000000c0   Code   RO         1927    i.MX_TIM1_Init      tim.o
    0x08009764   0x08009764   0x00000058   Code   RO         1989    i.MX_USART1_UART_Init  usart.o
    0x080097bc   0x080097bc   0x0000003c   Code   RO         1990    i.MX_USART3_UART_Init  usart.o
    0x080097f8   0x080097f8   0x00000038   Code   RO         1991    i.MX_USART6_UART_Init  usart.o
    0x08009830   0x08009830   0x0000004c   Code   RO         2261    i.MX_USB_DEVICE_Init  usb_device.o
    0x0800987c   0x0800987c   0x00000004   Code   RO         2057    i.MemManage_Handler  stm32f4xx_it.o
    0x08009880   0x08009880   0x00000004   Code   RO         2058    i.NMI_Handler       stm32f4xx_it.o
    0x08009884   0x08009884   0x0000007c   Code   RO            4    i.Navigation_Tx_Send  navigation.o
    0x08009900   0x08009900   0x0000024c   Code   RO         8674    i.OLS_Derivative    user_lib.o
    0x08009b4c   0x08009b4c   0x00000058   Code   RO         8675    i.OLS_Init          user_lib.o
    0x08009ba4   0x08009ba4   0x00000010   Code   RO         2059    i.OTG_FS_IRQHandler  stm32f4xx_it.o
    0x08009bb4   0x08009bb4   0x00000064   Code   RO         2712    i.PCD_EP_OutSetupPacket_int  stm32f4xx_hal_pcd.o
    0x08009c18   0x08009c18   0x00000144   Code   RO         2713    i.PCD_EP_OutXfrComplete_int  stm32f4xx_hal_pcd.o
    0x08009d5c   0x08009d5c   0x000000b6   Code   RO         2714    i.PCD_WriteEmptyTxFifo  stm32f4xx_hal_pcd.o
    0x08009e12   0x08009e12   0x000002d0   Code   RO         9035    i.PID_Calculate     controller.o
    0x0800a0e2   0x0800a0e2   0x00000002   PAD
    0x0800a0e4   0x0800a0e4   0x000000bc   Code   RO         9036    i.PID_Init          controller.o
    0x0800a1a0   0x0800a1a0   0x000002e0   Code   RO        11052    i.Path_display      sentry_cmd.o
    0x0800a480   0x0800a480   0x0000009c   Code   RO         9335    i.RC_init           bsp_rc.o
    0x0800a51c   0x0800a51c   0x00000034   Code   RO        10726    i.REFEREE_Task      referee_usart_task.o
    0x0800a550   0x0800a550   0x0000004a   Code   RO         4719    i.RTC_EnterInitMode  stm32f4xx_hal_rtc.o
    0x0800a59a   0x0800a59a   0x0000002e   Code   RO         4720    i.RTC_ExitInitMode  stm32f4xx_hal_rtc.o
    0x0800a5c8   0x0800a5c8   0x00000070   Code   RO         9620    i.RX_USART_data_Handle  bsp_transmit.o
    0x0800a638   0x0800a638   0x00000088   Code   RO         5146    i.SPI_EndRxTxTransaction  stm32f4xx_hal_spi.o
    0x0800a6c0   0x0800a6c0   0x000000d8   Code   RO         5151    i.SPI_WaitFlagStateUntilTimeout  stm32f4xx_hal_spi.o
    0x0800a798   0x0800a798   0x00000012   Code   RO         8293    i.SWAPBYTE          usbd_ctlreq.o
    0x0800a7aa   0x0800a7aa   0x00000002   PAD
    0x0800a7ac   0x0800a7ac   0x00000060   Code   RO        11118    i.Sentry_Cmd_Fill   nautilus_ui.o
    0x0800a80c   0x0800a80c   0x000000a0   Code   RO         1018    i.Sentry_cmd_decision  decision.o
    0x0800a8ac   0x0800a8ac   0x00000012   Code   RO         9923    i.StartINSTask      ins_task.o
    0x0800a8be   0x0800a8be   0x00000002   PAD
    0x0800a8c0   0x0800a8c0   0x0000005c   Code   RO         1512    i.Start_PIN_int     gpio.o
    0x0800a91c   0x0800a91c   0x00000034   Code   RO         8052    i.SysTick_Handler   port.o
    0x0800a950   0x0800a950   0x000000b4   Code   RO         1412    i.SystemClock_Config  main.o
    0x0800aa04   0x0800aa04   0x00000014   Code   RO         6777    i.SystemInit        system_stm32f4xx.o
    0x0800aa18   0x0800aa18   0x00000010   Code   RO         2060    i.TIM2_IRQHandler   stm32f4xx_it.o
    0x0800aa28   0x0800aa28   0x000000e8   Code   RO         5514    i.TIM_Base_SetConfig  stm32f4xx_hal_tim.o
    0x0800ab10   0x0800ab10   0x00000022   Code   RO         5515    i.TIM_CCxChannelCmd  stm32f4xx_hal_tim.o
    0x0800ab32   0x0800ab32   0x00000002   PAD
    0x0800ab34   0x0800ab34   0x00000070   Code   RO         5527    i.TIM_OC1_SetConfig  stm32f4xx_hal_tim.o
    0x0800aba4   0x0800aba4   0x0000007c   Code   RO         5528    i.TIM_OC2_SetConfig  stm32f4xx_hal_tim.o
    0x0800ac20   0x0800ac20   0x00000078   Code   RO         5529    i.TIM_OC3_SetConfig  stm32f4xx_hal_tim.o
    0x0800ac98   0x0800ac98   0x00000054   Code   RO         5530    i.TIM_OC4_SetConfig  stm32f4xx_hal_tim.o
    0x0800acec   0x0800acec   0x0000003a   Code   RO         9533    i.TIM_Set_PWM       bsp_pwm.o
    0x0800ad26   0x0800ad26   0x00000002   PAD
    0x0800ad28   0x0800ad28   0x00000088   Code   RO         9621    i.Transmit_data_send  bsp_transmit.o
    0x0800adb0   0x0800adb0   0x00000048   Code   RO         9622    i.Transmit_run      bsp_transmit.o
    0x0800adf8   0x0800adf8   0x00000014   Code   RO         6446    i.UART_DMAAbortOnError  stm32f4xx_hal_uart.o
    0x0800ae0c   0x0800ae0c   0x00000050   Code   RO         6447    i.UART_DMAError     stm32f4xx_hal_uart.o
    0x0800ae5c   0x0800ae5c   0x000000b4   Code   RO         6448    i.UART_DMAReceiveCplt  stm32f4xx_hal_uart.o
    0x0800af10   0x0800af10   0x00000024   Code   RO         6450    i.UART_DMARxHalfCplt  stm32f4xx_hal_uart.o
    0x0800af34   0x0800af34   0x00000058   Code   RO         6452    i.UART_DMATransmitCplt  stm32f4xx_hal_uart.o
    0x0800af8c   0x0800af8c   0x0000000e   Code   RO         6454    i.UART_DMATxHalfCplt  stm32f4xx_hal_uart.o
    0x0800af9a   0x0800af9a   0x0000006c   Code   RO         6456    i.UART_EndRxTransfer  stm32f4xx_hal_uart.o
    0x0800b006   0x0800b006   0x00000020   Code   RO         6457    i.UART_EndTransmit_IT  stm32f4xx_hal_uart.o
    0x0800b026   0x0800b026   0x00000026   Code   RO         6458    i.UART_EndTxTransfer  stm32f4xx_hal_uart.o
    0x0800b04c   0x0800b04c   0x000000fc   Code   RO         6459    i.UART_Receive_IT   stm32f4xx_hal_uart.o
    0x0800b148   0x0800b148   0x0000022c   Code   RO         6460    i.UART_SetConfig    stm32f4xx_hal_uart.o
    0x0800b374   0x0800b374   0x000000c8   Code   RO         6461    i.UART_Start_Receive_DMA  stm32f4xx_hal_uart.o
    0x0800b43c   0x0800b43c   0x00000060   Code   RO         6463    i.UART_Transmit_IT  stm32f4xx_hal_uart.o
    0x0800b49c   0x0800b49c   0x000000ac   Code   RO        11124    i.UI_SendSentry     nautilus_ui.o
    0x0800b548   0x0800b548   0x000000c0   Code   RO         2061    i.USART1_IRQHandler  stm32f4xx_it.o
    0x0800b608   0x0800b608   0x00000140   Code   RO        10111    i.USART3_IRQHandler  remote_control.o
    0x0800b748   0x0800b748   0x00000124   Code   RO        10727    i.USART6_IRQHandler  referee_usart_task.o
    0x0800b86c   0x0800b86c   0x000000c4   Code   RO         8456    i.USBD_CDC_DataIn   usbd_cdc.o
    0x0800b930   0x0800b930   0x00000048   Code   RO         8457    i.USBD_CDC_DataOut  usbd_cdc.o
    0x0800b978   0x0800b978   0x000000d4   Code   RO         8458    i.USBD_CDC_DeInit   usbd_cdc.o
    0x0800ba4c   0x0800ba4c   0x00000050   Code   RO         8459    i.USBD_CDC_EP0_RxReady  usbd_cdc.o
    0x0800ba9c   0x0800ba9c   0x00000010   Code   RO         8460    i.USBD_CDC_GetDeviceQualifierDescriptor  usbd_cdc.o
    0x0800baac   0x0800baac   0x00000044   Code   RO         8461    i.USBD_CDC_GetFSCfgDesc  usbd_cdc.o
    0x0800baf0   0x0800baf0   0x00000048   Code   RO         8462    i.USBD_CDC_GetHSCfgDesc  usbd_cdc.o
    0x0800bb38   0x0800bb38   0x00000044   Code   RO         8463    i.USBD_CDC_GetOtherSpeedCfgDesc  usbd_cdc.o
    0x0800bb7c   0x0800bb7c   0x000001a0   Code   RO         8464    i.USBD_CDC_Init     usbd_cdc.o
    0x0800bd1c   0x0800bd1c   0x00000050   Code   RO         8465    i.USBD_CDC_ReceivePacket  usbd_cdc.o
    0x0800bd6c   0x0800bd6c   0x00000018   Code   RO         8466    i.USBD_CDC_RegisterInterface  usbd_cdc.o
    0x0800bd84   0x0800bd84   0x0000001e   Code   RO         8467    i.USBD_CDC_SetRxBuffer  usbd_cdc.o
    0x0800bda2   0x0800bda2   0x00000024   Code   RO         8468    i.USBD_CDC_SetTxBuffer  usbd_cdc.o
    0x0800bdc6   0x0800bdc6   0x00000140   Code   RO         8469    i.USBD_CDC_Setup    usbd_cdc.o
    0x0800bf06   0x0800bf06   0x00000002   PAD
    0x0800bf08   0x0800bf08   0x0000005c   Code   RO         8470    i.USBD_CDC_TransmitPacket  usbd_cdc.o
    0x0800bf64   0x0800bf64   0x0000001c   Code   RO         8131    i.USBD_ClrClassConfig  usbd_core.o
    0x0800bf80   0x0800bf80   0x0000003e   Code   RO         8294    i.USBD_ClrFeature   usbd_ctlreq.o
    0x0800bfbe   0x0800bfbe   0x00000006   Code   RO         8132    i.USBD_CoreFindEP   usbd_core.o
    0x0800bfc4   0x0800bfc4   0x00000006   Code   RO         8133    i.USBD_CoreFindIF   usbd_core.o
    0x0800bfca   0x0800bfca   0x00000018   Code   RO         8396    i.USBD_CtlContinueRx  usbd_ioreq.o
    0x0800bfe2   0x0800bfe2   0x00000018   Code   RO         8397    i.USBD_CtlContinueSendData  usbd_ioreq.o
    0x0800bffa   0x0800bffa   0x00000018   Code   RO         8295    i.USBD_CtlError     usbd_ctlreq.o
    0x0800c012   0x0800c012   0x00000028   Code   RO         8398    i.USBD_CtlPrepareRx  usbd_ioreq.o
    0x0800c03a   0x0800c03a   0x0000001a   Code   RO         8399    i.USBD_CtlReceiveStatus  usbd_ioreq.o
    0x0800c054   0x0800c054   0x00000022   Code   RO         8400    i.USBD_CtlSendData  usbd_ioreq.o
    0x0800c076   0x0800c076   0x0000001a   Code   RO         8401    i.USBD_CtlSendStatus  usbd_ioreq.o
    0x0800c090   0x0800c090   0x00000034   Code   RO         2324    i.USBD_FS_ConfigStrDescriptor  usbd_desc.o
    0x0800c0c4   0x0800c0c4   0x00000010   Code   RO         2325    i.USBD_FS_DeviceDescriptor  usbd_desc.o
    0x0800c0d4   0x0800c0d4   0x00000038   Code   RO         2326    i.USBD_FS_InterfaceStrDescriptor  usbd_desc.o
    0x0800c10c   0x0800c10c   0x00000010   Code   RO         2327    i.USBD_FS_LangIDStrDescriptor  usbd_desc.o
    0x0800c11c   0x0800c11c   0x0000002c   Code   RO         2328    i.USBD_FS_ManufacturerStrDescriptor  usbd_desc.o
    0x0800c148   0x0800c148   0x00000040   Code   RO         2329    i.USBD_FS_ProductStrDescriptor  usbd_desc.o
    0x0800c188   0x0800c188   0x00000018   Code   RO         2330    i.USBD_FS_SerialStrDescriptor  usbd_desc.o
    0x0800c1a0   0x0800c1a0   0x00000056   Code   RO         8296    i.USBD_GetConfig    usbd_ctlreq.o
    0x0800c1f6   0x0800c1f6   0x000001fc   Code   RO         8297    i.USBD_GetDescriptor  usbd_ctlreq.o
    0x0800c3f2   0x0800c3f2   0x00000050   Code   RO         8135    i.USBD_GetEpDesc    usbd_core.o
    0x0800c442   0x0800c442   0x00000016   Code   RO         8298    i.USBD_GetLen       usbd_ctlreq.o
    0x0800c458   0x0800c458   0x00000014   Code   RO         8136    i.USBD_GetNextDesc  usbd_core.o
    0x0800c46c   0x0800c46c   0x0000005a   Code   RO         8299    i.USBD_GetStatus    usbd_ctlreq.o
    0x0800c4c6   0x0800c4c6   0x00000054   Code   RO         8300    i.USBD_GetString    usbd_ctlreq.o
    0x0800c51a   0x0800c51a   0x0000002c   Code   RO         2483    i.USBD_Get_USB_Status  usbd_conf.o
    0x0800c546   0x0800c546   0x0000003a   Code   RO         8137    i.USBD_Init         usbd_core.o
    0x0800c580   0x0800c580   0x00000026   Code   RO         2484    i.USBD_LL_ClearStallEP  usbd_conf.o
    0x0800c5a6   0x0800c5a6   0x00000026   Code   RO         2485    i.USBD_LL_CloseEP   usbd_conf.o
    0x0800c5cc   0x0800c5cc   0x00000108   Code   RO         8138    i.USBD_LL_DataInStage  usbd_core.o
    0x0800c6d4   0x0800c6d4   0x00000102   Code   RO         8139    i.USBD_LL_DataOutStage  usbd_core.o
    0x0800c7d6   0x0800c7d6   0x00000006   Code   RO         8140    i.USBD_LL_DevConnected  usbd_core.o
    0x0800c7dc   0x0800c7dc   0x00000026   Code   RO         8141    i.USBD_LL_DevDisconnected  usbd_core.o
    0x0800c802   0x0800c802   0x00000012   Code   RO         2489    i.USBD_LL_GetRxDataSize  usbd_conf.o
    0x0800c814   0x0800c814   0x00000068   Code   RO         2490    i.USBD_LL_Init      usbd_conf.o
    0x0800c87c   0x0800c87c   0x00000038   Code   RO         2491    i.USBD_LL_IsStallEP  usbd_conf.o
    0x0800c8b4   0x0800c8b4   0x00000048   Code   RO         8142    i.USBD_LL_IsoINIncomplete  usbd_core.o
    0x0800c8fc   0x0800c8fc   0x00000048   Code   RO         8143    i.USBD_LL_IsoOUTIncomplete  usbd_core.o
    0x0800c944   0x0800c944   0x00000030   Code   RO         2492    i.USBD_LL_OpenEP    usbd_conf.o
    0x0800c974   0x0800c974   0x00000030   Code   RO         2493    i.USBD_LL_PrepareReceive  usbd_conf.o
    0x0800c9a4   0x0800c9a4   0x0000006c   Code   RO         8144    i.USBD_LL_Reset     usbd_core.o
    0x0800ca10   0x0800ca10   0x00000016   Code   RO         8145    i.USBD_LL_Resume    usbd_core.o
    0x0800ca26   0x0800ca26   0x00000028   Code   RO         8146    i.USBD_LL_SOF       usbd_core.o
    0x0800ca4e   0x0800ca4e   0x00000008   Code   RO         8147    i.USBD_LL_SetSpeed  usbd_core.o
    0x0800ca56   0x0800ca56   0x00000026   Code   RO         2494    i.USBD_LL_SetUSBAddress  usbd_conf.o
    0x0800ca7c   0x0800ca7c   0x00000076   Code   RO         8148    i.USBD_LL_SetupStage  usbd_core.o
    0x0800caf2   0x0800caf2   0x00000026   Code   RO         2495    i.USBD_LL_StallEP   usbd_conf.o
    0x0800cb18   0x0800cb18   0x0000001e   Code   RO         2496    i.USBD_LL_Start     usbd_conf.o
    0x0800cb36   0x0800cb36   0x0000001c   Code   RO         8149    i.USBD_LL_Suspend   usbd_core.o
    0x0800cb52   0x0800cb52   0x00000030   Code   RO         2498    i.USBD_LL_Transmit  usbd_conf.o
    0x0800cb82   0x0800cb82   0x00000036   Code   RO         8301    i.USBD_ParseSetupRequest  usbd_ctlreq.o
    0x0800cbb8   0x0800cbb8   0x00000048   Code   RO         8150    i.USBD_RegisterClass  usbd_core.o
    0x0800cc00   0x0800cc00   0x00000006   Code   RO         8151    i.USBD_RunTestMode  usbd_core.o
    0x0800cc06   0x0800cc06   0x0000005a   Code   RO         8302    i.USBD_SetAddress   usbd_ctlreq.o
    0x0800cc60   0x0800cc60   0x00000020   Code   RO         8152    i.USBD_SetClassConfig  usbd_core.o
    0x0800cc80   0x0800cc80   0x00000104   Code   RO         8303    i.USBD_SetConfig    usbd_ctlreq.o
    0x0800cd84   0x0800cd84   0x00000038   Code   RO         8304    i.USBD_SetFeature   usbd_ctlreq.o
    0x0800cdbc   0x0800cdbc   0x0000000c   Code   RO         8153    i.USBD_Start        usbd_core.o
    0x0800cdc8   0x0800cdc8   0x000000ae   Code   RO         8305    i.USBD_StdDevReq    usbd_ctlreq.o
    0x0800ce76   0x0800ce76   0x00000280   Code   RO         8306    i.USBD_StdEPReq     usbd_ctlreq.o
    0x0800d0f6   0x0800d0f6   0x000000ae   Code   RO         8307    i.USBD_StdItfReq    usbd_ctlreq.o
    0x0800d1a4   0x0800d1a4   0x00000002   Code   RO         2499    i.USBD_static_free  usbd_conf.o
    0x0800d1a6   0x0800d1a6   0x00000002   PAD
    0x0800d1a8   0x0800d1a8   0x0000000c   Code   RO         2500    i.USBD_static_malloc  usbd_conf.o
    0x0800d1b4   0x0800d1b4   0x000000d0   Code   RO         2963    i.USB_ActivateEndpoint  stm32f4xx_ll_usb.o
    0x0800d284   0x0800d284   0x00000028   Code   RO         2965    i.USB_ActivateSetup  stm32f4xx_ll_usb.o
    0x0800d2ac   0x0800d2ac   0x0000008c   Code   RO         2967    i.USB_CoreInit      stm32f4xx_ll_usb.o
    0x0800d338   0x0800d338   0x00000054   Code   RO         2968    i.USB_CoreReset     stm32f4xx_ll_usb.o
    0x0800d38c   0x0800d38c   0x0000014c   Code   RO         2971    i.USB_DeactivateEndpoint  stm32f4xx_ll_usb.o
    0x0800d4d8   0x0800d4d8   0x00000024   Code   RO         2972    i.USB_DevConnect    stm32f4xx_ll_usb.o
    0x0800d4fc   0x0800d4fc   0x00000024   Code   RO         2973    i.USB_DevDisconnect  stm32f4xx_ll_usb.o
    0x0800d520   0x0800d520   0x000001e8   Code   RO         2974    i.USB_DevInit       stm32f4xx_ll_usb.o
    0x0800d708   0x0800d708   0x0000000e   Code   RO         2975    i.USB_DisableGlobalInt  stm32f4xx_ll_usb.o
    0x0800d716   0x0800d716   0x00000002   PAD
    0x0800d718   0x0800d718   0x00000070   Code   RO         2978    i.USB_EP0_OutStart  stm32f4xx_ll_usb.o
    0x0800d788   0x0800d788   0x0000008e   Code   RO         2979    i.USB_EPClearStall  stm32f4xx_ll_usb.o
    0x0800d816   0x0800d816   0x0000009a   Code   RO         2980    i.USB_EPSetStall    stm32f4xx_ll_usb.o
    0x0800d8b0   0x0800d8b0   0x000003b4   Code   RO         2981    i.USB_EPStartXfer   stm32f4xx_ll_usb.o
    0x0800dc64   0x0800dc64   0x000000ec   Code   RO         2982    i.USB_EPStopXfer    stm32f4xx_ll_usb.o
    0x0800dd50   0x0800dd50   0x0000000e   Code   RO         2983    i.USB_EnableGlobalInt  stm32f4xx_ll_usb.o
    0x0800dd5e   0x0800dd5e   0x00000050   Code   RO         2984    i.USB_FlushRxFifo   stm32f4xx_ll_usb.o
    0x0800ddae   0x0800ddae   0x00000054   Code   RO         2985    i.USB_FlushTxFifo   stm32f4xx_ll_usb.o
    0x0800de02   0x0800de02   0x00000026   Code   RO         2987    i.USB_GetDevSpeed   stm32f4xx_ll_usb.o
    0x0800de28   0x0800de28   0x0000000a   Code   RO         2989    i.USB_GetMode       stm32f4xx_ll_usb.o
    0x0800de32   0x0800de32   0x00000014   Code   RO         2997    i.USB_ReadDevAllInEpInterrupt  stm32f4xx_ll_usb.o
    0x0800de46   0x0800de46   0x00000014   Code   RO         2998    i.USB_ReadDevAllOutEpInterrupt  stm32f4xx_ll_usb.o
    0x0800de5a   0x0800de5a   0x00000032   Code   RO         2999    i.USB_ReadDevInEPInterrupt  stm32f4xx_ll_usb.o
    0x0800de8c   0x0800de8c   0x0000001a   Code   RO         3000    i.USB_ReadDevOutEPInterrupt  stm32f4xx_ll_usb.o
    0x0800dea6   0x0800dea6   0x0000000a   Code   RO         3001    i.USB_ReadInterrupts  stm32f4xx_ll_usb.o
    0x0800deb0   0x0800deb0   0x00000060   Code   RO         3002    i.USB_ReadPacket    stm32f4xx_ll_usb.o
    0x0800df10   0x0800df10   0x00000068   Code   RO         3004    i.USB_SetCurrentMode  stm32f4xx_ll_usb.o
    0x0800df78   0x0800df78   0x0000002a   Code   RO         3005    i.USB_SetDevAddress  stm32f4xx_ll_usb.o
    0x0800dfa2   0x0800dfa2   0x00000012   Code   RO         3006    i.USB_SetDevSpeed   stm32f4xx_ll_usb.o
    0x0800dfb4   0x0800dfb4   0x000000e8   Code   RO         3007    i.USB_SetTurnaroundTime  stm32f4xx_ll_usb.o
    0x0800e09c   0x0800e09c   0x00000044   Code   RO         3010    i.USB_WritePacket   stm32f4xx_ll_usb.o
    0x0800e0e0   0x0800e0e0   0x00000004   Code   RO         2062    i.UsageFault_Handler  stm32f4xx_it.o
    0x0800e0e4   0x0800e0e4   0x00000118   Code   RO        10112    i.WHEEL_STATE_Ctrl  remote_control.o
    0x0800e1fc   0x0800e1fc   0x00000030   Code   RO        11795    i.__ARM_fpclassify  m_wm.l(fpclassify.o)
    0x0800e22c   0x0800e22c   0x00000026   Code   RO        11727    i.__ARM_fpclassifyf  m_wm.l(fpclassifyf.o)
    0x0800e252   0x0800e252   0x00000002   PAD
    0x0800e254   0x0800e254   0x00000010   Code   RO         4076    i.__NVIC_GetPriorityGrouping  stm32f4xx_hal_cortex.o
    0x0800e264   0x0800e264   0x00000028   Code   RO         4077    i.__NVIC_SetPriority  stm32f4xx_hal_cortex.o
    0x0800e28c   0x0800e28c   0x00000006   Code   RO        10841    i.__get_PRIMASK     fifo.o
    0x0800e292   0x0800e292   0x00000002   PAD
    0x0800e294   0x0800e294   0x00000118   Code   RO        11536    i.__hardfp_acosf    m_wm.l(acosf.o)
    0x0800e3ac   0x0800e3ac   0x0000012c   Code   RO        11548    i.__hardfp_asinf    m_wm.l(asinf.o)
    0x0800e4d8   0x0800e4d8   0x000002ac   Code   RO        11560    i.__hardfp_atan2f   m_wm.l(atan2f.o)
    0x0800e784   0x0800e784   0x00000004   PAD
    0x0800e788   0x0800e788   0x000000c8   Code   RO        11572    i.__hardfp_cos      m_wm.l(cos.o)
    0x0800e850   0x0800e850   0x00000014   Code   RO        11584    i.__hardfp_fabs     m_wm.l(fabs.o)
    0x0800e864   0x0800e864   0x00000004   PAD
    0x0800e868   0x0800e868   0x000000c8   Code   RO        11604    i.__hardfp_sin      m_wm.l(sin.o)
    0x0800e930   0x0800e930   0x0000003a   Code   RO        11622    i.__hardfp_sqrtf    m_wm.l(sqrtf_full.o)
    0x0800e96a   0x0800e96a   0x00000006   PAD
    0x0800e970   0x0800e970   0x00000438   Code   RO        11746    i.__ieee754_rem_pio2  m_wm.l(rred.o)
    0x0800eda8   0x0800eda8   0x00000170   Code   RO        11710    i.__kernel_cos      m_wm.l(cos_i.o)
    0x0800ef18   0x0800ef18   0x000000f8   Code   RO        11743    i.__kernel_poly     m_wm.l(poly.o)
    0x0800f010   0x0800f010   0x00000130   Code   RO        11751    i.__kernel_sin      m_wm.l(sin_i.o)
    0x0800f140   0x0800f140   0x00000014   Code   RO        11714    i.__mathlib_dbl_infnan  m_wm.l(dunder.o)
    0x0800f154   0x0800f154   0x00000004   PAD
    0x0800f158   0x0800f158   0x00000020   Code   RO        11716    i.__mathlib_dbl_invalid  m_wm.l(dunder.o)
    0x0800f178   0x0800f178   0x00000020   Code   RO        11719    i.__mathlib_dbl_underflow  m_wm.l(dunder.o)
    0x0800f198   0x0800f198   0x00000006   Code   RO        11730    i.__mathlib_flt_infnan  m_wm.l(funder.o)
    0x0800f19e   0x0800f19e   0x00000006   Code   RO        11731    i.__mathlib_flt_infnan2  m_wm.l(funder.o)
    0x0800f1a4   0x0800f1a4   0x00000010   Code   RO        11732    i.__mathlib_flt_invalid  m_wm.l(funder.o)
    0x0800f1b4   0x0800f1b4   0x00000010   Code   RO        11735    i.__mathlib_flt_underflow  m_wm.l(funder.o)
    0x0800f1c4   0x0800f1c4   0x0000000e   Code   RO        11801    i.__scatterload_copy  mc_w.l(handlers.o)
    0x0800f1d2   0x0800f1d2   0x00000002   Code   RO        11802    i.__scatterload_null  mc_w.l(handlers.o)
    0x0800f1d4   0x0800f1d4   0x0000000e   Code   RO        11803    i.__scatterload_zeroinit  mc_w.l(handlers.o)
    0x0800f1e2   0x0800f1e2   0x00000006   Code   RO        10842    i.__set_PRIMASK     fifo.o
    0x0800f1e8   0x0800f1e8   0x0000000c   Code   RO        11783    i.__set_errno       mc_w.l(errno.o)
    0x0800f1f4   0x0800f1f4   0x0000002e   Code   RO         9561    i.abs_limit         bsp_pid.o
    0x0800f222   0x0800f222   0x00000002   PAD
    0x0800f224   0x0800f224   0x00000030   Code   RO        10780    i.append_CRC16_check_sum  crc8_crc16.o
    0x0800f254   0x0800f254   0x00000024   Code   RO        10781    i.append_CRC8_check_sum  crc8_crc16.o
    0x0800f278   0x0800f278   0x00000060   Code   RO          270    i.big_yaw_run       gimbal_big_yaw.o
    0x0800f2d8   0x0800f2d8   0x0000016c   Code   RO         8856    i.bmi088_accel_init  bmi088driver.o
    0x0800f444   0x0800f444   0x00000130   Code   RO         8857    i.bmi088_gyro_init  bmi088driver.o
    0x0800f574   0x0800f574   0x00000068   Code   RO         9234    i.can_filter_init   bsp_can.o
    0x0800f5dc   0x0800f5dc   0x00000024   Code   RO          847    i.chassis_normol_move_set  chassis_control.o
    0x0800f600   0x0800f600   0x00000038   Code   RO          848    i.chassis_normol_set  chassis_control.o
    0x0800f638   0x0800f638   0x00000210   Code   RO          715    i.chassis_speed_set  system.o
    0x0800f848   0x0800f848   0x0000007c   Code   RO          850    i.chassis_spine_move_set  chassis_control.o
    0x0800f8c4   0x0800f8c4   0x00000034   Code   RO          851    i.chassis_task_run  chassis_control.o
    0x0800f8f8   0x0800f8f8   0x0000004c   Code   RO          716    i.choose_control_mode  system.o
    0x0800f944   0x0800f944   0x00000088   Code   RO          271    i.compare_yaw_add   gimbal_big_yaw.o
    0x0800f9cc   0x0800f9cc   0x00000058   Code   RO         1020    i.decision_point_chose  decision.o
    0x0800fa24   0x0800fa24   0x00000398   Code   RO         1021    i.decision_point_fill  decision.o
    0x0800fdbc   0x0800fdbc   0x00000038   Code   RO          549    i.dm_current_run    motor.o
    0x0800fdf4   0x0800fdf4   0x00000118   Code   RO        10022    i.dm_motor_Ctrl     can_transmit.o
    0x0800ff0c   0x0800ff0c   0x00000046   Code   RO        10023    i.dm_motor_START    can_transmit.o
    0x0800ff52   0x0800ff52   0x00000046   Code   RO        10024    i.dm_motor_STOP     can_transmit.o
    0x0800ff98   0x0800ff98   0x000000f0   Code   RO         9039    i.f_Changing_Integration_Rate  controller.o
    0x08010088   0x08010088   0x00000056   Code   RO         9040    i.f_Derivative_Filter  controller.o
    0x080100de   0x080100de   0x000000f4   Code   RO         9041    i.f_Derivative_On_Measurement  controller.o
    0x080101d2   0x080101d2   0x00000002   PAD
    0x080101d4   0x080101d4   0x000000f0   Code   RO         9042    i.f_Integral_Limit  controller.o
    0x080102c4   0x080102c4   0x00000056   Code   RO         9043    i.f_Output_Filter   controller.o
    0x0801031a   0x0801031a   0x00000046   Code   RO         9044    i.f_Output_Limit    controller.o
    0x08010360   0x08010360   0x000000b4   Code   RO         9045    i.f_PID_ErrorHandle  controller.o
    0x08010414   0x08010414   0x00000046   Code   RO         9046    i.f_Proportion_Limit  controller.o
    0x0801045a   0x0801045a   0x00000080   Code   RO         9047    i.f_Trapezoid_Intergral  controller.o
    0x080104da   0x080104da   0x00000018   Code   RO        11586    i.fabs              m_wm.l(fabs.o)
    0x080104f2   0x080104f2   0x0000003a   Code   RO        10860    i.fifo_s_get        fifo.o
    0x0801052c   0x0801052c   0x00000016   Code   RO        10863    i.fifo_s_init       fifo.o
    0x08010542   0x08010542   0x000000a0   Code   RO        10869    i.fifo_s_puts       fifo.o
    0x080105e2   0x080105e2   0x00000006   Code   RO        10871    i.fifo_s_used       fifo.o
    0x080105e8   0x080105e8   0x0000002a   Code   RO         8682    i.float_constrain   user_lib.o
    0x08010612   0x08010612   0x00000002   PAD
    0x08010614   0x08010614   0x00000048   Code   RO         8684    i.float_rounding    user_lib.o
    0x0801065c   0x0801065c   0x00000032   Code   RO        10026    i.float_to_uint     can_transmit.o
    0x0801068e   0x0801068e   0x00000002   PAD
    0x08010690   0x08010690   0x00000034   Code   RO        10782    i.get_CRC16_check_sum  crc8_crc16.o
    0x080106c4   0x080106c4   0x00000024   Code   RO        10783    i.get_CRC8_check_sum  crc8_crc16.o
    0x080106e8   0x080106e8   0x00000070   Code   RO          272    i.get_big_gimbal_com  gimbal_big_yaw.o
    0x08010758   0x08010758   0x00000038   Code   RO          852    i.get_chassis_com   chassis_control.o
    0x08010790   0x08010790   0x00000040   Code   RO          853    i.get_chassis_mode_set  chassis_control.o
    0x080107d0   0x080107d0   0x000000a0   Code   RO         9847    i.get_dm4310_motor_measure  can_receive.o
    0x08010870   0x08010870   0x00000038   Code   RO          621    i.get_gimbal_com    small_gimbal.o
    0x080108a8   0x080108a8   0x00000054   Code   RO         9848    i.get_gimbal_data_2  can_receive.o
    0x080108fc   0x080108fc   0x000000d4   Code   RO          273    i.get_gimbal_response_state  gimbal_big_yaw.o
    0x080109d0   0x080109d0   0x00000048   Code   RO        10113    i.get_if_communite_broke  remote_control.o
    0x08010a18   0x08010a18   0x0000005c   Code   RO         1022    i.get_referr_data   decision.o
    0x08010a74   0x08010a74   0x000000bc   Code   RO          274    i.gimbal_curise_set  gimbal_big_yaw.o
    0x08010b30   0x08010b30   0x00000070   Code   RO          275    i.gimbal_mode_set   gimbal_big_yaw.o
    0x08010ba0   0x08010ba0   0x000000a0   Code   RO          277    i.gimbal_pid_init   gimbal_big_yaw.o
    0x08010c40   0x08010c40   0x00000090   Code   RO          278    i.gimbal_vision_no_mode  gimbal_big_yaw.o
    0x08010cd0   0x08010cd0   0x00000064   Code   RO          279    i.gimbal_vision_on_mode  gimbal_big_yaw.o
    0x08010d34   0x08010d34   0x00000114   Code   RO          280    i.gimbal_vision_set  gimbal_big_yaw.o
    0x08010e48   0x08010e48   0x00000158   Code   RO        10561    i.init_referee_struct_data  referee.o
    0x08010fa0   0x08010fa0   0x0000003c   Code   RO         9170    i.invSqrt           quaternionekf.o
    0x08010fdc   0x08010fdc   0x00000094   Code   RO          717    i.judeg_if_imu_error  system.o
    0x08011070   0x08011070   0x00000088   Code   RO         1023    i.judge_base_armor_spred  decision.o
    0x080110f8   0x080110f8   0x00000018   Code   RO         1024    i.judge_if_HP_less_100  decision.o
    0x08011110   0x08011110   0x00000018   Code   RO         1026    i.judge_if_HP_less_50  decision.o
    0x08011128   0x08011128   0x0000001c   Code   RO         1027    i.judge_if_HP_recover  decision.o
    0x08011144   0x08011144   0x00000018   Code   RO         1028    i.judge_if_allowance_less_100  decision.o
    0x0801115c   0x0801115c   0x00000018   Code   RO         1029    i.judge_if_allowance_less_50  decision.o
    0x08011174   0x08011174   0x00000024   Code   RO         1030    i.judge_if_chassis_weak  decision.o
    0x08011198   0x08011198   0x0000002c   Code   RO         1031    i.judge_if_chip_base  decision.o
    0x080111c4   0x080111c4   0x000000b8   Code   RO         1032    i.judge_if_close_to_enemy_out  decision.o
    0x0801127c   0x0801127c   0x0000000e   Code   RO         1033    i.judge_if_enemy_outpost_destroyed  decision.o
    0x0801128a   0x0801128a   0x00000002   PAD
    0x0801128c   0x0801128c   0x00000020   Code   RO         1034    i.judge_if_enemy_outpost_lock  decision.o
    0x080112ac   0x080112ac   0x00000050   Code   RO         1035    i.judge_if_enemy_small_energy  decision.o
    0x080112fc   0x080112fc   0x00000028   Code   RO         1036    i.judge_if_fire_lock  decision.o
    0x08011324   0x08011324   0x00000018   Code   RO         1037    i.judge_if_fortress_allow_less_50  decision.o
    0x0801133c   0x0801133c   0x000002a0   Code   RO         1038    i.judge_if_fortress_free  decision.o
    0x080115dc   0x080115dc   0x00000038   Code   RO         1039    i.judge_if_keyboard_disable  decision.o
    0x08011614   0x08011614   0x00000018   Code   RO         1040    i.judge_if_location_over  decision.o
    0x0801162c   0x0801162c   0x00000128   Code   RO         1041    i.judge_if_moving_v  decision.o
    0x08011754   0x08011754   0x000000c0   Code   RO         1042    i.judge_if_need_allow_17  decision.o
    0x08011814   0x08011814   0x000000c8   Code   RO         1044    i.judge_if_need_to_protect  decision.o
    0x080118dc   0x080118dc   0x00000094   Code   RO         1045    i.judge_if_not_found  decision.o
    0x08011970   0x08011970   0x00000084   Code   RO         1046    i.judge_if_nothurt  decision.o
    0x080119f4   0x080119f4   0x0000013c   Code   RO         1047    i.judge_if_on_toss  decision.o
    0x08011b30   0x08011b30   0x00000010   Code   RO         1048    i.judge_if_outpost_destroyed  decision.o
    0x08011b40   0x08011b40   0x00000178   Code   RO         1049    i.judge_if_shoot    decision.o
    0x08011cb8   0x08011cb8   0x00000088   Code   RO         1050    i.judge_if_shoot_Engineer  decision.o
    0x08011d40   0x08011d40   0x0000000e   Code   RO         1051    i.judge_if_shoot_base  decision.o
    0x08011d4e   0x08011d4e   0x00000002   PAD
    0x08011d50   0x08011d50   0x000000a8   Code   RO         1052    i.judge_if_shoot_hero  decision.o
    0x08011df8   0x08011df8   0x00000088   Code   RO         1053    i.judge_if_shoot_infantr3  decision.o
    0x08011e80   0x08011e80   0x00000088   Code   RO         1054    i.judge_if_shoot_infantr4  decision.o
    0x08011f08   0x08011f08   0x00000024   Code   RO         1055    i.judge_if_shoot_outpost  decision.o
    0x08011f2c   0x08011f2c   0x00000084   Code   RO         1056    i.judge_if_shoot_sentry  decision.o
    0x08011fb0   0x08011fb0   0x00000020   Code   RO         1057    i.judge_if_stop_navi  decision.o
    0x08011fd0   0x08011fd0   0x00000118   Code   RO         1058    i.judge_shoot_top_senior_priority  decision.o
    0x080120e8   0x080120e8   0x00000068   Code   RO         1413    i.main              main.o
    0x08012150   0x08012150   0x0000000e   Code   RO         7617    i.makeFreeRtosPriority  cmsis_os.o
    0x0801215e   0x0801215e   0x00000002   PAD
    0x08012160   0x08012160   0x0000006c   Code   RO        11661    i.malloc            mc_w.l(malloc.o)
    0x080121cc   0x080121cc   0x00000018   Code   RO         1059    i.map_control_fill  decision.o
    0x080121e4   0x080121e4   0x00000012   Code   RO          550    i.motor_run         motor.o
    0x080121f6   0x080121f6   0x00000002   PAD
    0x080121f8   0x080121f8   0x000000a4   Code   RO            6    i.navigation_rx_handle  navigation.o
    0x0801229c   0x0801229c   0x00000018   Code   RO         7619    i.osDelay           cmsis_os.o
    0x080122b4   0x080122b4   0x0000000a   Code   RO         7622    i.osKernelStart     cmsis_os.o
    0x080122be   0x080122be   0x0000005e   Code   RO         7656    i.osThreadCreate    cmsis_os.o
    0x0801231c   0x0801231c   0x000000a6   Code   RO         9567    i.pid_calc          bsp_pid.o
    0x080123c2   0x080123c2   0x00000016   Code   RO         9568    i.pid_init          bsp_pid.o
    0x080123d8   0x080123d8   0x00000020   Code   RO          551    i.pitch_Enable      motor.o
    0x080123f8   0x080123f8   0x00000018   Code   RO          552    i.pitch_Unable      motor.o
    0x08012410   0x08012410   0x00000098   Code   RO         7288    i.prvAddCurrentTaskToDelayedList  tasks.o
    0x080124a8   0x080124a8   0x000000b4   Code   RO         7289    i.prvAddNewTaskToReadyList  tasks.o
    0x0801255c   0x0801255c   0x00000048   Code   RO         7290    i.prvCheckTasksWaitingTermination  tasks.o
    0x080125a4   0x080125a4   0x00000050   Code   RO         7291    i.prvDeleteTCB      tasks.o
    0x080125f4   0x080125f4   0x0000007c   Code   RO         7984    i.prvHeapInit       heap_4.o
    0x08012670   0x08012670   0x00000028   Code   RO         7292    i.prvIdleTask       tasks.o
    0x08012698   0x08012698   0x000000b4   Code   RO         7293    i.prvInitialiseNewTask  tasks.o
    0x0801274c   0x0801274c   0x00000068   Code   RO         7294    i.prvInitialiseTaskLists  tasks.o
    0x080127b4   0x080127b4   0x00000068   Code   RO         7985    i.prvInsertBlockIntoFreeList  heap_4.o
    0x0801281c   0x0801281c   0x00000034   Code   RO         7295    i.prvResetNextTaskUnblockTime  tasks.o
    0x08012850   0x08012850   0x00000040   Code   RO         8053    i.prvTaskExitError  port.o
    0x08012890   0x08012890   0x0000014c   Code   RO         7986    i.pvPortMalloc      heap_4.o
    0x080129dc   0x080129dc   0x0000002c   Code   RO         8054    i.pxPortInitialiseStack  port.o
    0x08012a08   0x08012a08   0x00000374   Code   RO        10562    i.referee_data_solve  referee.o
    0x08012d7c   0x08012d7c   0x0000005c   Code   RO        11053    i.referee_transmit  sentry_cmd.o
    0x08012dd8   0x08012dd8   0x0000014c   Code   RO        10728    i.referee_unpack_fifo_data  referee_usart_task.o
    0x08012f24   0x08012f24   0x00000014   Code   RO        10115    i.remote_control_init  remote_control.o
    0x08012f38   0x08012f38   0x00000030   Code   RO          718    i.remote_offline_set  system.o
    0x08012f68   0x08012f68   0x00000334   Code   RO        10116    i.sbus_to_rc        remote_control.o
    0x0801329c   0x0801329c   0x00000100   Code   RO         9623    i.send_gimbal_mode_2_gimbal  bsp_transmit.o
    0x0801339c   0x0801339c   0x000000d0   Code   RO         9624    i.send_gimbal_mode_2_shoot  bsp_transmit.o
    0x0801346c   0x0801346c   0x00000012   Code   RO         1067    i.sentry_shoot_decision  decision.o
    0x0801347e   0x0801347e   0x00000014   Code   RO         1068    i.sentry_test_decision  decision.o
    0x08013492   0x08013492   0x00000002   PAD
    0x08013494   0x08013494   0x0000008c   Code   RO          719    i.shoot_mode_chose  system.o
    0x08013520   0x08013520   0x000000f4   Code   RO          720    i.small_gimbal_mode_chose  system.o
    0x08013614   0x08013614   0x00000038   Code   RO          622    i.small_gimbal_run  small_gimbal.o
    0x0801364c   0x0801364c   0x0000003e   Code   RO        11624    i.sqrtf             m_wm.l(sqrtf_full.o)
    0x0801368a   0x0801368a   0x00000002   PAD
    0x0801368c   0x0801368c   0x00000044   Code   RO          623    i.system_mode_to_small  small_gimbal.o
    0x080136d0   0x080136d0   0x00000118   Code   RO          721    i.system_run        system.o
    0x080137e8   0x080137e8   0x00000034   Code   RO        10028    i.uint_to_float     can_transmit.o
    0x0801381c   0x0801381c   0x00000138   Code   RO        10607    i.usart6_init       bsp_usart.o
    0x08013954   0x08013954   0x0000008c   Code   RO         9625    i.usart_data_updata  bsp_transmit.o
    0x080139e0   0x080139e0   0x00000028   Code   RO         6914    i.uxListRemove      list.o
    0x08013a08   0x08013a08   0x00000018   Code   RO         1664    i.vApplicationGetIdleTaskMemory  freertos.o
    0x08013a20   0x08013a20   0x0000001a   Code   RO         6915    i.vListInitialise   list.o
    0x08013a3a   0x08013a3a   0x00000006   Code   RO         6916    i.vListInitialiseItem  list.o
    0x08013a40   0x08013a40   0x00000034   Code   RO         6917    i.vListInsert       list.o
    0x08013a74   0x08013a74   0x00000018   Code   RO         6918    i.vListInsertEnd    list.o
    0x08013a8c   0x08013a8c   0x00000054   Code   RO         8056    i.vPortEnterCritical  port.o
    0x08013ae0   0x08013ae0   0x0000003c   Code   RO         8057    i.vPortExitCritical  port.o
    0x08013b1c   0x08013b1c   0x000000a4   Code   RO         7987    i.vPortFree         heap_4.o
    0x08013bc0   0x08013bc0   0x00000028   Code   RO         8058    i.vPortSetupTimerInterrupt  port.o
    0x08013be8   0x08013be8   0x0000005c   Code   RO         7304    i.vTaskDelay        tasks.o
    0x08013c44   0x08013c44   0x000000b0   Code   RO         7317    i.vTaskStartScheduler  tasks.o
    0x08013cf4   0x08013cf4   0x00000010   Code   RO         7319    i.vTaskSuspendAll   tasks.o
    0x08013d04   0x08013d04   0x0000008c   Code   RO         7320    i.vTaskSwitchContext  tasks.o
    0x08013d90   0x08013d90   0x00000040   Code   RO        10784    i.verify_CRC16_check_sum  crc8_crc16.o
    0x08013dd0   0x08013dd0   0x0000002e   Code   RO        10785    i.verify_CRC8_check_sum  crc8_crc16.o
    0x08013dfe   0x08013dfe   0x00000002   PAD
    0x08013e00   0x08013e00   0x00000168   Code   RO         8060    i.xPortStartScheduler  port.o
    0x08013f68   0x08013f68   0x00000064   Code   RO         7323    i.xTaskCreate       tasks.o
    0x08013fcc   0x08013fcc   0x000000ba   Code   RO         7324    i.xTaskCreateStatic  tasks.o
    0x08014086   0x08014086   0x00000002   PAD
    0x08014088   0x08014088   0x00000148   Code   RO         7331    i.xTaskIncrementTick  tasks.o
    0x080141d0   0x080141d0   0x00000104   Code   RO         7337    i.xTaskResumeAll    tasks.o
    0x080142d4   0x080142d4   0x00000118   Data   RO         1666    .constdata          freertos.o
    0x080143ec   0x080143ec   0x00000008   Data   RO         3792    .constdata          stm32f4xx_hal_dma.o
    0x080143f4   0x080143f4   0x00000018   Data   RO         6778    .constdata          system_stm32f4xx.o
    0x0801440c   0x0801440c   0x00000090   Data   RO         9172    .constdata          quaternionekf.o
    0x0801449c   0x0801449c   0x00000030   Data   RO         9925    .constdata          ins_task.o
    0x080144cc   0x080144cc   0x00000302   Data   RO        10786    .constdata          crc8_crc16.o
    0x080147ce   0x080147ce   0x00000002   PAD
    0x080147d0   0x080147d0   0x00000804   Data   RO        11513    .constdata          arm_cortexM4lf_math.lib(arm_common_tables.o)
    0x08014fd4   0x08014fd4   0x00000004   PAD
    0x08014fd8   0x08014fd8   0x00000030   Data   RO        11711    .constdata          m_wm.l(cos_i.o)
    0x08015008   0x08015008   0x000000c8   Data   RO        11748    .constdata          m_wm.l(rred.o)
    0x080150d0   0x080150d0   0x00000028   Data   RO        11752    .constdata          m_wm.l(sin_i.o)
    0x080150f8   0x080150f8   0x0000007d   Data   RO         1667    .conststring        freertos.o
    0x08015175   0x08015175   0x00000003   PAD
    0x08015178   0x08015178   0x00000020   Data   RO        11799    Region$$Table       anon$$obj.o


    Execution Region RW_IRAM1 (Exec base: 0x20000000, Load base: 0x08015198, Size: 0x0000c458, Max: 0x0001c000, ABSOLUTE, COMPRESSED[0x00000200])

    Exec Addr    Load Addr    Size         Type   Attr      Idx    E Section Name        Object

    0x20000000   COMPRESSED   0x0000001b   Data   RW            8    .data               navigation.o
    0x2000001b   COMPRESSED   0x00000001   PAD
    0x2000001c   COMPRESSED   0x00000024   Data   RW          282    .data               gimbal_big_yaw.o
    0x20000040   COMPRESSED   0x00000008   Data   RW          553    .data               motor.o
    0x20000048   COMPRESSED   0x0000000c   Data   RW          624    .data               small_gimbal.o
    0x20000054   COMPRESSED   0x0000000c   Data   RW          723    .data               system.o
    0x20000060   COMPRESSED   0x00000001   Data   RW          855    .data               chassis_control.o
    0x20000061   COMPRESSED   0x00000003   PAD
    0x20000064   COMPRESSED   0x00000119   Data   RW         1071    .data               decision.o
    0x2000017d   COMPRESSED   0x00000003   PAD
    0x20000180   COMPRESSED   0x00000028   Data   RW         1668    .data               freertos.o
    0x200001a8   COMPRESSED   0x00000004   Data   RW         1766    .data               can.o
    0x200001ac   COMPRESSED   0x0000000a   Data   RW         2063    .data               stm32f4xx_it.o
    0x200001b6   COMPRESSED   0x00000002   PAD
    0x200001b8   COMPRESSED   0x0000004e   Data   RW         2332    .data               usbd_desc.o
    0x20000206   COMPRESSED   0x00000002   PAD
    0x20000208   COMPRESSED   0x00000014   Data   RW         2416    .data               usbd_cdc_if.o
    0x2000021c   COMPRESSED   0x00000009   Data   RW         4230    .data               stm32f4xx_hal.o
    0x20000225   COMPRESSED   0x00000003   PAD
    0x20000228   COMPRESSED   0x00000004   Data   RW         6779    .data               system_stm32f4xx.o
    0x2000022c   COMPRESSED   0x0000003c   Data   RW         7340    .data               tasks.o
    0x20000268   COMPRESSED   0x00000020   Data   RW         7993    .data               heap_4.o
    0x20000288   COMPRESSED   0x0000000c   Data   RW         8061    .data               port.o
    0x20000294   COMPRESSED   0x00000001   Data   RW         8308    .data               usbd_ctlreq.o
    0x20000295   COMPRESSED   0x00000003   PAD
    0x20000298   COMPRESSED   0x0000008a   Data   RW         8471    .data               usbd_cdc.o
    0x20000322   COMPRESSED   0x00000004   Data   RW         8570    .data               kalman_filter.o
    0x20000326   COMPRESSED   0x00000002   PAD
    0x20000328   COMPRESSED   0x00000018   Data   RW         8692    .data               user_lib.o
    0x20000340   COMPRESSED   0x00000048   Data   RW         8859    .data               bmi088driver.o
    0x20000388   COMPRESSED   0x00000004   Data   RW         8940    .data               bmi088middleware.o
    0x2000038c   COMPRESSED   0x00000270   Data   RW         9048    .data               controller.o
    0x200005fc   COMPRESSED   0x000000d4   Data   RW         9173    .data               quaternionekf.o
    0x200006d0   COMPRESSED   0x00000040   Data   RW         9465    .data               bsp_dwt.o
    0x20000710   COMPRESSED   0x0000000b   Data   RW         9627    .data               bsp_transmit.o
    0x2000071b   COMPRESSED   0x00000001   PAD
    0x2000071c   COMPRESSED   0x0000000b   Data   RW         9852    .data               can_receive.o
    0x20000727   COMPRESSED   0x00000001   PAD
    0x20000728   COMPRESSED   0x00000048   Data   RW         9926    .data               ins_task.o
    0x20000770   COMPRESSED   0x0000002c   Data   RW        10029    .data               can_transmit.o
    0x2000079c   COMPRESSED   0x00000036   Data   RW        10118    .data               remote_control.o
    0x200007d2   COMPRESSED   0x00000002   PAD
    0x200007d4   COMPRESSED   0x00000062   Data   RW        10564    .data               referee.o
    0x20000836   COMPRESSED   0x00000002   Data   RW        10730    .data               referee_usart_task.o
    0x20000838   COMPRESSED   0x00000002   Data   RW        10787    .data               crc8_crc16.o
    0x2000083a   COMPRESSED   0x00000002   PAD
    0x2000083c   COMPRESSED   0x0000001e   Data   RW        11055    .data               sentry_cmd.o
    0x2000085a   COMPRESSED   0x00000007   Data   RW        11126    .data               nautilus_ui.o
    0x20000861   COMPRESSED   0x00000003   PAD
    0x20000864   COMPRESSED   0x00000004   Data   RW        11779    .data               mc_w.l(mvars.o)
    0x20000868   COMPRESSED   0x00000004   Data   RW        11780    .data               mc_w.l(mvars.o)
    0x2000086c   COMPRESSED   0x00000004   Data   RW        11784    .data               mc_w.l(errno.o)
    0x20000870        -       0x0000013a   Zero   RW            7    .bss                navigation.o
    0x200009aa   COMPRESSED   0x00000002   PAD
    0x200009ac        -       0x00000150   Zero   RW          281    .bss                gimbal_big_yaw.o
    0x20000afc        -       0x000000a4   Zero   RW          722    .bss                system.o
    0x20000ba0        -       0x00000020   Zero   RW          854    .bss                chassis_control.o
    0x20000bc0        -       0x00000032   Zero   RW         1070    .bss                decision.o
    0x20000bf2   COMPRESSED   0x00000002   PAD
    0x20000bf4        -       0x00000254   Zero   RW         1665    .bss                freertos.o
    0x20000e48        -       0x00000050   Zero   RW         1765    .bss                can.o
    0x20000e98        -       0x00000020   Zero   RW         1840    .bss                rtc.o
    0x20000eb8        -       0x00000118   Zero   RW         1882    .bss                spi.o
    0x20000fd0        -       0x00000090   Zero   RW         1928    .bss                tim.o
    0x20001060        -       0x000002b8   Zero   RW         1992    .bss                usart.o
    0x20001318        -       0x00000048   Zero   RW         2225    .bss                stm32f4xx_hal_timebase_tim.o
    0x20001360        -       0x000002dc   Zero   RW         2262    .bss                usb_device.o
    0x2000163c        -       0x00000200   Zero   RW         2331    .bss                usbd_desc.o
    0x2000183c        -       0x00001000   Zero   RW         2415    .bss                usbd_cdc_if.o
    0x2000283c        -       0x00000704   Zero   RW         2501    .bss                usbd_conf.o
    0x20002f40        -       0x000000f0   Zero   RW         7339    .bss                tasks.o
    0x20003030        -       0x000042d0   Zero   RW         7992    .bss                heap_4.o
    0x20007300        -       0x00000040   Zero   RW         8858    .bss                bmi088driver.o
    0x20007340        -       0x00000270   Zero   RW         9171    .bss                quaternionekf.o
    0x200075b0        -       0x00000028   Zero   RW         9235    .bss                bsp_can.o
    0x200075d8        -       0x000000c8   Zero   RW         9626    .bss                bsp_transmit.o
    0x200076a0        -       0x00000070   Zero   RW         9851    .bss                can_receive.o
    0x20007710        -       0x0000014a   Zero   RW         9924    .bss                ins_task.o
    0x2000785a   COMPRESSED   0x00000002   PAD
    0x2000785c        -       0x000000a4   Zero   RW        10117    .bss                remote_control.o
    0x20007900        -       0x000001ad   Zero   RW        10563    .bss                referee.o
    0x20007aad   COMPRESSED   0x00000003   PAD
    0x20007ab0        -       0x000008a1   Zero   RW        10729    .bss                referee_usart_task.o
    0x20008351        -       0x000000ee   Zero   RW        11054    .bss                sentry_cmd.o
    0x2000843f        -       0x00000013   Zero   RW        11125    .bss                nautilus_ui.o
    0x20008452   COMPRESSED   0x00000006   PAD
    0x20008458        -       0x00002000   Zero   RW         1401    HEAP                startup_stm32f407xx.o
    0x2000a458        -       0x00002000   Zero   RW         1400    STACK               startup_stm32f407xx.o


    Execution Region RW_IRAM2 (Exec base: 0x2001c000, Load base: 0x08015398, Size: 0x00000000, Max: 0x00004000, ABSOLUTE)

    **** No section assigned to this execution region ****


==============================================================================

Image component sizes


      Code (inc. data)   RO Data    RW Data    ZI Data      Debug   Object Name

      2882        174          0         72         64      10393   bmi088driver.o
       116         30          0          4          0       3368   bmi088middleware.o
       104         14          0          0         40        794   bsp_can.o
       580        112          0         64          0       4646   bsp_dwt.o
       234          0          0          0          0       3602   bsp_pid.o
        58          0          0          0          0        906   bsp_pwm.o
       156         14          0          0          0     583934   bsp_rc.o
       924        124          0         11        200     586373   bsp_transmit.o
       312         26          0          0          0     584065   bsp_usart.o
       520         44          0          4         80       2514   can.o
       380         46          0         11        112       6458   can_receive.o
       522         30          0         44          0       4665   can_transmit.o
       388         68          0          1         32       5129   chassis_control.o
       142          0          0          0          0      23183   cmsis_os.o
      2252         38          0        624          0      13068   controller.o
       282         20        770          2          0       5054   crc8_crc16.o
      7226        748          0        281         50      38000   decision.o
       184          6          0          0          0        874   dma.o
         0          0          0          0          0      17040   event_groups.o
       258          0          0          0          0       9347   fifo.o
       316         56        405         40        596      34696   freertos.o
      1536        206          0         36        336      18227   gimbal_big_yaw.o
       604         28          0          0          0     725655   gpio.o
       724         74          0         32      17104       7527   heap_4.o
      2534        190         48         72        330      11229   ins_task.o
      3160         26          0          4          0      22355   kalman_filter.o
       148          0          0          0          0       3666   list.o
       308         14          0          0          0       3196   main.o
       198         36          0          8          0       2751   motor.o
       268         34          0          7         19       6336   nautilus_ui.o
       288         26          0         27        314     742258   navigation.o
       894         78          0         12          0      11260   port.o
      4156        234        144        212        624      10527   quaternionekf.o
      1228        286          0         98        429      13328   referee.o
       676         54          0          2       2209       3873   referee_usart_task.o
      1612         96          0         54        164     590698   remote_control.o
       116         22          0          0         32       1583   rtc.o
       828         74          0         30        238       6774   sentry_cmd.o
       180         30          0         12          0       7158   small_gimbal.o
       416         38          0          0        280       1979   spi.o
        36          8        392          0      16384        804   startup_stm32f407xx.o
       136         24          0          9          0       8802   stm32f4xx_hal.o
      2146          6          0          0          0      14003   stm32f4xx_hal_can.o
       260         22          0          0          0      33658   stm32f4xx_hal_cortex.o
      1442         16          8          0          0       7749   stm32f4xx_hal_dma.o
       542         50          0          0          0       3376   stm32f4xx_hal_gpio.o
        84          6          0          0          0        882   stm32f4xx_hal_msp.o
      3560         16          0          0          0      13964   stm32f4xx_hal_pcd.o
        90          0          0          0          0       2481   stm32f4xx_hal_pcd_ex.o
      1888         94          0          0          0       6365   stm32f4xx_hal_rcc.o
       416         20          0          0          0       1432   stm32f4xx_hal_rcc_ex.o
       356          8          0          0          0       3347   stm32f4xx_hal_rtc.o
      1128         14          0          0          0       4765   stm32f4xx_hal_spi.o
      1978        142          0          0          0      12418   stm32f4xx_hal_tim.o
       300         30          0          0          0       3409   stm32f4xx_hal_tim_ex.o
       180         18          0          0         72       1499   stm32f4xx_hal_timebase_tim.o
      2954         40          0          0          0      18668   stm32f4xx_hal_uart.o
       430         94          0         10          0      12221   stm32f4xx_it.o
      3882         82          0          0          0      23184   stm32f4xx_ll_usb.o
         0          0          0          0          0        456   stream_buffer.o
      1976        206          0         12        164      13400   system.o
        20          6         24          4          0       1163   system_stm32f4xx.o
      2158        270          0         60        240      20677   tasks.o
       580         54          0          0        144       3757   tim.o
      1048        102          0          0        696       3707   usart.o
        76         16          0          0        732       6608   usb_device.o
      1782         54          0        138          0      14477   usbd_cdc.o
       220         28          0         20       4096       4392   usbd_cdc_if.o
      1004         24          0          0       1796      17948   usbd_conf.o
      1354          0          0          0          0      16813   usbd_core.o
      2342         30          0          1          0      18044   usbd_ctlreq.o
       386        122          0         78        512       7017   usbd_desc.o
       174          0          0          0          0       4796   usbd_ioreq.o
       790         26          0         24          0       7063   user_lib.o

    ----------------------------------------------------------------------
     73502       4724       1828       2148      48104    4441834   Object Totals
         0          0         32          0          0          0   (incl. Generated)
        74          0          5         28         15          0   (incl. Padding)

    ----------------------------------------------------------------------

      Code (inc. data)   RO Data    RW Data    ZI Data      Debug   Library Member Name

         0          0       2052          0          0       4704   arm_common_tables.o
       120         12          0          0          0      17170   arm_cos_f32.o
       264          0          0          0          0       1826   arm_mat_add_f32.o
         8          0          0          0          0        999   arm_mat_init_f32.o
      1328          4          0          0          0       4782   arm_mat_inverse_f32.o
       316          4          0          0          0       2375   arm_mat_mult_f32.o
       264          0          0          0          0       1826   arm_mat_sub_f32.o
       276          0          0          0          0       2240   arm_mat_trans_f32.o
       148         18          0          0          0        814   arm_sin_f32.o
       280         46          0          0          0        176   acosf.o
       300         42          0          0          0        176   asinf.o
       684         90          0          0          0        208   atan2f.o
       200         20          0          0          0        164   cos.o
       368         46         48          0          0        200   cos_i.o
        84         16          0          0          0        372   dunder.o
        44          0          0          0          0        248   fabs.o
        48          0          0          0          0        124   fpclassify.o
        38          0          0          0          0        116   fpclassifyf.o
        44         12          0          0          0        464   funder.o
       248          0          0          0          0        152   poly.o
      1080        142        200          0          0        188   rred.o
       200         20          0          0          0        164   sin.o
       304         24         40          0          0        208   sin_i.o
       120          0          0          0          0        272   sqrtf_full.o
        86          0          0          0          0          0   __dczerorl2.o
         0          0          0          0          0          0   entry.o
         0          0          0          0          0          0   entry10a.o
         0          0          0          0          0          0   entry11a.o
         4          0          0          0          0          0   entry12b.o
         8          4          0          0          0          0   entry2.o
         4          0          0          0          0          0   entry5.o
         0          0          0          0          0          0   entry7b.o
         0          0          0          0          0          0   entry8b.o
         8          4          0          0          0          0   entry9a.o
        12          6          0          4          0         68   errno.o
        30          0          0          0          0          0   handlers.o
        36          8          0          0          0         68   init.o
         0          0          0          0          0          0   iusefp.o
        30          0          0          0          0         68   llshl.o
        36          0          0          0          0         68   llsshr.o
        32          0          0          0          0         68   llushr.o
       108         16          0          0          0         84   malloc.o
        36          0          0          0          0         68   memcpya.o
        36          0          0          0          0        108   memseta.o
         0          0          0          8          0          0   mvars.o
        98          0          0          0          0         92   uldiv.o
        48          0          0          0          0         68   cdcmple.o
        48          0          0          0          0         68   cdrcmple.o
        56          0          0          0          0         88   d2f.o
       334          0          0          0          0        148   dadd.o
       222          0          0          0          0        100   ddiv.o
       186          0          0          0          0        176   depilogue.o
        62          0          0          0          0         80   dfixi.o
        34          0          0          0          0         76   dflti.o
        26          0          0          0          0         76   dfltui.o
       228          0          0          0          0         96   dmul.o
        38          0          0          0          0         68   f2d.o
       110          0          0          0          0        168   fepilogue.o

    ----------------------------------------------------------------------
      8750        538       2344         12          0      41872   Library Totals
        28          4          4          0          0          0   (incl. Padding)

    ----------------------------------------------------------------------

      Code (inc. data)   RO Data    RW Data    ZI Data      Debug   Library Name

      2724         38       2052          0          0      36736   arm_cortexM4lf_math.lib
      4042        458        288          0          0       3232   m_wm.l
       564         38          0         12          0        692   mc_w.l
      1392          0          0          0          0       1212   mf_w.l

    ----------------------------------------------------------------------
      8750        538       2344         12          0      41872   Library Totals

    ----------------------------------------------------------------------

==============================================================================


      Code (inc. data)   RO Data    RW Data    ZI Data      Debug   

     82252       5262       4172       2160      48104    4429254   Grand Totals
     82252       5262       4172        512      48104    4429254   ELF Image Totals (compressed)
     82252       5262       4172        512          0          0   ROM Totals

==============================================================================

    Total RO  Size (Code + RO Data)                86424 (  84.40kB)
    Total RW  Size (RW Data + ZI Data)             50264 (  49.09kB)
    Total ROM Size (Code + RO Data + RW Data)      86936 (  84.90kB)

==============================================================================

